
 Start         Length     Name                   Class
 0001:00000000 0007096CH .text                   CODE
 0002:00000000 00001188H .data                   DATA
 0002:00001188 000002DDH .bss                    BSS


Detailed map of segments

 0001:00000000 000003A6 C=CODE     S=.text    G=(none)   M=System   ACBP=A9
 0001:000003A8 000001EC C=CODE     S=.text    G=(none)   M=SysInit  ACBP=A9
 0001:00000594 00000138 C=CODE     S=.text    G=(none)   M=Windows  ACBP=A9
 0001:000006CC 0000000E C=CODE     S=.text    G=(none)   M=Types    ACBP=A9
 0001:000006DC 00000038 C=CODE     S=.text    G=(none)   M=Messages ACBP=A9
 0001:00000714 00000286 C=CODE     S=.text    G=(none)   M=SysUtils ACBP=A9
 0001:0000099C 0000000E C=CODE     S=.text    G=(none)   M=SysConst ACBP=A9
 0001:000009AC 000002AE C=CODE     S=.text    G=(none)   M=Classes  ACBP=A9
 0001:00000C5C 0000001E C=CODE     S=.text    G=(none)   M=ActiveX  ACBP=A9
 0001:00000C7C 00000046 C=CODE     S=.text    G=(none)   M=TypInfo  ACBP=A9
 0001:00000CC4 0000000E C=CODE     S=.text    G=(none)   M=Variants ACBP=A9
 0001:00000CD4 0000000E C=CODE     S=.text    G=(none)   M=VarUtils ACBP=A9
 0001:00000CE4 0000000E C=CODE     S=.text    G=(none)   M=RTLConsts ACBP=A9
 0001:00000CF4 00000086 C=CODE     S=.text    G=(none)   M=Graphics ACBP=A9
 0001:00000D7C 0000000E C=CODE     S=.text    G=(none)   M=Consts   ACBP=A9
 0001:00000D8C 000001E6 C=CODE     S=.text    G=(none)   M=Controls ACBP=A9
 0001:00000F74 0000002E C=CODE     S=.text    G=(none)   M=ActnList ACBP=A9
 0001:00000FA4 0000002E C=CODE     S=.text    G=(none)   M=Contnrs  ACBP=A9
 0001:00000FD4 0000000E C=CODE     S=.text    G=(none)   M=Math     ACBP=A9
 0001:00000FE4 0000001E C=CODE     S=.text    G=(none)   M=ImgList  ACBP=A9
 0001:00001004 00000038 C=CODE     S=.text    G=(none)   M=CommCtrl ACBP=A9
 0001:0000103C 00000186 C=CODE     S=.text    G=(none)   M=Forms    ACBP=A9
 0001:000011C4 0000000E C=CODE     S=.text    G=(none)   M=HelpIntfs ACBP=A9
 0001:000011D4 0000000E C=CODE     S=.text    G=(none)   M=MultiMon ACBP=A9
 0001:000011E4 00000038 C=CODE     S=.text    G=(none)   M=Imm      ACBP=A9
 0001:0000121C 00000056 C=CODE     S=.text    G=(none)   M=Menus    ACBP=A9
 0001:00001274 0000000E C=CODE     S=.text    G=(none)   M=WinHelpViewer ACBP=A9
 0001:00001284 0000000E C=CODE     S=.text    G=(none)   M=StdActns ACBP=A9
 0001:00001294 00000046 C=CODE     S=.text    G=(none)   M=Dialogs  ACBP=A9
 0001:000012DC 00000038 C=CODE     S=.text    G=(none)   M=ShlObj   ACBP=A9
 0001:00001314 00000038 C=CODE     S=.text    G=(none)   M=UrlMon   ACBP=A9
 0001:0000134C 00000038 C=CODE     S=.text    G=(none)   M=WinInet  ACBP=A9
 0001:00001384 00000038 C=CODE     S=.text    G=(none)   M=RegStr   ACBP=A9
 0001:000013BC 00000038 C=CODE     S=.text    G=(none)   M=ShellAPI ACBP=A9
 0001:000013F4 0000000E C=CODE     S=.text    G=(none)   M=Printers ACBP=A9
 0001:00001404 00000038 C=CODE     S=.text    G=(none)   M=WinSpool ACBP=A9
 0001:0000143C 00000026 C=CODE     S=.text    G=(none)   M=StdCtrls ACBP=A9
 0001:00001464 00000038 C=CODE     S=.text    G=(none)   M=CommDlg  ACBP=A9
 0001:0000149C 00000038 C=CODE     S=.text    G=(none)   M=Dlgs     ACBP=A9
 0001:000014D4 0000001E C=CODE     S=.text    G=(none)   M=ExtCtrls ACBP=A9
 0001:000014F4 0000000E C=CODE     S=.text    G=(none)   M=StrUtils ACBP=A9
 0001:00001504 0000000E C=CODE     S=.text    G=(none)   M=Clipbrd  ACBP=A9
 0001:00001514 0000000E C=CODE     S=.text    G=(none)   M=FlatSB   ACBP=A9
 0001:00001524 0000000E C=CODE     S=.text    G=(none)   M=Buttons  ACBP=A9
 0001:00001534 00000026 C=CODE     S=.text    G=(none)   M=ListScrl ACBP=A9
 0001:0000155C 00000016 C=CODE     S=.text    G=(none)   M=jpeg     ACBP=A9
 0001:00001574 0000000E C=CODE     S=.text    G=(none)   M=JConsts  ACBP=A9
 0001:00001584 0000000E C=CODE     S=.text    G=(none)   M=ShareMem ACBP=A9
 0001:00001594 0000000E C=CODE     S=.text    G=(none)   M=AppConst ACBP=A9
 0001:000015A4 000000A6 C=CODE     S=.text    G=(none)   M=UIUtils  ACBP=A9
 0001:0000164C 0000004E C=CODE     S=.text    G=(none)   M=VerInf   ACBP=A9
 0001:0000169C 0000003E C=CODE     S=.text    G=(none)   M=OptIntf  ACBP=A9
 0001:000016DC 0000002E C=CODE     S=.text    G=(none)   M=IDEHistoryManager ACBP=A9
 0001:0000170C 00000016 C=CODE     S=.text    G=(none)   M=IDERegIniPropSet ACBP=A9
 0001:00001724 0000002E C=CODE     S=.text    G=(none)   M=IniFiles ACBP=A9
 0001:00001754 0000008E C=CODE     S=.text    G=(none)   M=Registry ACBP=A9
 0001:000017E4 00000036 C=CODE     S=.text    G=(none)   M=IDEPropSet ACBP=A9
 0001:0000181C 0000000E C=CODE     S=.text    G=(none)   M=IDEConst ACBP=A9
 0001:0000182C 0000001E C=CODE     S=.text    G=(none)   M=Mask     ACBP=A9
 0001:0000184C 0000000E C=CODE     S=.text    G=(none)   M=MaskUtils ACBP=A9
 0001:0000185C 0000006E C=CODE     S=.text    G=(none)   M=PackageList ACBP=A9
 0001:000018CC 0000000E C=CODE     S=.text    G=(none)   M=ComTypes ACBP=A9
 0001:000018DC 0000000E C=CODE     S=.text    G=(none)   M=DbkHelper ACBP=A9
 0001:000018EC 0000000E C=CODE     S=.text    G=(none)   M=dbk_tlb  ACBP=A9
 0001:000018FC 0000000E C=CODE     S=.text    G=(none)   M=StdVCL   ACBP=A9
 0001:0000190C 0000000E C=CODE     S=.text    G=(none)   M=OleCtrls ACBP=A9
 0001:0000191C 0000000E C=CODE     S=.text    G=(none)   M=AxCtrls  ACBP=A9
 0001:0000192C 00000016 C=CODE     S=.text    G=(none)   M=ComObj   ACBP=A9
 0001:00001944 0000000E C=CODE     S=.text    G=(none)   M=ComConst ACBP=A9
 0001:00001954 0000000E C=CODE     S=.text    G=(none)   M=OleConst ACBP=A9
 0001:00001964 00000016 C=CODE     S=.text    G=(none)   M=ResUtils ACBP=A9
 0001:0000197C 00000016 C=CODE     S=.text    G=(none)   M=Events   ACBP=A9
 0001:00001994 0000004E C=CODE     S=.text    G=(none)   M=ComCtrls ACBP=A9
 0001:000019E4 0000000E C=CODE     S=.text    G=(none)   M=ListActns ACBP=A9
 0001:000019F4 0000000E C=CODE     S=.text    G=(none)   M=ToolWin  ACBP=A9
 0001:00001A04 00000038 C=CODE     S=.text    G=(none)   M=RichEdit ACBP=A9
 0001:00001A3C 0000000E C=CODE     S=.text    G=(none)   M=ExtActns ACBP=A9
 0001:00001A4C 0000000E C=CODE     S=.text    G=(none)   M=ExtDlgs  ACBP=A9
 0001:00001A5C 0000000E C=CODE     S=.text    G=(none)   M=Mapi     ACBP=A9
 0001:00001A6C 0000000E C=CODE     S=.text    G=(none)   M=ComStrs  ACBP=A9
 0001:00001A7C 00000016 C=CODE     S=.text    G=(none)   M=Grids    ACBP=A9
 0001:00001A94 0000000E C=CODE     S=.text    G=(none)   M=IDEVersionInfo ACBP=A9
 0001:00001AA4 0000002E C=CODE     S=.text    G=(none)   M=AppStrs  ACBP=A9
 0001:00001AD4 0000000E C=CODE     S=.text    G=(none)   M=RegistryEx ACBP=A9
 0001:00001AE4 0000001E C=CODE     S=.text    G=(none)   M=FileCtrl ACBP=A9
 0001:00001B04 00000016 C=CODE     S=.text    G=(none)   M=EnvVariableFrame ACBP=A9
 0001:00001B1C 0000000E C=CODE     S=.text    G=(none)   M=EnvVariableEntry ACBP=A9
 0001:00001B2C 00000040 C=CODE     S=.text    G=(none)   M=MMSystem ACBP=A9
 0001:00001B6C 0000223C C=CODE     S=.text    G=(none)   M=CppAbout ACBP=A9
 0001:00003DA8 0000000E C=CODE     S=.text    G=(none)   M=IDEIntf  ACBP=A9
 0001:00003DB8 00000026 C=CODE     S=.text    G=(none)   M=ToolsAPI ACBP=A9
 0001:00003DE0 0000000E C=CODE     S=.text    G=(none)   M=DesignIntf ACBP=A9
 0001:00003DF0 0000000E C=CODE     S=.text    G=(none)   M=DesignMenus ACBP=A9
 0001:00003E00 0000000E C=CODE     S=.text    G=(none)   M=ExptIntf ACBP=A9
 0001:00003E10 0000000E C=CODE     S=.text    G=(none)   M=ToolIntf ACBP=A9
 0001:00003E20 0000000E C=CODE     S=.text    G=(none)   M=FileIntf ACBP=A9
 0001:00003E30 0000000E C=CODE     S=.text    G=(none)   M=VirtIntf ACBP=A9
 0001:00003E40 0000000E C=CODE     S=.text    G=(none)   M=EditIntf ACBP=A9
 0001:00003E50 00000026 C=CODE     S=.text    G=(none)   M=Debug    ACBP=A9
 0001:00003E78 0000000E C=CODE     S=.text    G=(none)   M=IDEMessages ACBP=A9
 0001:00003E88 00000026 C=CODE     S=.text    G=(none)   M=IDEServices ACBP=A9
 0001:00003EB0 0000000E C=CODE     S=.text    G=(none)   M=ToolUtils ACBP=A9
 0001:00003EC0 000001A6 C=CODE     S=.text    G=(none)   M=CodeMgr  ACBP=A9
 0001:00004068 0000000E C=CODE     S=.text    G=(none)   M=IDEModel ACBP=A9
 0001:00004078 0000000E C=CODE     S=.text    G=(none)   M=IDEEvent ACBP=A9
 0001:00004088 0000000E C=CODE     S=.text    G=(none)   M=IDEUtil  ACBP=A9
 0001:00004098 000001C6 C=CODE     S=.text    G=(none)   M=Containers ACBP=A9
 0001:00004260 0000002E C=CODE     S=.text    G=(none)   M=MakeObjs ACBP=A9
 0001:00004290 0000000E C=CODE     S=.text    G=(none)   M=ProjectMgr ACBP=A9
 0001:000042A0 0000000E C=CODE     S=.text    G=(none)   M=IDEControl ACBP=A9
 0001:000042B0 0000000E C=CODE     S=.text    G=(none)   M=IDEPeer  ACBP=A9
 0001:000042C0 0000000E C=CODE     S=.text    G=(none)   M=IDEItem  ACBP=A9
 0001:000042D0 0000000E C=CODE     S=.text    G=(none)   M=IDEUIEvent ACBP=A9
 0001:000042E0 0000000E C=CODE     S=.text    G=(none)   M=IDEFixups ACBP=A9
 0001:000042F0 0000000E C=CODE     S=.text    G=(none)   M=IDEMulticast ACBP=A9
 0001:00004300 0000000E C=CODE     S=.text    G=(none)   M=IDEViewImpl ACBP=A9
 0001:00004310 0000000E C=CODE     S=.text    G=(none)   M=IDEUtil2 ACBP=A9
 0001:00004320 0000000E C=CODE     S=.text    G=(none)   M=IDESubfocus ACBP=A9
 0001:00004330 0000000E C=CODE     S=.text    G=(none)   M=IDESelection ACBP=A9
 0001:00004340 0000000E C=CODE     S=.text    G=(none)   M=IDEModelEvent ACBP=A9
 0001:00004350 0000000E C=CODE     S=.text    G=(none)   M=IDEViewManager ACBP=A9
 0001:00004360 0000000E C=CODE     S=.text    G=(none)   M=IDEView  ACBP=A9
 0001:00004370 0000000E C=CODE     S=.text    G=(none)   M=IDEItemEditors ACBP=A9
 0001:00004380 0000000E C=CODE     S=.text    G=(none)   M=IDEItemPainters ACBP=A9
 0001:00004390 0000000E C=CODE     S=.text    G=(none)   M=IDEGraphImpl ACBP=A9
 0001:000043A0 0000000E C=CODE     S=.text    G=(none)   M=IDEJgl   ACBP=A9
 0001:000043B0 0000000E C=CODE     S=.text    G=(none)   M=IDESelectionImpl ACBP=A9
 0001:000043C0 0000000E C=CODE     S=.text    G=(none)   M=IDESubfocusImpl ACBP=A9
 0001:000043D0 0000000E C=CODE     S=.text    G=(none)   M=IDEModelImpl ACBP=A9
 0001:000043E0 0000000E C=CODE     S=.text    G=(none)   M=IDEVectorImpl ACBP=A9
 0001:000043F0 0000000E C=CODE     S=.text    G=(none)   M=IDESingletonImpl ACBP=A9
 0001:00004400 0000000E C=CODE     S=.text    G=(none)   M=IDEViewManagerImpl ACBP=A9
 0001:00004410 00000136 C=CODE     S=.text    G=(none)   M=Modules  ACBP=A9
 0001:00004548 0000001E C=CODE     S=.text    G=(none)   M=ComponentDesigner ACBP=A9
 0001:00004568 0000000E C=CODE     S=.text    G=(none)   M=Update   ACBP=A9
 0001:00004578 0000000E C=CODE     S=.text    G=(none)   M=LibConst ACBP=A9
 0001:00004588 0000000E C=CODE     S=.text    G=(none)   M=DesignEditors ACBP=A9
 0001:00004598 0000000E C=CODE     S=.text    G=(none)   M=Proxies  ACBP=A9
 0001:000045A8 0000000E C=CODE     S=.text    G=(none)   M=DesignConst ACBP=A9
 0001:000045B8 0000000E C=CODE     S=.text    G=(none)   M=Designer ACBP=A9
 0001:000045C8 0000000E C=CODE     S=.text    G=(none)   M=TopLevels ACBP=A9
 0001:000045D8 0000000E C=CODE     S=.text    G=(none)   M=StFilSys ACBP=A9
 0001:000045E8 0000000E C=CODE     S=.text    G=(none)   M=IStreams ACBP=A9
 0001:000045F8 0000000E C=CODE     S=.text    G=(none)   M=TreeIntf ACBP=A9
 0001:00004608 0000000E C=CODE     S=.text    G=(none)   M=EditorViewSupport ACBP=A9
 0001:00004618 0000000E C=CODE     S=.text    G=(none)   M=CompIntf ACBP=A9
 0001:00004628 0000000E C=CODE     S=.text    G=(none)   M=ExplorerIntf ACBP=A9
 0001:00004638 00000126 C=CODE     S=.text    G=(none)   M=Updaters ACBP=A9
 0001:00004760 00000066 C=CODE     S=.text    G=(none)   M=Symbols  ACBP=A9
 0001:000047C8 0000000E C=CODE     S=.text    G=(none)   M=Context  ACBP=A9
 0001:000047D8 0000000E C=CODE     S=.text    G=(none)   M=ProjectIntf ACBP=A9
 0001:000047E8 00000066 C=CODE     S=.text    G=(none)   M=ComInOut ACBP=A9
 0001:00004850 0000000E C=CODE     S=.text    G=(none)   M=SyncObjs ACBP=A9
 0001:00004860 0000000E C=CODE     S=.text    G=(none)   M=ComMgr   ACBP=A9
 0001:00004870 0000001E C=CODE     S=.text    G=(none)   M=TypeLib  ACBP=A9
 0001:00004890 0000000E C=CODE     S=.text    G=(none)   M=tlberror ACBP=A9
 0001:000048A0 0000000E C=CODE     S=.text    G=(none)   M=TlbConst ACBP=A9
 0001:000048B0 0000000E C=CODE     S=.text    G=(none)   M=regutl   ACBP=A9
 0001:000048C0 0000000E C=CODE     S=.text    G=(none)   M=TlbHash  ACBP=A9
 0001:000048D0 0000000E C=CODE     S=.text    G=(none)   M=tlbdebug ACBP=A9
 0001:000048E0 0000000E C=CODE     S=.text    G=(none)   M=guidutl  ACBP=A9
 0001:000048F0 0000000E C=CODE     S=.text    G=(none)   M=ComPlusUtl ACBP=A9
 0001:00004900 0000000E C=CODE     S=.text    G=(none)   M=DTLWrite ACBP=A9
 0001:00004910 0000000E C=CODE     S=.text    G=(none)   M=TlbWrite ACBP=A9
 0001:00004920 0000000E C=CODE     S=.text    G=(none)   M=TlbUtils ACBP=A9
 0001:00004930 0000002E C=CODE     S=.text    G=(none)   M=AgeCache ACBP=A9
 0001:00004960 00000056 C=CODE     S=.text    G=(none)   M=StatIntf ACBP=A9
 0001:000049B8 0000007E C=CODE     S=.text    G=(none)   M=Creators ACBP=A9
 0001:00004A38 0000002E C=CODE     S=.text    G=(none)   M=PakLoad  ACBP=A9
 0001:00004A68 00000016 C=CODE     S=.text    G=(none)   M=VEdOpts  ACBP=A9
 0001:00004A80 0000000E C=CODE     S=.text    G=(none)   M=EK       ACBP=A9
 0001:00004A90 00000016 C=CODE     S=.text    G=(none)   M=EdKrnl   ACBP=A9
 0001:00004AA8 0000000E C=CODE     S=.text    G=(none)   M=VEdTypes ACBP=A9
 0001:00004AB8 0000000E C=CODE     S=.text    G=(none)   M=IDEKbd   ACBP=A9
 0001:00004AC8 00000016 C=CODE     S=.text    G=(none)   M=KbClient ACBP=A9
 0001:00004AE0 0000004E C=CODE     S=.text    G=(none)   M=MsgLines ACBP=A9
 0001:00004B30 0000000E C=CODE     S=.text    G=(none)   M=MsgLinesIntf ACBP=A9
 0001:00004B40 0000000E C=CODE     S=.text    G=(none)   M=MsgViewForm ACBP=A9
 0001:00004B50 0000006E C=CODE     S=.text    G=(none)   M=DeskForm ACBP=A9
 0001:00004BC0 0000000E C=CODE     S=.text    G=(none)   M=DeskStrs ACBP=A9
 0001:00004BD0 0000000E C=CODE     S=.text    G=(none)   M=Tabs     ACBP=A9
 0001:00004BE0 0000000E C=CODE     S=.text    G=(none)   M=MsgView  ACBP=A9
 0001:00004BF0 0000000E C=CODE     S=.text    G=(none)   M=AppUtils ACBP=A9
 0001:00004C00 0000007E C=CODE     S=.text    G=(none)   M=Editors  ACBP=A9
 0001:00004C80 0000000E C=CODE     S=.text    G=(none)   M=IDEMenuAction ACBP=A9
 0001:00004C90 0000000E C=CODE     S=.text    G=(none)   M=IDEDockPanel ACBP=A9
 0001:00004CA0 0000000E C=CODE     S=.text    G=(none)   M=TabDock  ACBP=A9
 0001:00004CB0 0000000E C=CODE     S=.text    G=(none)   M=DockForm ACBP=A9
 0001:00004CC0 00000016 C=CODE     S=.text    G=(none)   M=DeskUtil ACBP=A9
 0001:00004CD8 0000000E C=CODE     S=.text    G=(none)   M=IDEDockCtrls ACBP=A9
 0001:00004CE8 0000000E C=CODE     S=.text    G=(none)   M=BaseDock ACBP=A9
 0001:00004CF8 0000000E C=CODE     S=.text    G=(none)   M=JoinDock ACBP=A9
 0001:00004D08 0000000E C=CODE     S=.text    G=(none)   M=IDETabControl ACBP=A9
 0001:00004D18 0000000E C=CODE     S=.text    G=(none)   M=BaseEnvironDialog ACBP=A9
 0001:00004D28 00000066 C=CODE     S=.text    G=(none)   M=IDEPropSheet ACBP=A9
 0001:00004D90 0000000E C=CODE     S=.text    G=(none)   M=BaseModExplorerForm ACBP=A9
 0001:00004DA0 00000016 C=CODE     S=.text    G=(none)   M=EnvOptions ACBP=A9
 0001:00004DB8 0000000E C=CODE     S=.text    G=(none)   M=AddInEnvOptions ACBP=A9
 0001:00004DC8 00000026 C=CODE     S=.text    G=(none)   M=PakUtil  ACBP=A9
 0001:00004DF0 0000003E C=CODE     S=.text    G=(none)   M=DocModul ACBP=A9
 0001:00004E30 0000000E C=CODE     S=.text    G=(none)   M=VirtFile ACBP=A9
 0001:00004E40 00000016 C=CODE     S=.text    G=(none)   M=ToolMain ACBP=A9
 0001:00004E58 0000009E C=CODE     S=.text    G=(none)   M=Gallery  ACBP=A9
 0001:00004EF8 0000000E C=CODE     S=.text    G=(none)   M=CmdConst ACBP=A9
 0001:00004F08 0000000E C=CODE     S=.text    G=(none)   M=EdTrackr ACBP=A9
 0001:00004F18 0000000E C=CODE     S=.text    G=(none)   M=EdProcs  ACBP=A9
 0001:00004F28 0000000E C=CODE     S=.text    G=(none)   M=EdToken  ACBP=A9
 0001:00004F38 0000000E C=CODE     S=.text    G=(none)   M=MsgWnds  ACBP=A9
 0001:00004F48 0000000E C=CODE     S=.text    G=(none)   M=FileFind ACBP=A9
 0001:00004F58 0000000E C=CODE     S=.text    G=(none)   M=DebugOpts ACBP=A9
 0001:00004F68 0000000E C=CODE     S=.text    G=(none)   M=ExprDlg  ACBP=A9
 0001:00004F78 0000001E C=CODE     S=.text    G=(none)   M=IDEPropCtrls ACBP=A9
 0001:00004F98 0000000E C=CODE     S=.text    G=(none)   M=ColorGrd ACBP=A9
 0001:00004FA8 0000000E C=CODE     S=.text    G=(none)   M=EvalMod  ACBP=A9
 0001:00004FB8 0000000E C=CODE     S=.text    G=(none)   M=DockToolForm ACBP=A9
 0001:00004FC8 0000000E C=CODE     S=.text    G=(none)   M=IDECommandButton ACBP=A9
 0001:00004FD8 0000000E C=CODE     S=.text    G=(none)   M=DebugFindFile ACBP=A9
 0001:00004FE8 0000000E C=CODE     S=.text    G=(none)   M=DataBPModify ACBP=A9
 0001:00004FF8 0000000E C=CODE     S=.text    G=(none)   M=DataBPAdd ACBP=A9
 0001:00005008 0000000E C=CODE     S=.text    G=(none)   M=AdrBPAdd ACBP=A9
 0001:00005018 0000001E C=CODE     S=.text    G=(none)   M=Verify   ACBP=A9
 0001:00005038 0000001E C=CODE     S=.text    G=(none)   M=ComDebug ACBP=A9
 0001:00005058 0000000E C=CODE     S=.text    G=(none)   M=BPModify ACBP=A9
 0001:00005068 0000000E C=CODE     S=.text    G=(none)   M=BPAdd    ACBP=A9
 0001:00005078 0000000E C=CODE     S=.text    G=(none)   M=AdrBPModify ACBP=A9
 0001:00005088 00000016 C=CODE     S=.text    G=(none)   M=GetAddr  ACBP=A9
 0001:000050A0 0000000E C=CODE     S=.text    G=(none)   M=DisView  ACBP=A9
 0001:000050B0 0000001E C=CODE     S=.text    G=(none)   M=PkgProjects ACBP=A9
 0001:000050D0 00000036 C=CODE     S=.text    G=(none)   M=Desktop  ACBP=A9
 0001:00005108 0000000E C=CODE     S=.text    G=(none)   M=ProjectFrm ACBP=A9
 0001:00005118 0000000E C=CODE     S=.text    G=(none)   M=TreeSearch ACBP=A9
 0001:00005128 0000000E C=CODE     S=.text    G=(none)   M=PkgEditors ACBP=A9
 0001:00005138 0000006E C=CODE     S=.text    G=(none)   M=PkgContainers ACBP=A9
 0001:000051A8 00000026 C=CODE     S=.text    G=(none)   M=CompHelp ACBP=A9
 0001:000051D0 0000000E C=CODE     S=.text    G=(none)   M=WinHelpTester ACBP=A9
 0001:000051E0 0000000E C=CODE     S=.text    G=(none)   M=HelpList ACBP=A9
 0001:000051F0 0000000E C=CODE     S=.text    G=(none)   M=PrintSel ACBP=A9
 0001:00005200 0000000E C=CODE     S=.text    G=(none)   M=HelpSelector ACBP=A9
 0001:00005210 00000016 C=CODE     S=.text    G=(none)   M=ComPrgrs ACBP=A9
 0001:00005228 0000013E C=CODE     S=.text    G=(none)   M=Compiler ACBP=A9
 0001:00005368 00000076 C=CODE     S=.text    G=(none)   M=PackageState ACBP=A9
 0001:000053E0 00000046 C=CODE     S=.text    G=(none)   M=PakMgr   ACBP=A9
 0001:00005428 0000000E C=CODE     S=.text    G=(none)   M=ExpertReg ACBP=A9
 0001:00005438 0000000E C=CODE     S=.text    G=(none)   M=CompList ACBP=A9
 0001:00005448 00000016 C=CODE     S=.text    G=(none)   M=PalMgr   ACBP=A9
 0001:00005460 00000016 C=CODE     S=.text    G=(none)   M=ViewDlg  ACBP=A9
 0001:00005478 0000000E C=CODE     S=.text    G=(none)   M=Palettes ACBP=A9
 0001:00005488 0000000E C=CODE     S=.text    G=(none)   M=PakWarn  ACBP=A9
 0001:00005498 0000000E C=CODE     S=.text    G=(none)   M=AddRequires ACBP=A9
 0001:000054A8 0000000E C=CODE     S=.text    G=(none)   M=AddContainsRequiresBase ACBP=A9
 0001:000054B8 00000026 C=CODE     S=.text    G=(none)   M=PackageAddBase ACBP=A9
 0001:000054E0 0000000E C=CODE     S=.text    G=(none)   M=AddContains ACBP=A9
 0001:000054F0 0000000E C=CODE     S=.text    G=(none)   M=AddContainsRequires ACBP=A9
 0001:00005500 00000016 C=CODE     S=.text    G=(none)   M=PakAnaly ACBP=A9
 0001:00005518 0000003E C=CODE     S=.text    G=(none)   M=PakList  ACBP=A9
 0001:00005558 0000001E C=CODE     S=.text    G=(none)   M=CheckLst ACBP=A9
 0001:00005578 0000000E C=CODE     S=.text    G=(none)   M=PakRemRu ACBP=A9
 0001:00005588 0000000E C=CODE     S=.text    G=(none)   M=InstColl ACBP=A9
 0001:00005598 0000000E C=CODE     S=.text    G=(none)   M=Archiver ACBP=A9
 0001:000055A8 0000000E C=CODE     S=.text    G=(none)   M=ZLib     ACBP=A9
 0001:000055B8 0000000E C=CODE     S=.text    G=(none)   M=ZLibConst ACBP=A9
 0001:000055C8 0000000E C=CODE     S=.text    G=(none)   M=PCEGlobs ACBP=A9
 0001:000055D8 0000000E C=CODE     S=.text    G=(none)   M=PakCust  ACBP=A9
 0001:000055E8 0000000E C=CODE     S=.text    G=(none)   M=PkgDir   ACBP=A9
 0001:000055F8 0000000E C=CODE     S=.text    G=(none)   M=PakComp  ACBP=A9
 0001:00005608 0000000E C=CODE     S=.text    G=(none)   M=FileHist ACBP=A9
 0001:00005618 0000000E C=CODE     S=.text    G=(none)   M=ProjectItem ACBP=A9
 0001:00005628 0000000E C=CODE     S=.text    G=(none)   M=PrefOptDlg ACBP=A9
 0001:00005638 0000000E C=CODE     S=.text    G=(none)   M=ReposCfg ACBP=A9
 0001:00005648 0000000E C=CODE     S=.text    G=(none)   M=EditTpl  ACBP=A9
 0001:00005658 0000000E C=CODE     S=.text    G=(none)   M=Template ACBP=A9
 0001:00005668 0000000E C=CODE     S=.text    G=(none)   M=PrjTpl   ACBP=A9
 0001:00005678 0000000E C=CODE     S=.text    G=(none)   M=FormTpl  ACBP=A9
 0001:00005688 0000000E C=CODE     S=.text    G=(none)   M=PalEdit  ACBP=A9
 0001:00005698 0000000E C=CODE     S=.text    G=(none)   M=GalBrow  ACBP=A9
 0001:000056A8 0000000E C=CODE     S=.text    G=(none)   M=ExptMain ACBP=A9
 0001:000056B8 0000000E C=CODE     S=.text    G=(none)   M=ParserThread ACBP=A9
 0001:000056C8 0000000E C=CODE     S=.text    G=(none)   M=EditMain ACBP=A9
 0001:000056D8 0000000E C=CODE     S=.text    G=(none)   M=VcsMain  ACBP=A9
 0001:000056E8 0000000E C=CODE     S=.text    G=(none)   M=VcsIntf  ACBP=A9
 0001:000056F8 0000000E C=CODE     S=.text    G=(none)   M=NewFile  ACBP=A9
 0001:00005708 0000000E C=CODE     S=.text    G=(none)   M=DisComp  ACBP=A9
 0001:00005718 0000000E C=CODE     S=.text    G=(none)   M=SelectTh ACBP=A9
 0001:00005728 0000000E C=CODE     S=.text    G=(none)   M=WinMsg   ACBP=A9
 0001:00005738 0000000E C=CODE     S=.text    G=(none)   M=EdScript ACBP=A9
 0001:00005748 0000000E C=CODE     S=.text    G=(none)   M=GotoLine ACBP=A9
 0001:00005758 0000000E C=CODE     S=.text    G=(none)   M=VClient  ACBP=A9
 0001:00005768 0000000E C=CODE     S=.text    G=(none)   M=SrchPrgs ACBP=A9
 0001:00005778 0000000E C=CODE     S=.text    G=(none)   M=SrchDlg  ACBP=A9
 0001:00005788 0000000E C=CODE     S=.text    G=(none)   M=WinList  ACBP=A9
 0001:00005798 0000000E C=CODE     S=.text    G=(none)   M=BarFrm   ACBP=A9
 0001:000057A8 0000000E C=CODE     S=.text    G=(none)   M=BottomBarFrm ACBP=A9
 0001:000057B8 0000000E C=CODE     S=.text    G=(none)   M=RightBarFrm ACBP=A9
 0001:000057C8 0000000E C=CODE     S=.text    G=(none)   M=LeftBarFrm ACBP=A9
 0001:000057D8 0000000E C=CODE     S=.text    G=(none)   M=MainWorkFrm ACBP=A9
 0001:000057E8 0000000E C=CODE     S=.text    G=(none)   M=WorkFrm  ACBP=A9
 0001:000057F8 0000000E C=CODE     S=.text    G=(none)   M=PrintSes ACBP=A9
 0001:00005808 0000000E C=CODE     S=.text    G=(none)   M=PrintSts ACBP=A9
 0001:00005818 0000000E C=CODE     S=.text    G=(none)   M=OptStr   ACBP=A9
 0001:00005828 0000000E C=CODE     S=.text    G=(none)   M=RplcDlg  ACBP=A9
 0001:00005838 0000000E C=CODE     S=.text    G=(none)   M=FileMain ACBP=A9
 0001:00005848 0000000E C=CODE     S=.text    G=(none)   M=WorkspaceCrtrs ACBP=A9
 0001:00005858 0000000E C=CODE     S=.text    G=(none)   M=FindErr  ACBP=A9
 0001:00005868 00000076 C=CODE     S=.text    G=(none)   M=MakeFileMgr ACBP=A9
 0001:000058E0 0000000E C=CODE     S=.text    G=(none)   M=IdlUpdaters ACBP=A9
 0001:000058F0 0000000E C=CODE     S=.text    G=(none)   M=IDEToDoIntf ACBP=A9
 0001:00005900 00000298 C=CODE     S=.text    G=(none)   M=XmlIde   ACBP=A9
 0001:00005B98 00002AD8 C=CODE     S=.text    G=(none)   M=ConvertXML ACBP=A9
 0001:00008670 00000016 C=CODE     S=.text    G=(none)   M=IdlModul ACBP=A9
 0001:00008688 00003E98 C=CODE     S=.text    G=(none)   M=XMLProj  ACBP=A9
 0001:0000C520 000004D4 C=CODE     S=.text    G=(none)   M=FindHdr  ACBP=A9
 0001:0000C9F4 00000026 C=CODE     S=.text    G=(none)   M=ApplOpts ACBP=A9
 0001:0000CA1C 0000002E C=CODE     S=.text    G=(none)   M=Deploy   ACBP=A9
 0001:0000CA4C 0000000E C=CODE     S=.text    G=(none)   M=DepFiles ACBP=A9
 0001:0000CA5C 0000000E C=CODE     S=.text    G=(none)   M=ImageHlp ACBP=A9
 0001:0000CA6C 0000000E C=CODE     S=.text    G=(none)   M=DepProg  ACBP=A9
 0001:0000CA7C 0000001E C=CODE     S=.text    G=(none)   M=ProjOptDlg ACBP=A9
 0001:0000CA9C 0000001E C=CODE     S=.text    G=(none)   M=InternalToolStream ACBP=A9
 0001:0000CABC 000025F8 C=CODE     S=.text    G=(none)   M=CppCompilerContainer ACBP=A9
 0001:0000F0B4 00001ABF C=CODE     S=.text    G=(none)   M=CppContainers ACBP=A9
 0001:00010B74 000008EC C=CODE     S=.text    G=(none)   M=LocalProjOptDlg ACBP=A9
 0001:00011460 00000270 C=CODE     S=.text    G=(none)   M=FindLib  ACBP=A9
 0001:000116D0 0001814C C=CODE     S=.text    G=(none)   M=CppProjOpts ACBP=A9
 0001:0002981C 00004243 C=CODE     S=.text    G=(none)   M=CppCrtrs ACBP=A9
 0001:0002DA60 0000001E C=CODE     S=.text    G=(none)   M=RemovMod ACBP=A9
 0001:0002DA80 00000016 C=CODE     S=.text    G=(none)   M=CppSym   ACBP=A9
 0001:0002DA98 000000A8 C=CODE     S=.text    G=(none)   M=ATLWizConst ACBP=A9
 0001:0002DB40 00017201 C=CODE     S=.text    G=(none)   M=CppMgr   ACBP=A9
 0001:00044D44 00000FD8 C=CODE     S=.text    G=(none)   M=CBuilderCmds ACBP=A9
 0001:00045D1C 00001654 C=CODE     S=.text    G=(none)   M=CppAdvancedCompilerOptionsPage ACBP=A9
 0001:00047370 0000061C C=CODE     S=.text    G=(none)   M=CppAtlOptionPage ACBP=A9
 0001:0004798C 0000000E C=CODE     S=.text    G=(none)   M=CodeInsight ACBP=A9
 0001:0004799C 0000000E C=CODE     S=.text    G=(none)   M=AddCTDlg ACBP=A9
 0001:000479AC 00000016 C=CODE     S=.text    G=(none)   M=CodeTemp ACBP=A9
 0001:000479C4 000001B0 C=CODE     S=.text    G=(none)   M=CppCodeInsight ACBP=A9
 0001:00047B74 000062A0 C=CODE     S=.text    G=(none)   M=CppComIntf ACBP=A9
 0001:0004DE14 00000F68 C=CODE     S=.text    G=(none)   M=WarningsDlg ACBP=A9
 0001:0004ED7C 00001520 C=CODE     S=.text    G=(none)   M=CppCompilerOptionPage ACBP=A9
 0001:0005029C 0000000E C=CODE     S=.text    G=(none)   M=CustomPkgDescription ACBP=A9
 0001:000502AC 000001C8 C=CODE     S=.text    G=(none)   M=CppCustomPkgDescription ACBP=A9
 0001:00050474 00000016 C=CODE     S=.text    G=(none)   M=OrderedListEditDialog ACBP=A9
 0001:0005048C 0000000E C=CODE     S=.text    G=(none)   M=CreaEdit ACBP=A9
 0001:0005049C 00001398 C=CODE     S=.text    G=(none)   M=CppDirectoriesConditionalPage ACBP=A9
 0001:00051834 0000000E C=CODE     S=.text    G=(none)   M=EditColorPage ACBP=A9
 0001:00051844 00000204 C=CODE     S=.text    G=(none)   M=CppEditColorPage ACBP=A9
 0001:00051A48 000001F0 C=CODE     S=.text    G=(none)   M=CppEditorPropDlg ACBP=A9
 0001:00051C38 000001E8 C=CODE     S=.text    G=(none)   M=CppEnvironDialog ACBP=A9
 0001:00051E20 00000016 C=CODE     S=.text    G=(none)   M=EnvOptionsPage ACBP=A9
 0001:00051E38 000002F8 C=CODE     S=.text    G=(none)   M=CppEnvOptionsPage ACBP=A9
 0001:00052130 00000568 C=CODE     S=.text    G=(none)   M=CppLibraryPage ACBP=A9
 0001:00052698 00000D34 C=CODE     S=.text    G=(none)   M=CppLinkerPage ACBP=A9
 0001:000533CC 0000107C C=CODE     S=.text    G=(none)   M=CppOptionsPage ACBP=A9
 0001:00054448 0000002E C=CODE     S=.text    G=(none)   M=PasMgr   ACBP=A9
 0001:00054478 0000000E C=CODE     S=.text    G=(none)   M=PasSym   ACBP=A9
 0001:00054488 0000000E C=CODE     S=.text    G=(none)   M=RegExplorerController ACBP=A9
 0001:00054498 00001118 C=CODE     S=.text    G=(none)   M=CppUpdaters ACBP=A9
 0001:000555B0 00000016 C=CODE     S=.text    G=(none)   M=NewThrd  ACBP=A9
 0001:000555C8 00000754 C=CODE     S=.text    G=(none)   M=stats    ACBP=A9
 0001:00055D1C 0000000E C=CODE     S=.text    G=(none)   M=VCLEditors ACBP=A9
 0001:00055D2C 00000016 C=CODE     S=.text    G=(none)   M=WorkSpaceMgr ACBP=A9
 0001:00055D44 00000016 C=CODE     S=.text    G=(none)   M=ComponentExpert ACBP=A9
 0001:00055D5C 0000000E C=CODE     S=.text    G=(none)   M=BasePackageInstall ACBP=A9
 0001:00055D6C 00000016 C=CODE     S=.text    G=(none)   M=BaseNewPackage ACBP=A9
 0001:00055D84 0000000E C=CODE     S=.text    G=(none)   M=PackageInstallDlg ACBP=A9
 0001:00055D94 0000000E C=CODE     S=.text    G=(none)   M=ExistingPackage ACBP=A9
 0001:00055DA4 0000002E C=CODE     S=.text    G=(none)   M=NewPackage ACBP=A9
 0001:00055DD4 0000000E C=CODE     S=.text    G=(none)   M=ComponentExpertPage ACBP=A9
 0001:00055DE4 0000000E C=CODE     S=.text    G=(none)   M=PackageCompExpert ACBP=A9
 0001:00055DF4 0000000E C=CODE     S=.text    G=(none)   M=CppDTLWr ACBP=A9
 0001:00055E04 0000000E C=CODE     S=.text    G=(none)   M=OCXGen   ACBP=A9
 0001:00055E14 00000016 C=CODE     S=.text    G=(none)   M=BatchTarget ACBP=A9
 0001:00055E2C 0000000E C=CODE     S=.text    G=(none)   M=BatchOptions ACBP=A9
 0001:00055E3C 0000000E C=CODE     S=.text    G=(none)   M=NewPackageDlg ACBP=A9
 0001:00055E4C 00000508 C=CODE     S=.text    G=(none)   M=PEImports ACBP=A9
 0001:00056354 0000000E C=CODE     S=.text    G=(none)   M=EditorActions ACBP=A9
 0001:00056364 00000EE0 C=CODE     S=.text    G=(none)   M=NewGenericApp ACBP=A9
 0001:00057244 00000016 C=CODE     S=.text    G=(none)   M=CodCmplt ACBP=A9
 0001:0005725C 0000000E C=CODE     S=.text    G=(none)   M=CodCmpltIDE ACBP=A9
 0001:0005726C 0000000E C=CODE     S=.text    G=(none)   M=Completers ACBP=A9
 0001:0005727C 0000000E C=CODE     S=.text    G=(none)   M=TokenWin ACBP=A9
 0001:0005728C 000043DC C=CODE     S=.text    G=(none)   M=CppCodCmplt ACBP=A9
 0001:0005B668 000075C8 C=CODE     S=.text    G=(none)   M=CppReg   ACBP=A9
 0001:00062C30 000015BC C=CODE     S=.text    G=(none)   M=CppTasmPage ACBP=A9
 0001:000641EC 000001D4 C=CODE     S=.text    G=(none)   M=CreateNewPackage ACBP=A9
 0001:000643C0 00000894 C=CODE     S=.text    G=(none)   M=IRX      ACBP=A9
 0001:00064C54 00000D70 C=CODE     S=.text    G=(none)   M=PasCompilerOptionPage ACBP=A9
 0001:000659C4 0000000E C=CODE     S=.text    G=(none)   M=DirectoriesConditionals ACBP=A9
 0001:000659D4 000001CC C=CODE     S=.text    G=(none)   M=PkgDirectoriesConditionals ACBP=A9
 0001:00065BA0 00000038 C=CODE     S=.text    G=(none)   M=RWSErrs  ACBP=A9
 0001:00065BD8 00003C68 C=CODE     S=.text    G=(none)   M=RXUtil   ACBP=A9
 0001:00069840 0000000E C=CODE     S=.text    G=(none)   M=LibOptions ACBP=A9
 0001:00069850 000001A8 C=CODE     S=.text    G=(none)   M=CppLibOptions ACBP=A9
 0001:000699F8 000002F4 C=CODE     S=.text    G=(none)   M=CppLocalDirectoriesConditionals ACBP=A9
 0001:00069CEC 00000628 C=CODE     S=.text    G=(none)   M=CppAdvancedLinkerPage ACBP=A9
 0001:0006A314 000004B8 C=CODE     S=.text    G=(none)   M=CppBPIContainer ACBP=A9
 0001:0006A7CC 00000404 C=CODE     S=.text    G=(none)   M=CppObjContainer ACBP=A9
 0001:0006ABD0 00000404 C=CODE     S=.text    G=(none)   M=CppResContainer ACBP=A9
 0001:0006AFD4 00000404 C=CODE     S=.text    G=(none)   M=CppLibContainer ACBP=A9
 0001:0006B3D8 00000448 C=CODE     S=.text    G=(none)   M=CppDefContainer ACBP=A9
 0001:0006B820 000015BC C=CODE     S=.text    G=(none)   M=CppPascalContainer ACBP=A9
 0001:0006CDDC 00001888 C=CODE     S=.text    G=(none)   M=CppTasmContainer ACBP=A9
 0001:0006E664 00001184 C=CODE     S=.text    G=(none)   M=CppRcContainer ACBP=A9
 0001:0006F7E8 000004B4 C=CODE     S=.text    G=(none)   M=CppDCRContainer ACBP=A9
 0001:0006FC9C 00000CCD C=CODE     S=.text    G=(none)   M=bcbide   ACBP=A9
 0002:00000000 00000028 C=DATA     S=.data    G=DGROUP   M=SysInit  ACBP=A9
 0002:00000028 0000005C C=DATA     S=.data    G=DGROUP   M=CppAbout ACBP=A9
 0002:00000084 0000000E C=DATA     S=.data    G=DGROUP   M=ConvertXML ACBP=A9
 0002:00000094 00000028 C=DATA     S=.data    G=DGROUP   M=XMLProj  ACBP=A9
 0002:000000BC 00000264 C=DATA     S=.data    G=DGROUP   M=CppProjOpts ACBP=A9
 0002:00000320 00000074 C=DATA     S=.data    G=DGROUP   M=CppCrtrs ACBP=A9
 0002:00000394 00000408 C=DATA     S=.data    G=DGROUP   M=CppMgr   ACBP=A9
 0002:0000079C 00000018 C=DATA     S=.data    G=DGROUP   M=CppComIntf ACBP=A9
 0002:000007B4 000001B8 C=DATA     S=.data    G=DGROUP   M=WarningsDlg ACBP=A9
 0002:0000096C 0000000C C=DATA     S=.data    G=DGROUP   M=NewGenericApp ACBP=A9
 0002:00000978 00000024 C=DATA     S=.data    G=DGROUP   M=CppCodCmplt ACBP=A9
 0002:0000099C 00000270 C=DATA     S=.data    G=DGROUP   M=CppReg   ACBP=A9
 0002:00000C0C 00000010 C=DATA     S=.data    G=DGROUP   M=IRX      ACBP=A9
 0002:00000C1C 0000007C C=DATA     S=.data    G=DGROUP   M=RXUtil   ACBP=A9
 0002:00000C98 0000000C C=DATA     S=.data    G=DGROUP   M=CppTasmContainer ACBP=A9
 0002:00002000 00000018 C=BSS      S=.bss     G=DGROUP   M=SysInit  ACBP=A9
 0002:00002018 00000004 C=BSS      S=.bss     G=DGROUP   M=Windows  ACBP=A9
 0002:0000201C 00000004 C=BSS      S=.bss     G=DGROUP   M=Messages ACBP=A9
 0002:00002020 00000004 C=BSS      S=.bss     G=DGROUP   M=CommCtrl ACBP=A9
 0002:00002024 00000004 C=BSS      S=.bss     G=DGROUP   M=Imm      ACBP=A9
 0002:00002028 00000004 C=BSS      S=.bss     G=DGROUP   M=ShlObj   ACBP=A9
 0002:0000202C 00000004 C=BSS      S=.bss     G=DGROUP   M=UrlMon   ACBP=A9
 0002:00002030 00000004 C=BSS      S=.bss     G=DGROUP   M=WinInet  ACBP=A9
 0002:00002034 00000004 C=BSS      S=.bss     G=DGROUP   M=RegStr   ACBP=A9
 0002:00002038 00000004 C=BSS      S=.bss     G=DGROUP   M=ShellAPI ACBP=A9
 0002:0000203C 00000004 C=BSS      S=.bss     G=DGROUP   M=WinSpool ACBP=A9
 0002:00002040 00000004 C=BSS      S=.bss     G=DGROUP   M=CommDlg  ACBP=A9
 0002:00002044 00000004 C=BSS      S=.bss     G=DGROUP   M=Dlgs     ACBP=A9
 0002:00002048 00000004 C=BSS      S=.bss     G=DGROUP   M=RichEdit ACBP=A9
 0002:0000204C 00000004 C=BSS      S=.bss     G=DGROUP   M=MMSystem ACBP=A9
 0002:00002050 00000005 C=BSS      S=.bss     G=DGROUP   M=CppAbout ACBP=A9
 0002:00002058 00000004 C=BSS      S=.bss     G=DGROUP   M=XmlIde   ACBP=A9
 0002:0000205C 00000004 C=BSS      S=.bss     G=DGROUP   M=ConvertXML ACBP=A9
 0002:00002060 00000004 C=BSS      S=.bss     G=DGROUP   M=XMLProj  ACBP=A9
 0002:00002064 00000004 C=BSS      S=.bss     G=DGROUP   M=FindHdr  ACBP=A9
 0002:00002068 00000008 C=BSS      S=.bss     G=DGROUP   M=CppCompilerContainer ACBP=A9
 0002:00002070 00000004 C=BSS      S=.bss     G=DGROUP   M=CppContainers ACBP=A9
 0002:00002074 00000008 C=BSS      S=.bss     G=DGROUP   M=LocalProjOptDlg ACBP=A9
 0002:0000207C 00000004 C=BSS      S=.bss     G=DGROUP   M=FindLib  ACBP=A9
 0002:00002080 00000004 C=BSS      S=.bss     G=DGROUP   M=CppProjOpts ACBP=A9
 0002:00002084 00000058 C=BSS      S=.bss     G=DGROUP   M=CppCrtrs ACBP=A9
 0002:000020DC 00000004 C=BSS      S=.bss     G=DGROUP   M=ATLWizConst ACBP=A9
 0002:000020E0 00000018 C=BSS      S=.bss     G=DGROUP   M=CppMgr   ACBP=A9
 0002:000020F8 00000004 C=BSS      S=.bss     G=DGROUP   M=CBuilderCmds ACBP=A9
 0002:000020FC 00000004 C=BSS      S=.bss     G=DGROUP   M=CppAdvancedCompilerOptionsPage ACBP=A9
 0002:00002100 00000004 C=BSS      S=.bss     G=DGROUP   M=CppAtlOptionPage ACBP=A9
 0002:00002104 00000004 C=BSS      S=.bss     G=DGROUP   M=CppCodeInsight ACBP=A9
 0002:00002108 0000000C C=BSS      S=.bss     G=DGROUP   M=CppComIntf ACBP=A9
 0002:00002114 00000004 C=BSS      S=.bss     G=DGROUP   M=WarningsDlg ACBP=A9
 0002:00002118 00000004 C=BSS      S=.bss     G=DGROUP   M=CppCompilerOptionPage ACBP=A9
 0002:0000211C 00000004 C=BSS      S=.bss     G=DGROUP   M=CppCustomPkgDescription ACBP=A9
 0002:00002120 00000004 C=BSS      S=.bss     G=DGROUP   M=CppDirectoriesConditionalPage ACBP=A9
 0002:00002124 00000004 C=BSS      S=.bss     G=DGROUP   M=CppEditColorPage ACBP=A9
 0002:00002128 00000004 C=BSS      S=.bss     G=DGROUP   M=CppEditorPropDlg ACBP=A9
 0002:0000212C 00000004 C=BSS      S=.bss     G=DGROUP   M=CppEnvironDialog ACBP=A9
 0002:00002130 00000004 C=BSS      S=.bss     G=DGROUP   M=CppEnvOptionsPage ACBP=A9
 0002:00002134 00000004 C=BSS      S=.bss     G=DGROUP   M=CppLibraryPage ACBP=A9
 0002:00002138 00000004 C=BSS      S=.bss     G=DGROUP   M=CppLinkerPage ACBP=A9
 0002:0000213C 00000004 C=BSS      S=.bss     G=DGROUP   M=CppOptionsPage ACBP=A9
 0002:00002140 00000004 C=BSS      S=.bss     G=DGROUP   M=CppUpdaters ACBP=A9
 0002:00002144 00000004 C=BSS      S=.bss     G=DGROUP   M=stats    ACBP=A9
 0002:00002148 0000010C C=BSS      S=.bss     G=DGROUP   M=PEImports ACBP=A9
 0002:00002254 00000008 C=BSS      S=.bss     G=DGROUP   M=NewGenericApp ACBP=A9
 0002:0000225C 00000004 C=BSS      S=.bss     G=DGROUP   M=CppCodCmplt ACBP=A9
 0002:00002260 00000008 C=BSS      S=.bss     G=DGROUP   M=CppReg   ACBP=A9
 0002:00002268 00000004 C=BSS      S=.bss     G=DGROUP   M=CppTasmPage ACBP=A9
 0002:0000226C 00000004 C=BSS      S=.bss     G=DGROUP   M=CreateNewPackage ACBP=A9
 0002:00002270 00000004 C=BSS      S=.bss     G=DGROUP   M=IRX      ACBP=A9
 0002:00002274 00000004 C=BSS      S=.bss     G=DGROUP   M=PasCompilerOptionPage ACBP=A9
 0002:00002278 00000004 C=BSS      S=.bss     G=DGROUP   M=PkgDirectoriesConditionals ACBP=A9
 0002:0000227C 00000004 C=BSS      S=.bss     G=DGROUP   M=RWSErrs  ACBP=A9
 0002:00002280 00000004 C=BSS      S=.bss     G=DGROUP   M=RXUtil   ACBP=A9
 0002:00002284 00000004 C=BSS      S=.bss     G=DGROUP   M=CppLibOptions ACBP=A9
 0002:00002288 00000008 C=BSS      S=.bss     G=DGROUP   M=CppLocalDirectoriesConditionals ACBP=A9
 0002:00002290 00000004 C=BSS      S=.bss     G=DGROUP   M=CppAdvancedLinkerPage ACBP=A9
 0002:00002294 00000008 C=BSS      S=.bss     G=DGROUP   M=CppBPIContainer ACBP=A9
 0002:0000229C 00000008 C=BSS      S=.bss     G=DGROUP   M=CppObjContainer ACBP=A9
 0002:000022A4 00000008 C=BSS      S=.bss     G=DGROUP   M=CppResContainer ACBP=A9
 0002:000022AC 00000008 C=BSS      S=.bss     G=DGROUP   M=CppLibContainer ACBP=A9
 0002:000022B4 00000008 C=BSS      S=.bss     G=DGROUP   M=CppDefContainer ACBP=A9
 0002:000022BC 00000008 C=BSS      S=.bss     G=DGROUP   M=CppPascalContainer ACBP=A9
 0002:000022C4 00000008 C=BSS      S=.bss     G=DGROUP   M=CppTasmContainer ACBP=A9
 0002:000022CC 00000008 C=BSS      S=.bss     G=DGROUP   M=CppRcContainer ACBP=A9
 0002:000022D4 00000008 C=BSS      S=.bss     G=DGROUP   M=CppDCRContainer ACBP=A9


  Address         Publics by Name

 0002:00002294       .1
 0002:000022A4       .1
 0002:000022C4       .1
 0002:000022BC       .1
 0002:00002058       .1
 0002:0000201C       .1
 0002:00002020       .1
 0002:0000229C       .1
 0002:000022CC       .1
 0002:00002024       .1
 0002:00002028       .1
 0002:0000202C       .1
 0002:000020DC       .1
 0002:0000205C       .1
 0002:00002030       .1
 0002:00002010       .1
 0002:00002260       .1
 0002:000022B4       .1
 0002:00002034       .1
 0002:000022AC       .1
 0002:000022D4       .1
 0002:00002038       .1
 0002:0000227C       .1
 0002:00002040       .1
 0002:00002270       .1
 0002:00002044       .1
 0002:00002048       .1
 0002:00002280       .11
 0002:00002080       .11
 0002:00002104       .2
 0002:00002064       .2
 0002:00002100       .2
 0002:000020FC       .2
 0002:00002068       .2
 0002:00002114       .2
 0002:000020F8       .2
 0002:00002118       .2
 0002:0000211C       .2
 0002:00002268       .2
 0002:0000226C       .2
 0002:00002050       .2
 0002:00002274       .2
 0002:00002120       .2
 0002:00002148       .2
 0002:00002278       .2
 0002:0000213C       .2
 0002:00002138       .2
 0002:00002134       .2
 0002:00002130       .2
 0002:0000212C       .2
 0002:00002078       .2
 0002:00002128       .2
 0002:00002124       .2
 0002:00002284       .2
 0002:00002290       .2
 0002:0000207C       .2
 0002:0000228C       .2
 0002:00002018       .3
 0002:0000203C       .3
 0002:00002258       .3
 0002:00002140       .3
 0002:00002144       .3
 0002:00002110       .4
 0002:000020F0       .43
 0002:00002070       .5
 0002:00002060       .7
 0002:0000204C       .7
 0002:0000225C       .7
 0002:000020D4       .91
 0001:00070944       @GetPackageInfoTable
 0001:000004E0       @InitPkg
 0001:00000544       @PackageLoad
 0001:0007094C       @PackageLoad
 0001:00000550       @PackageUnload
 0001:00070958       @PackageUnload
 0002:0000097C       AcceptLiteral
 0001:0005FE54       AddActionMenu
 0001:000129FC       AddDefine
 0001:00034EE0       AddFromBuffer
 0001:0003DFC0       AddHdrCoClass
 0001:00040270       AddHdrCoClass
 0001:0003DFD4       AddHdrTypelibName
 0001:000323B0       AddImportSymbol
 0001:0003DF70       AddInterface
 0001:00040284       AddInterfacePos
 0001:0000D268       AdditionalFileImage
 0001:0000ECF4       AddPchFile
 0001:0004AC10       AddPchFile
 0001:00033800       AddRequiredPackages
 0001:0000A234       AddUserToolsMacro
 0001:0003DFE8       AddVCLClassPos
 0001:000003E0       AllocTlsBuffer
 0002:0000210C       AlreadyWaiting
 0001:0002DB38       ATLWizConst
 0002:00000B90       AttributeSubKeys
 0002:00000A6C       AttributeToElement
 0001:0005D6B8       AutoCreateProject
 0001:00070964       bcbide
 0002:00000060       BitmapClasses
 0002:0000003C       BitmapNames
 0002:000000C0       BoolSwitchValues
 0002:000002A4       BoolValues
 0002:000002AC       BoolValues
 0001:00034838       BuildReplacementTable
 0001:000428A4       BuildStdIncFiles
 0001:0005D194       CalculateNames
 0002:000003D0       CallTemplates
 0001:0003FB08       CanBeSigned
 0001:00045D14       CBuilderCmds
 0002:000002A0       CGInstalled
 0001:00035A7C       ChangeNameAt
 0002:000004F0       CharClass
 0001:0000061C       CharUpperBuff
 0002:000003F0       CharValue
 0001:0001C550       CheckAndMove
 0001:0000623C       CheckEnd
 0001:000419D8       CheckForClassName
 0001:00060430       CheckReserved
 0001:0000C3FC       CheckXML
 0001:000579BC       CIDEenableKibitzing
 0001:00015CD4       CleanUpSearchPath
 0002:00000C0C       CLSID_ResProj
 0002:00000334       CLX
 0001:00031274       CoClassToImplName
 0001:0002B514       CodeFix
 0001:00005E68       CollapseWhitespace
 0001:00008BB8       CollapseWhitespace
 0001:00001034       CommCtrl
 0001:00001494       CommDlg
 0001:0003062C       CompareSymbols
 0001:0005F780       CompileAndBrowse
 0002:000003A0       CompileAndBrowseProc
 0001:0005F51C       CompileFiles
 0002:000003A4       CompileFilesProc
 0001:0005F240       CompileProject
 0002:0000039C       CompileProjectProc
 0002:000007B4       CompilerWarningDescriptions
 0001:0004E804       CompilerWarningsDlg
 0001:0005F1E8       CompileUnitName
 0002:00000A40       Compiling
 0002:000000E0       CompWarningSwitches
 0001:00007290       ConvertProjectToMakefile
 0001:00007184       ConvertProjectToMakefile
 0001:00005D88       ConvertProjectToMakefile
 0001:00008668       ConvertXML
 0001:0006633C       ConvRxString
 0001:00061B94       CopyDefaultRegKeys
 0001:00061880       CopyOneKey
 0001:000349C0       CopyTo
 0001:00003D94       CppAbout
 0001:0004735C       CppAdvancedCompilerOptionsPage
 0001:0006A300       CppAdvancedLinkerPage
 0001:00047978       CppAtlOptionPage
 0001:0006A798       CppBPIContainer
 0002:00002298       CppBPITool
 0001:0005B648       CppCodCmplt
 0001:00047B60       CppCodeInsight
 0001:0004DE0C       CppComIntf
 0001:0000F080       CppCompilerContainer
 0001:00050288       CppCompilerOptionPage
 0002:0000206C       CppCompilerTool
 0001:00010B48       CppContainers
 0001:0002DA50       CppCrtrs
 0001:00050460       CppCustomPkgDescription
 0001:0006FC68       CppDCRContainer
 0002:000022D8       CppDcrTool
 0001:0006B7EC       CppDefContainer
 0002:000022B8       CppDefTool
 0001:00051820       CppDirectoriesConditionalPage
 0001:000616F0       CppDisplayProject
 0001:00051A34       CppEditColorPage
 0001:00051C30       CppEditorPropDlg
 0001:00051E18       CppEnvironDialog
 0001:0005211C       CppEnvOptionsPage
 0001:0005E1DC       CppInitialize
 0002:00000978       CppKibitzManager
 0001:0006B3A4       CppLibContainer
 0001:000699E4       CppLibOptions
 0001:00052684       CppLibraryPage
 0002:000022B0       CppLibTool
 0001:000533B8       CppLinkerPage
 0001:00069CD8       CppLocalDirectoriesConditionals
 0002:00002288       CppLocalDirectoriesConditionalsPage
 0001:000307B8       CppMethodHeader
 0001:00044D28       CppMgr
 0001:0006AB9C       CppObjContainer
 0002:000022A0       CppOBJTool
 0001:00054434       CppOptionsPage
 0001:000305FC       CppParamType
 0001:0006CDA8       CppPascalContainer
 0001:00029814       CppProjOpts
 0001:0006F7B4       CppRcContainer
 0001:00061F48       CppReg
 0001:0006AFA0       CppResContainer
 0002:000022A8       CppRESTool
 0001:0006E630       CppTasmContainer
 0001:000641D8       CppTasmPage
 0002:0000070C       CppTypeNames
 0001:000555A8       CppUpdaters
 0001:0005ED80       CreateCompiler
 0001:0005BD28       CreateCppComponent
 0001:00060D30       CreateDefaultProject
 0001:0000B894       CreateDOM
 0001:0005C568       CreateNewGenericApp
 0001:000643AC       CreateNewPackage
 0001:0006BFE4       CreatePathStr
 0001:000071A0       CreateProjectDOM
 0001:00054B40       CreateProjectOptions
 0001:0005FB4C       CreateStandardCppProject
 0001:0000A088       CreateXMLSymbol
 0002:00000090       CRLF
 0002:00000394       DashLine
 0002:00000398       DashLineCRLF
 0002:000000BC       DefProjOpts
 0001:00000594       DeleteFile
 0001:000349F8       DeleteTo
 0001:000014CC       Dlgs
 0001:0000C488       DoDOMInit
 0001:00057AFC       DoKibitzProgress
 0001:00034A28       DoneCopy
 0001:0002B790       DoneModuleSources
 0001:00042DF8       DoneUsesTypes
 0001:00034A6C       DoReplacements
 0001:00054A94       DoXMLCheck
 0001:0005A038       DrawText
 0001:00000624       DrawText
 0001:00056080       DumpImportTable
 0002:0000214C       efile
 0002:00000B04       ElementToAttribute
 0002:00000B74       ElementToColorOnly
 0001:0003D77C       Error
 0002:000007A8       ErrorTypes
 0002:00000C98       ErrorTypes
 0001:000663A0       ERWCore.Create
 0001:0000048C       ExitProcessTLS
 0001:00000464       ExitThreadTLS
 0001:0000C438       EXMLParserError.Create
 0001:0004CB5C       ExpandOption
 0001:0006D930       ExpandOption
 0001:00008D04       Expect
 0001:00008F64       ExpectAttributeNode
 0001:00008FFC       ExpectMakeSym
 0001:0000C2A8       ExportMakefile
 0002:00000970       Ext
 0001:00009640       ExtractFileList
 0001:000091AC       ExtractFilesSection
 0001:000090D8       ExtractMacroSection
 0001:00009D08       ExtractNodeText
 0001:00009DE4       ExtractXMLProject
 0001:0000060C       ExtTextOut
 0001:0000AD00       FillBuildTools
 0001:0000A804       FillFileList
 0001:0000B1B8       FillFilesSection
 0001:0000A554       FillMacroSection
 0002:000009A8       FilterArray
 0001:00060EF0       FilterLibraries
 0001:00051C00       Finalization
 0001:00010B18       Finalization
 0001:0006FC1C       Finalization
 0001:00051DE8       Finalization
 0001:000520E0       Finalization
 0001:00052648       Finalization
 0001:0005337C       Finalization
 0001:000543F8       Finalization
 0001:0002D96C       Finalization
 0001:00055578       Finalization
 0001:00055CE4       Finalization
 0001:0006F768       Finalization
 0001:0000055C       Finalization
 0001:0005631C       Finalization
 0001:0000F034       Finalization
 0001:0002DB08       Finalization
 0001:000571F4       Finalization
 0001:00050424       Finalization
 0001:0005B618       Finalization
 0001:0005024C       Finalization
 0001:0006E5D0       Finalization
 0001:0004ED44       Finalization
 0001:0004DDBC       Finalization
 0001:000519F8       Finalization
 0001:0000C9BC       Finalization
 0001:000296FC       Finalization
 0001:0000C4E8       Finalization
 0001:0006CD5C       Finalization
 0001:00047B24       Finalization
 0001:00000694       Finalization
 0001:0004793C       Finalization
 0001:00011428       Finalization
 0001:000006DC       Finalization
 0001:00047320       Finalization
 0001:00001004       Finalization
 0001:000011E4       Finalization
 0001:00008638       Finalization
 0001:000012DC       Finalization
 0001:0006B7A0       Finalization
 0001:00001314       Finalization
 0001:00045CE4       Finalization
 0001:00044C74       Finalization
 0001:0000134C       Finalization
 0001:00001384       Finalization
 0001:00061E6C       Finalization
 0001:0006419C       Finalization
 0001:000013BC       Finalization
 0001:00064370       Finalization
 0001:0006B358       Finalization
 0001:00001404       Finalization
 0001:00001464       Finalization
 0001:0000149C       Finalization
 0001:00001A04       Finalization
 0001:00001B34       Finalization
 0001:0006AF54       Finalization
 0001:00011698       Finalization
 0001:00064C1C       Finalization
 0001:0006AB50       Finalization
 0001:000517E4       Finalization
 0001:00065974       Finalization
 0001:0006A74C       Finalization
 0001:00065B50       Finalization
 0001:00005B60       Finalization
 0001:00065BA0       Finalization
 0001:00003CDC       Finalization
 0001:000697F0       Finalization
 0001:0006A2C4       Finalization
 0001:000699A8       Finalization
 0001:00069C9C       Finalization
 0001:00008EF8       FindAttributeNode
 0001:00008E3C       FindChildNode
 0001:0003DBB4       FindClassIdent
 0001:00034B78       FindClassName
 0001:00060E04       FindDLL
 0001:0000C9EC       FindHdr
 0001:00030EB8       FindHeaderFileSpec
 0001:00010F58       FindLabel
 0001:000116C8       FindLib
 0001:00026DF4       FindLib
 0001:00034C80       FindMethod
 0001:0005D08C       FindModuleFile
 0001:00037DD8       FindModuleTarget
 0001:00008D4C       FindNode
 0001:00025004       FindPage
 0001:000578DC       FindProject
 0001:000250A0       FindProjPage
 0001:0000059C       FindResource
 0001:0005D46C       FindSourceType
 0001:00041AC0       FindSymbols
 0001:00044778       FindXMLUpdater
 0002:00000094       ForceCreateSyms
 0001:0002B83C       FormAncestorPrefix
 0001:0002B79C       FormatFile
 0001:000355B0       FormatMethodCall
 0001:0003B364       FormatUses
 0001:0002B874       FormNameFromNewModuleName
 0002:000005F0       FormTypes
 0002:00000320       FrameworkInclude
 0001:000005A4       FreeLibrary
 0001:000003A8       FreeLibrary
 0002:000002B4       GenConApp
 0002:000002C4       GenDesignTime
 0002:000002BC       GenLib
 0002:000002CC       GenRunTime
 0001:00037B3C       GetAppStartPos
 0002:000003A8       GetATLUnitCreatorProc
 0001:0005EDA4       GetCBuilderProjectContainer
 0001:0004B55C       GetCppFile
 0001:0000067C       GetCurrentTime
 0001:0000062C       GetCursor
 0001:00000634       GetDC
 0001:0000763C       GetDependencies
 0001:000077B0       GetDependents
 0001:00000614       GetDeviceCaps
 0001:0005EEE4       GetDTLWriterClass
 0001:00047E1C       GetErrorStr
 0001:0005A690       GetFileNameEditorToken
 0001:0000063C       GetFocus
 0001:0006108C       GetLibrariesUsed
 0001:0005F9FC       GetNewApplicationCreator
 0001:0005FADC       GetNewConsoleCreator
 0001:0005F970       GetNewFormCreator
 0001:0005FA6C       GetNewLibraryCreator
 0001:0005FC0C       GetNewPackageCreator
 0001:0005F9A4       GetNewTextCreator
 0001:0005F8A4       GetNewUnitCreator
 0001:00010FD0       GetOverridableControlCaption
 0001:00061630       GetOverrideColor
 0001:00060D24       GetPackageSourceCreator
 0001:000005B4       GetProcAddress
 0001:00060898       GetProductBaseKey
 0001:0002C65C       GetProjectMakefile
 0001:000651A4       GetReferenceInfo
 0001:0002803C       GetRuntimePackages
 0001:000005BC       GetShortPathName
 0001:00000644       GetSystemMetrics
 0001:000074C0       GetTargetFile
 0001:000005C4       GetTempPath
 0001:000005CC       GetTickCount
 0001:000003EC       GetTlsSize
 0001:0004DBA4       GetUnitSymbol
 0001:000387C0       GetUsesFormType
 0001:00029040       GetWarnString
 0001:000005D4       GlobalMemoryStatus
 0001:00006980       HandleBuildTools
 0001:0000641C       HandleFile
 0001:00006838       HandleFiles
 0001:00006D10       HandleMacro
 0001:00007948       HandleMacroLookup
 0001:00006368       HandleTool
 0001:000066E8       HandleTools
 0002:00000374       Hdrstop
 0001:0005CFD4       HideMenuItem
 0002:0000200C       HInstance
 0002:000003BC       IdlClassManagerHelperClass
 0002:000007A0       IdlCompilerHelperClass
 0002:000003C0       IdlImplUpdaterClass
 0002:000003AC       IdlOptionsManagerHelperClass
 0002:000003C8       IdlOptionsUpdaterClass
 0002:000003B0       IdlOptionsUpdaterHelperClass
 0002:0000029C       IdlProjectOptionsClass
 0002:000003C4       IdlProjectUpdaterClass
 0002:00000298       IdlProjOptsManagerHelperClass
 0001:00001214       Imm
 0001:000312B0       ImplToCoClassName
 0002:00002250       ImportsList
 0001:0002B46C       IndentString
 0001:000319D8       InitCharClassTable
 0001:00061414       InitCodeFormatting
 0001:0005E1EC       InitCompilerInterfaces
 0001:0004279C       InitDirectiveTable
 0001:00005B48       initDOM
 0001:0005E1D4       Initialize
 0001:0005CFF8       InitializeForm
 0001:000004B0       InitializeModule
 0001:0005FDE4       InitIndecies
 0001:000429C8       InitMakeSymbols
 0001:0002B708       InitModuleSources
 0001:00000438       InitProcessTLS
 0001:000003F4       InitThreadTLS
 0001:0004266C       InitTranslationTable
 0001:00042DA4       InitUsesTypes
 0001:00034A04       Insert
 0001:00034954       InsertText
 0001:000005AC       InterlockedExchange
 0002:00000A44       InvalidNames
 0002:0000036C       IO
 0001:00064C4C       IRX
 0001:0000E808       IsCORBAProject
 0001:0004AF5C       IsCORBAProject
 0001:000401CC       IsDispatchOrUnknown
 0001:0004B464       IsNameSame
 0001:00060F98       IsNewFileName
 0001:00060D7C       IsRtlLibrary
 0002:000007A4       LastExeName
 0002:00000938       LinkerWarningDescriptions
 0001:0004E9AC       LinkerWarningsDlg
 0002:00000264       LinkerWarningSwitches
 0001:0006102C       ListLibraries
 0001:000562B8       ListPEImports
 0001:0000064C       LoadCursor
 0001:00061374       LoadIDEPackages
 0001:000033D4       LoadImage
 0001:000005DC       LoadLibrary
 0001:00055F38       LoadObjectData
 0001:000005E4       LoadResource
 0001:000003B0       LocalAlloc
 0001:000003B8       LocalFree
 0002:00002074       LocalProjectOptionsDialog
 0001:00011458       LocalProjOptDlg
 0001:000005EC       LockResource
 0001:000061B8       LookupMacro
 0001:00006158       LookupMacro
 0001:00006140       LookupMacro
 0001:00005FB4       LookupMacro
 0002:00000354       Main
 0001:00039B34       MakeATLModuleName
 0001:0000A12C       MakeProjToXMLProj
 0001:00015CA4       MakeRelativePath
 0001:0000E5A8       MakeRelativePath
 0001:0006CC5C       MakeRelativePath
 0001:0001A6A8       MakeSoPackageName
 0002:000020EC       MakeSyms
 0001:0000C398       MakeSymToSection
 0001:00039B0C       MakeTLBModuleName
 0001:0001CA70       MarkAllCoClassesAsModified
 0001:00006D7C       MergeTemplate
 0001:0000070C       Messages
 0001:00001B64       MMSystem
 0002:00000000       Module
 0002:000009A4       ModuleHandler
 0002:00002000       ModuleIsLib
 0002:00002001       ModuleIsPackage
 0002:00002084       ModuleSources
 0002:000020D8       ModuleText
 0001:0001C828       MoveLib
 0001:00000654       MsgWaitForMultipleObjects
 0001:00055FFC       NameFromRVA
 0001:0002B6A8       NameSpace
 0001:000306F0       NameSpace
 0001:0006CB54       NameSpace
 0001:0005723C       NewGenericApp
 0002:00002254       NewGenericAppFrm
 0002:00000C08       NewPageIndexes
 0001:00040ED4       NextClassToken
 0001:00040F74       NextFunctionToken
 0001:0005E2B0       NextToken
 0002:00000C1C       NilCookie
 0002:0000224C       objectDataBuffs
 0002:00002248       objecttable
 0002:00000028       OnShowUnReg
 0001:000604D4       OpenFileAtCursor
 0002:0000095C       OptimizationDescriptions
 0001:0004EA78       OptimizationsDlg
 0002:00000288       OptimizationSwitches
 0002:0000008C       OutputErrorProc
 0001:00005D68       OutputString
 0001:00005D78       OutputStringNoLine
 0002:00000088       OutputStringNoLineProc
 0002:00000084       OutputStringProc
 0002:000002D4       PageNames
 0002:0000037C       ParamList
 0001:0003EA94       ParseATLClass
 0001:000418BC       ParseAtlError
 0001:0003E4CC       ParseAutoObjectImpl
 0001:00040400       ParseComInterfaceEntryTwo
 0001:00040808       ParseComMap
 0001:000402D4       ParseComMapEntries
 0001:000405D0       ParseConnectionPointEntries
 0001:00040A90       ParseConnectionPointMap
 0001:00037FB8       ParseCORBA
 0001:00005B50       parseDocument
 0001:0003E94C       ParseDualInterfaceImpl
 0001:000410DC       ParseGetLicenseFileName
 0001:0003E710       ParseIDispatchImpl
 0001:00041028       ParseInitMethod
 0001:000178E4       ParseLinkerSubsystem
 0001:00034DF0       ParseMethods
 0001:00037C00       ParseObjectEntry
 0001:00037D24       ParseObjectMap
 0001:00037B58       ParsePropAssign
 0001:00040DBC       ParsePropertyMap
 0001:0003F268       ParsePropertyPageImpl
 0001:00040C14       ParseRegistryMacro
 0001:0003EF68       ParseRemoteDataModuleImpl
 0001:0004109C       ParseTLicenseString
 0001:00036CE8       ParseUseComment
 0001:0003E104       ParseVclControlImpl
 0002:0000067C       PascalTypeNames
 0001:000659B0       PasCompilerOptionPage
 0002:000022C0       PasCompilerTool
 0001:0000065C       PeekMessage
 0002:00002150       pehdr
 0001:0005634C       PEImports
 0001:00065B8C       PkgDirectoriesConditionals
 0001:00001B2C       PlaySound
 0002:00002108       PreloadThread
 0001:00007C10       ProcessMacros
 0001:00007AE8       ProcessSelectOperator
 0002:00002264       ProductStartup
 0001:000029E4       qastaff
 0001:00055F18       RaiseError
 0002:000022D0       RcCompilerTool
 0001:0005E1E4       RcInitialize
 0001:00002768       rdstaff
 0001:0000C3D4       ReadChar
 0001:00056164       ReadPeObjectTable
 0001:0005E1A4       RegisterFilters
 0001:00061324       RegisterNewPages
 0001:000613F4       RegisterNonActiveXComps
 0001:00044A48       RegisterXMLFileSystem
 0001:000013B4       RegStr
 0001:00000664       ReleaseDC
 0001:00012BC4       RemoveDefine
 0001:0001C814       RemoveLib
 0001:0001BF0C       RemoveString
 0001:0001C8E0       ReplaceBPIs
 0001:00012D70       ReplaceDir
 0001:0001C704       ReplaceLibs
 0001:000318D0       ReportError
 0002:00000C20       ResExt
 0001:000680BC       ResItems.AddSrc
 0001:00067FBC       ResItems.Create
 0001:000680F0       ResItems.Delete
 0001:0006803C       ResItems.GetCount
 0001:00068060       ResItems.GetItem
 0001:000680C8       ResItems.IndexOfCookie
 0001:0006808C       ResItems.InsertSrc
 0001:00068110       ResItems.Move
 0001:00001A34       RichEdit
 0002:00000C00       RtlNames
 0001:00066330       RWCheck
 0001:000662B4       RWCheckC
 0001:00066254       RWCheckP
 0001:00064C08       RWCookieType
 0001:00066224       RWFmtFromExt
 0001:00065BD0       RWSErrs
 0001:00067B4C       RxCookie.CanChangeRef
 0001:00067B24       RxCookie.CanSaveAs
 0001:00067624       RxCookie.Create
 0001:00067698       RxCookie.Destroy
 0001:000676C4       RxCookie.FetchStrApi
 0001:00067A68       RxCookie.GetAttributes
 0001:00067A28       RxCookie.GetCookie
 0001:00067A48       RxCookie.GetCookieId
 0001:00067780       RxCookie.GetCookieString
 0001:00067A98       RxCookie.GetIndex
 0001:00067744       RxCookie.GetIntfBase
 0001:00067808       RxCookie.GetName
 0001:00067918       RxCookie.GetNameSource
 0001:00067A88       RxCookie.GetParent
 0001:00067758       RxCookie.GetProjectIntf
 0001:00067724       RxCookie.GetStrApi
 0001:00067890       RxCookie.GetTypeName
 0001:000679A0       RxCookie.GetTypeNameSource
 0001:00067AB8       RxCookie.SaveAs
 0001:0006889C       RxField.Create
 0001:00068B78       RxField.FetchBlobApi
 0001:00068BF8       RxField.GetBin
 0001:00068A84       RxField.GetBinBlob
 0001:00068C70       RxField.GetBinLength
 0001:00068BD8       RxField.GetBlobApi
 0001:00068910       RxField.GetIntf
 0001:00068960       RxField.GetSource
 0001:00068B00       RxField.SetBin
 0001:000689F8       RxField.SetSource
 0001:00068138       RxItem.Create
 0001:000681C0       RxItem.Destroy
 0001:00068744       RxItem.FetchBlobApi
 0001:000687C4       RxItem.GetBin
 0001:000686C8       RxItem.GetBinBlob
 0001:00068824       RxItem.GetBinLength
 0001:000687A4       RxItem.GetBlobApi
 0001:000685D0       RxItem.GetDeletable
 0001:000682B8       RxItem.GetField
 0001:00068338       RxItem.GetFieldByName
 0001:000681F0       RxItem.GetIntf
 0001:00068240       RxItem.GetNumFields
 0001:000683D0       RxItem.GetRTName
 0001:00068478       RxItem.GetSource
 0001:00068540       RxItem.GetSourceInternal
 0001:00068650       RxItem.SetBin
 0001:00068558       RxItem.SetSource
 0001:00066CDC       RxProject.AddFileToProject
 0001:00067384       RxProject.CanCreateSymbol
 0001:00066954       RxProject.CanSaveAs
 0001:00066C00       RxProject.CanSetIncludePath
 0001:00066658       RxProject.Create
 0001:00067158       RxProject.DeleteCookie
 0001:000666FC       RxProject.Destroy
 0001:00066D40       RxProject.FindFile
 0001:00067318       RxProject.FindSymbol
 0001:000669D0       RxProject.GetAutoExeName
 0001:000671D0       RxProject.GetAutoIdMode
 0001:00066A60       RxProject.GetAutoResName
 0001:00066980       RxProject.GetBackupMode
 0001:0006712C       RxProject.GetCookieApi
 0001:00066F94       RxProject.GetDefaultLanguage
 0001:00066E8C       RxProject.GetEditorName
 0001:00067080       RxProject.GetFilter
 0001:000670E4       RxProject.GetFirstChild
 0001:000670C4       RxProject.GetFirstItem
 0001:00066BC0       RxProject.GetHFile
 0001:00066FFC       RxProject.GetIDSortType
 0001:00066AF0       RxProject.GetIncludePath
 0001:00066740       RxProject.GetLastError
 0001:00066760       RxProject.GetLastErrorStrApi
 0001:0006678C       RxProject.GetLastErrorString
 0001:00067108       RxProject.GetNextSibling
 0001:00067540       RxProject.GetNotifyApi
 0001:00066B80       RxProject.GetRCFile
 0001:00066F44       RxProject.GetSlaveMode
 0001:0006703C       RxProject.GetSortType
 0001:00066720       RxProject.InitRxProject
 0001:00066E1C       RxProject.Is32Res
 0001:00066F1C       RxProject.IsAppExpertProject
 0001:00066C6C       RxProject.IsFileInProject
 0001:00066DAC       RxProject.IsPE
 0001:000668B0       RxProject.New
 0001:000671A8       RxProject.NewBlobApi
 0001:000673E4       RxProject.NewResType
 0001:00067184       RxProject.NewStringApi
 0001:00067220       RxProject.NewSymbol
 0001:00066884       RxProject.Open
 0001:000667DC       RxProject.OpenOptimize
 0001:000674B4       RxProject.PasteRes
 0001:0006747C       RxProject.PasteResData
 0001:000668DC       RxProject.Save
 0001:000668F0       RxProject.SaveAs
 0001:00066824       RxProject.SaveOptimize
 0001:00066A00       RxProject.SetAutoExeName
 0001:000671F8       RxProject.SetAutoIdMode
 0001:00066A90       RxProject.SetAutoResName
 0001:000669A8       RxProject.SetBackupMode
 0001:000674DC       RxProject.SetCompileStatusApi
 0001:00066FB8       RxProject.SetDefaultLanguage
 0001:00066EBC       RxProject.SetEditorName
 0001:000670A4       RxProject.SetFilter
 0001:00066BE0       RxProject.SetHFile
 0001:0006701C       RxProject.SetIDSortType
 0001:00066B20       RxProject.SetIncludePath
 0001:00066FD8       RxProject.SetMBCSFlag
 0001:00067564       RxProject.SetNotifyApi
 0001:00066BA0       RxProject.SetRCFile
 0001:00066F6C       RxProject.SetSlaveMode
 0001:00067060       RxProject.SetSortType
 0001:000675BC       RxProject.SetUICallbackApi
 0001:000672A8       RxProject.SymbolExists
 0001:00067450       RxProject.UndoDeleteRes
 0001:000664FC       RxProjectFactory.Create
 0001:000665E0       RxProjectFactory.CreateProject
 0001:000665A8       RxProjectFactory.Destroy
 0001:00069060       RxResource.Create
 0001:000690D4       RxResource.Destroy
 0001:0006941C       RxResource.GetCharacteristics
 0001:00069108       RxResource.GetIntf
 0001:000696E4       RxResource.GetItem
 0001:00069244       RxResource.GetLanguage
 0001:00069158       RxResource.GetMemFlags
 0001:00069508       RxResource.GetOwner
 0001:00069560       RxResource.GetResType
 0001:000695DC       RxResource.GetSourceType
 0001:00069330       RxResource.GetVersion
 0001:00069494       RxResource.SetCharacteristics
 0001:000692BC       RxResource.SetLanguage
 0001:000691D0       RxResource.SetMemFlags
 0001:00069654       RxResource.SetName
 0001:000693A8       RxResource.SetVersion
 0001:00069770       RxResource.UniqueItemId
 0001:00067F44       RxResType.AddBinFileToProject
 0001:00067B74       RxResType.Create
 0001:00067EBC       RxResType.FindResource
 0001:00067BE8       RxResType.GetIntf
 0001:00067CBC       RxResType.NewBinRes
 0001:00067C38       RxResType.NewRes
 0001:00067E3C       RxResType.UniqueResId
 0001:00067D48       RxResType.UniqueResName
 0001:00068CE8       RxSymbol.Create
 0001:00068D5C       RxSymbol.GetIntf
 0001:00068F68       RxSymbol.GetUsageCount
 0001:00068FE0       RxSymbol.GetUser
 0001:00068EC4       RxSymbol.GetValue
 0001:00068DAC       RxSymbol.SetName
 0001:00068E38       RxSymbol.SetValue
 0001:00069838       RXUtil
 0001:000306C4       SameFlags
 0002:00000678       SaveFilterIndex
 0002:0000002C       Scenes
 0001:000005F4       SearchPath
 0001:00065064       SetBit
 0001:00065090       SetCheck
 0001:0000066C       SetCursor
 0001:000651FC       SetDebugDCU
 0001:000005FC       SetEnvironmentVariable
 0001:00000674       SetFocus
 0001:000650BC       SetReferenceInfo
 0001:00020C2C       SetSysDefine
 0001:000013EC       ShellAPI
 0001:0000130C       ShlObj
 0001:00001F38       ShowAboutBox
 0001:00055C84       ShowBuildStats
 0002:0000079C       ShowBuildStats
 0001:0005E328       ShowEditorTokenHelp
 0001:0005E20C       ShowErrorHelp
 0001:0003DB68       SkipToClose
 0001:00034C0C       SkipToEnd
 0001:0003E060       SkipToken
 0002:0000099C       SourceExt
 0001:00001F8C       staff
 0001:00034920       StartCopy
 0001:00055D14       stats
 0002:000020E8       StdIncFiles
 0001:0001C694       StringExists
 0001:00000684       Succeeded
 0002:00002054       SysColorRes
 0001:0000058C       SysInit
 0001:00003354       SystemColorRes
 0001:00003724       TAboutBox.CMDialogChar
 0001:000038C4       TAboutBox.DoneAnimation
 0001:0000353C       TAboutBox.FormCreate
 0001:00003664       TAboutBox.FormDestroy
 0001:00003854       TAboutBox.InitAnimation
 0001:0000311C       TAboutBox.InitializeCaptions
 0001:00003C88       TAboutBox.LabelClick
 0001:00003930       TAboutBox.LoadNameList
 0001:000039DC       TAboutBox.NameAnimation
 0001:00003C68       TAboutBox.ResTimerTimer
 0001:000038A8       TAboutBox.ScrollComplete
 0001:00002C68       TAboutBox.SetOSInfo
 0001:00003A64       TAboutBox.ShowGungla
 0001:00003A58       TAboutBox.ShowQAStaff
 0001:00003A4C       TAboutBox.ShowRDStaff
 0001:00003A40       TAboutBox.ShowStaff
 0002:0000096C       TargetTypeArray
 0002:000022C8       TasmCompilerTool
 0001:00010934       TBPFContainer.CreateLocalMenu
 0001:00010984       TBPFCreator.CanHandle
 0001:000109FC       TBPFCreator.CreateContainer
 0001:00010AF8       TBPFCreator.DefaultFor
 0001:00010AD8       TBPFCreator.GetContainerId
 0001:000609F0       TBrowseCppUnitFileDirector.GetDefaultExtensions
 0001:00045450       TCBuilderCommands.ecViewExplorerExecute
 0001:0004554C       TCBuilderCommands.FileIncludeUnitHdrCommandExecute
 0001:00045498       TCBuilderCommands.FileIncludeUnitHdrCommandUpdate
 0001:000458B0       TCBuilderCommands.HelpAboutCommandExecute
 0001:000458C4       TCBuilderCommands.HelpCBuilderPageCommandExecute
 0001:00045AEC       TCBuilderCommands.HelpCBuilderToolsCommandExecute
 0001:00045B90       TCBuilderCommands.HelpDevSupportCommandExecute
 0001:00045C68       TCBuilderCommands.HelpSTLPortCommandExecute
 0001:00045ACC       TCBuilderCommands.ProjectCompileUnitCommandExecute
 0001:00045BE4       TCBuilderCommands.ProjectExportMakefileCommandExecute
 0001:00045A5C       TCBuilderCommands.ProjectMakeCommandExecute
 0001:00045918       TCBuilderCommands.ProjectMakeCommandUpdate
 0001:00045AAC       TCBuilderCommands.ProjectViewMakefileCommandExecute
 0001:00045A7C       TCBuilderCommands.SearchGotoAddressCommandExecute
 0001:00045A84       TCBuilderCommands.SearchGotoAddressCommandUpdate
 0001:000453F8       TCBuilderCommands.ViewCodeExplorerCommandExecute
 0001:00045428       TCBuilderCommands.ViewCodeExplorerCommandUpdate
 0001:00031EF4       TClassSymbol.Create
 0001:00031FB0       TClassSymbol.Destroy
 0001:0005EF50       TCompileFinishedHelper.CompileFinished
 0001:0005F060       TCompileFinishedHelper.InternalCompileFinished
 0001:00048C60       TCompiler.CanCompile
 0001:0004DA68       TCompiler.Clear
 0001:0004DAA0       TCompiler.ClearCompName
 0001:00049198       TCompiler.Compile
 0001:00048990       TCompiler.CompileAll
 0001:00048D64       TCompiler.CompileAndBrowse
 0001:00049010       TCompiler.CompileFiles
 0001:00048300       TCompiler.CopyCompOptions
 0001:0004BC78       TCompiler.CppAll
 0001:0004B8F8       TCompiler.CppCompilerKibitz
 0001:00048258       TCompiler.Create
 0001:00048574       TCompiler.CreatePathStr
 0001:000482D4       TCompiler.Destroy
 0001:000486C0       TCompiler.EndPreloadThread
 0001:0004DAF0       TCompiler.ErrorInLastCompile
 0001:0004DB1C       TCompiler.GetCompOptions
 0001:0004DB20       TCompiler.GetCompResult
 0001:00048558       TCompiler.GetErrorCount
 0001:00048564       TCompiler.GetLibraryFlag
 0001:0004DAC0       TCompiler.GetUnitSymbol
 0001:0004DBE4       TCompiler.IdlAll
 0001:0004DB98       TCompiler.IncErrorCount
 0001:0004DAEC       TCompiler.IsCompileSource
 0001:0004DD1C       TCompiler.IsCORBAProject
 0001:00048600       TCompiler.LibraryOptionsChanged
 0001:00049D24       TCompiler.LinkAge
 0001:0004A360       TCompiler.LinkAll
 0001:00049E54       TCompiler.LinkNeeded
 0001:0004AFFC       TCompiler.OptPch
 0001:0004C3BC       TCompiler.ParseTasmErrors
 0001:0004D150       TCompiler.PascalAll
 0001:0004974C       TCompiler.PostCompile
 0001:000499E0       TCompiler.PreCompile
 0001:0004C62C       TCompiler.RcAll
 0001:0004AD30       TCompiler.ReadPchFiles
 0001:00048C38       TCompiler.ReadyCacheForBuild
 0001:00049BA4       TCompiler.ResAge
 0001:0004DB28       TCompiler.SetCompiledName
 0001:00048980       TCompiler.SetErrorCount
 0001:0004DB6C       TCompiler.SetLibraryPath
 0001:000499FC       TCompiler.ShouldCompile
 0001:000490DC       TCompiler.ShouldCompileFiles
 0001:00048658       TCompiler.StartPreloadThread
 0001:0004CCB4       TCompiler.TasmAll
 0001:0004A9F0       TCompiler.TasmCompile
 0001:0004A090       TCompiler.TLibAll
 0001:00048900       TCompiler.WaitForPreload
 0001:0005E838       TCompilerAdapter.CancelBackgroundCompile
 0001:0005E8F8       TCompilerAdapter.Clear
 0001:0005EC70       TCompilerAdapter.ClearAllStates
 0001:0005EC6C       TCompilerAdapter.ClearCompState
 0001:0005E90C       TCompilerAdapter.ClearPackageCache
 0001:0005E904       TCompilerAdapter.ClearUnitCache
 0001:0005E92C       TCompilerAdapter.Compile
 0001:0005EB6C       TCompilerAdapter.CompileAndBrowse
 0001:0005E9A0       TCompilerAdapter.CompileFiles
 0001:0005EA18       TCompilerAdapter.CompilePackage
 0001:0005E914       TCompilerAdapter.CopyCompOptions
 0001:0005ED14       TCompilerAdapter.CppCompilerKibitz
 0001:0005E7C4       TCompilerAdapter.Create
 0001:0005E808       TCompilerAdapter.Destroy
 0001:0005EA84       TCompilerAdapter.DisableBackgroundCompiling
 0001:0005EA8C       TCompilerAdapter.EnableBackgroundCompiling
 0001:0005EBC4       TCompilerAdapter.GetBackgroundCompileActive
 0001:0005EC10       TCompilerAdapter.GetBuildTime
 0001:0005EC04       TCompilerAdapter.GetCompResult
 0001:0005EBD0       TCompilerAdapter.GetErrorCount
 0001:0005EBDC       TCompilerAdapter.GetExecName
 0001:0005ECE0       TCompilerAdapter.GetFileCount
 0001:0005ECE8       TCompilerAdapter.GetFileIndex
 0001:0005ECEC       TCompilerAdapter.GetFileName
 0001:0005EBF8       TCompilerAdapter.GetLibraryFlag
 0001:0005ECF8       TCompilerAdapter.GetProject
 0001:0005ECD8       TCompilerAdapter.GetSrcLines
 0001:0005EC30       TCompilerAdapter.GetUnitSymbol
 0001:0005EC44       TCompilerAdapter.IncErrorCount
 0001:0005EC50       TCompilerAdapter.IsCompileSource
 0001:0005EC5C       TCompilerAdapter.LoadCompState
 0001:0005EC3C       TCompilerAdapter.LookupUnitSymbol
 0001:0005EC64       TCompilerAdapter.NewCompState
 0001:0005EC60       TCompilerAdapter.SaveCompState
 0001:0005EC68       TCompilerAdapter.SetCompState
 0001:0005ECCC       TCompilerAdapter.SetErrorCount
 0001:0005EC74       TCompilerAdapter.ShouldCompile
 0001:0005EAA0       TCompilerAdapter.ShouldCompileFiles
 0001:0005EAFC       TCompilerAdapter.ShowCompilerMessages
 0001:000081B8       TCopyParser.CopySkipToEOL
 0001:00008220       TCopyParser.CopyToEOL
 0001:00008234       TCopyParser.CopyTokenToOutput
 0001:000080FC       TCopyParser.Create
 0001:0000817C       TCopyParser.Destroy
 0001:00008240       TCopyParser.Error
 0001:00008248       TCopyParser.ErrorFmt
 0001:000082A4       TCopyParser.ErrorStr
 0001:000082E4       TCopyParser.NextToken
 0001:000083FC       TCopyParser.ReadBuffer
 0001:000084C4       TCopyParser.SkipBlanks
 0001:000082F0       TCopyParser.SkipToEOL
 0001:00008304       TCopyParser.SkipToEOL
 0001:000083F4       TCopyParser.SkipToken
 0001:00008344       TCopyParser.SkipToNextToken
 0001:00008524       TCopyParser.TokenString
 0001:00008544       TCopyParser.TokenSymbolIs
 0001:000085A8       TCopyParser.UpdateOutStream
 0001:000466C8       TCppAdvancedCompilerOptionsPage.CppAdvancedCompilerOptionsPageBroadcast
 0001:00046448       TCppAdvancedCompilerOptionsPage.GetCompilerOpts
 0001:00047160       TCppAdvancedCompilerOptionsPage.OptionChange
 0001:00046874       TCppAdvancedCompilerOptionsPage.RevertControl
 0001:000461F4       TCppAdvancedCompilerOptionsPage.SetCompilerOpts
 0001:00046C8C       TCppAdvancedCompilerOptionsPage.ShowOverrides
 0001:0006A218       TCPPAdvancedLinkerOptionsPage.bDllsClick
 0001:0006A044       TCPPAdvancedLinkerOptionsPage.PropertySheetBroadcast
 0001:0004765C       TCppATLOptionsPage.CppAtlOptionsPageBroadcast
 0001:0006A694       TCppBPITool.CanHandle
 0001:0006A4A4       TCppBPITool.Create
 0001:0006A518       TCppBPITool.CreateContainer
 0001:0006A71C       TCppBPITool.DefaultFor
 0001:0006A4E8       TCppBPITool.Destroy
 0001:0006A6F8       TCppBPITool.GetContainerId
 0001:0006A748       TCppBPITool.IsDefType
 0001:0006A740       TCppBPITool.IsLibType
 0001:0006A73C       TCppBPITool.IsObjType
 0001:0006A744       TCppBPITool.IsResType
 0001:0003D5D8       TCppClassManager.Create
 0001:0003D67C       TCppClassManager.Destroy
 0001:0003D6B8       TCppClassManager.FindPublished
 0001:0003DC80       TCppClassManager.ParseClass
 0001:0003D7F0       TCppClassManager.ParseClasses
 0001:0003F3BC       TCppClassManager.ParseCoClass
 0001:000411C0       TCppClassManager.ParseCoClassMembers
 0001:000416F0       TCppClassManager.ParseDefineGuid
 0001:0003DD34       TCppClassManager.ParseFormClass
 0001:0003F6A0       TCppClassManager.ParseFormMembers
 0001:00041800       TCppClassManager.ParseFormVar
 0001:0003D710       TCppClassManager.ParseHeader
 0001:0003F9B0       TCppClassManager.ParseMethod
 0001:0003FBC4       TCppClassManager.ParseMethodScanner
 0001:0003F9E0       TCppClassManager.ParseMethodType
 0001:0003FA04       TCppClassManager.ParseMethodTypeScanner
 0001:00041BC0       TCppClassManager.ParseSource
 0001:0004216C       TCppClassManager.RegisterSourceFiles
 0001:000421A0       TCppClassManager.RenameForm
 0001:00035114       TCppClassUpdater.AddMethods
 0001:0003447C       TCppClassUpdater.Create
 0001:00034500       TCppClassUpdater.CreateIdlImplUpdater
 0001:000344BC       TCppClassUpdater.UpdateClassNames
 0001:0004F98C       TCppCompilerOptionsPage.bOptSelectedClick
 0001:0004F910       TCppCompilerOptionsPage.bWarnSelectedClick
 0001:0004F68C       TCppCompilerOptionsPage.CppCompilerOptionsPageBroadcast
 0001:0004F458       TCppCompilerOptionsPage.GetCompilerOpts
 0001:000500C8       TCppCompilerOptionsPage.OptionChange
 0001:0004F66C       TCppCompilerOptionsPage.pbFullDebugClick
 0001:0004F67C       TCppCompilerOptionsPage.pbReleaseClick
 0001:0004F9D8       TCppCompilerOptionsPage.rbNoOptimClick
 0001:0004F8D4       TCppCompilerOptionsPage.rbOptNormalClick
 0001:0004F9A8       TCppCompilerOptionsPage.rbOptSelectedClick
 0001:0004F94C       TCppCompilerOptionsPage.rbWarnAllClick
 0001:0004F96C       TCppCompilerOptionsPage.rbWarnNoneClick
 0001:0004F92C       TCppCompilerOptionsPage.rbWarnSelectedClick
 0001:0004FA08       TCppCompilerOptionsPage.RevertControl
 0001:0004F258       TCppCompilerOptionsPage.SetCompilerOpts
 0001:0004FDF0       TCppCompilerOptionsPage.ShowOverrides
 0001:0000DB78       TCppCompilerTool.CanHandle
 0001:0000DD18       TCppCompilerTool.Compile
 0001:0000D8E0       TCppCompilerTool.CreateContainer
 0001:0000E404       TCppCompilerTool.CreateProjUnit
 0001:0000E314       TCppCompilerTool.CreateUserData
 0001:0000DC28       TCppCompilerTool.DefaultFor
 0001:0000D8BC       TCppCompilerTool.Destroy
 0001:0000E3D8       TCppCompilerTool.DestroyUserData
 0001:0000DC00       TCppCompilerTool.GetContainerId
 0001:0000E69C       TCppCompilerTool.GetDefaultExt
 0001:0000E5D8       TCppCompilerTool.GetFormResourceName
 0001:0000E7FC       TCppCompilerTool.GetOptionsPages
 0001:0000E6B0       TCppCompilerTool.GetOtherExt
 0001:0000E4EC       TCppCompilerTool.GetUsesMacro
 0001:0000E75C       TCppCompilerTool.Initialize
 0001:0000E4E8       TCppCompilerTool.IsDefType
 0001:0000E4E0       TCppCompilerTool.IsLibType
 0001:0000E4DC       TCppCompilerTool.IsObjType
 0001:0000E4E4       TCppCompilerTool.IsResType
 0001:0000E8A8       TCppCompilerTool.OptPch
 0001:0000EE0C       TCppCompilerTool.ReadPchFiles
 0001:0000E6C4       TCppCompilerTool.SetDefaultExt
 0001:0000E710       TCppCompilerTool.SetOtherExt
 0001:0000E274       TCppCompilerTool.ShouldBuild
 0001:0000E474       TCppCompilerTool.UpdateProjUnit
 0001:00047EBC       TCppCompileThread.CallFinishProc
 0001:00047E28       TCppCompileThread.Create
 0001:00047F88       TCppCompileThread.CreateProgressDialog
 0001:000481A4       TCppCompileThread.Execute
 0001:0004822C       TCppCompileThread.PostCompile
 0001:0002C290       TCppCOMponentSourceCreator.AddUnitName
 0001:0002C204       TCppCOMponentSourceCreator.Create
 0001:0002C43C       TCppCOMponentSourceCreator.GetIncludeInProject
 0001:0002C3CC       TCppCOMponentSourceCreator.GetInterfaceSource
 0001:0002C2F8       TCppCOMponentSourceCreator.GetSource
 0001:0002C440       TCppCOMponentSourceCreator.GetUnits
 0001:0002D098       TCppConsoleProjectCreator.GetSource
 0001:00054394       TCppCppOptionsPage.cbEHEnableClick
 0001:00053B30       TCppCppOptionsPage.CppCppOptionsPageBroadcast
 0001:0005394C       TCppCppOptionsPage.GetCompilerOpts
 0001:00053F24       TCppCppOptionsPage.OptionChange
 0001:0005403C       TCppCppOptionsPage.RevertControl
 0001:0005378C       TCppCppOptionsPage.SetCompilerOpts
 0001:00053C34       TCppCppOptionsPage.ShowOverrides
 0001:0002B998       TCppCreator.Create
 0001:0002BA2C       TCppCreator.DoValidateIdent
 0001:0002BA34       TCppCreator.FormatSource
 0001:0002BAD4       TCppCreator.GetLanguage
 0001:0006FB04       TCppDcrTool.CanHandle
 0001:0006F984       TCppDcrTool.Create
 0001:0006F9F8       TCppDcrTool.CreateContainer
 0001:0006FB8C       TCppDcrTool.DefaultFor
 0001:0006F9C8       TCppDcrTool.Destroy
 0001:0006FB68       TCppDcrTool.GetContainerId
 0001:0006FBBC       TCppDcrTool.GetLinkableName
 0001:0006FBB8       TCppDcrTool.IsDefType
 0001:0006FBB0       TCppDcrTool.IsLibType
 0001:0006FBAC       TCppDcrTool.IsObjType
 0001:0006FBB4       TCppDcrTool.IsResType
[...]
 0001:00066B20       RxProject.SetIncludePath
 0001:00066B80       RxProject.GetRCFile
 0001:00066BA0       RxProject.SetRCFile
 0001:00066BC0       RxProject.GetHFile
 0001:00066BE0       RxProject.SetHFile
 0001:00066C00       RxProject.CanSetIncludePath
 0001:00066C6C       RxProject.IsFileInProject
 0001:00066CDC       RxProject.AddFileToProject
 0001:00066D40       RxProject.FindFile
 0001:00066DAC       RxProject.IsPE
 0001:00066E1C       RxProject.Is32Res
 0001:00066E8C       RxProject.GetEditorName
 0001:00066EBC       RxProject.SetEditorName
 0001:00066F1C       RxProject.IsAppExpertProject
 0001:00066F44       RxProject.GetSlaveMode
 0001:00066F6C       RxProject.SetSlaveMode
 0001:00066F94       RxProject.GetDefaultLanguage
 0001:00066FB8       RxProject.SetDefaultLanguage
 0001:00066FD8       RxProject.SetMBCSFlag
 0001:00066FFC       RxProject.GetIDSortType
 0001:0006701C       RxProject.SetIDSortType
 0001:0006703C       RxProject.GetSortType
 0001:00067060       RxProject.SetSortType
 0001:00067080       RxProject.GetFilter
 0001:000670A4       RxProject.SetFilter
 0001:000670C4       RxProject.GetFirstItem
 0001:000670E4       RxProject.GetFirstChild
 0001:00067108       RxProject.GetNextSibling
 0001:0006712C       RxProject.GetCookieApi
 0001:00067158       RxProject.DeleteCookie
 0001:00067184       RxProject.NewStringApi
 0001:000671A8       RxProject.NewBlobApi
 0001:000671D0       RxProject.GetAutoIdMode
 0001:000671F8       RxProject.SetAutoIdMode
 0001:00067220       RxProject.NewSymbol
 0001:000672A8       RxProject.SymbolExists
 0001:00067318       RxProject.FindSymbol
 0001:00067384       RxProject.CanCreateSymbol
 0001:000673E4       RxProject.NewResType
 0001:00067450       RxProject.UndoDeleteRes
 0001:0006747C       RxProject.PasteResData
 0001:000674B4       RxProject.PasteRes
 0001:000674DC       RxProject.SetCompileStatusApi
 0001:00067540       RxProject.GetNotifyApi
 0001:00067564       RxProject.SetNotifyApi
 0001:000675BC       RxProject.SetUICallbackApi
 0001:00067624       RxCookie.Create
 0001:00067698       RxCookie.Destroy
 0001:000676C4       RxCookie.FetchStrApi
 0001:00067724       RxCookie.GetStrApi
 0001:00067744       RxCookie.GetIntfBase
 0001:00067758       RxCookie.GetProjectIntf
 0001:00067780       RxCookie.GetCookieString
 0001:00067808       RxCookie.GetName
 0001:00067890       RxCookie.GetTypeName
 0001:00067918       RxCookie.GetNameSource
 0001:000679A0       RxCookie.GetTypeNameSource
 0001:00067A28       RxCookie.GetCookie
 0001:00067A48       RxCookie.GetCookieId
 0001:00067A68       RxCookie.GetAttributes
 0001:00067A88       RxCookie.GetParent
 0001:00067A98       RxCookie.GetIndex
 0001:00067AB8       RxCookie.SaveAs
 0001:00067B24       RxCookie.CanSaveAs
 0001:00067B4C       RxCookie.CanChangeRef
 0001:00067B74       RxResType.Create
 0001:00067BE8       RxResType.GetIntf
 0001:00067C38       RxResType.NewRes
 0001:00067CBC       RxResType.NewBinRes
 0001:00067D48       RxResType.UniqueResName
 0001:00067E3C       RxResType.UniqueResId
 0001:00067EBC       RxResType.FindResource
 0001:00067F44       RxResType.AddBinFileToProject
 0001:00067FBC       ResItems.Create
 0001:0006803C       ResItems.GetCount
 0001:00068060       ResItems.GetItem
 0001:0006808C       ResItems.InsertSrc
 0001:000680BC       ResItems.AddSrc
 0001:000680C8       ResItems.IndexOfCookie
 0001:000680F0       ResItems.Delete
 0001:00068110       ResItems.Move
 0001:00068138       RxItem.Create
 0001:000681C0       RxItem.Destroy
 0001:000681F0       RxItem.GetIntf
 0001:00068240       RxItem.GetNumFields
 0001:000682B8       RxItem.GetField
 0001:00068338       RxItem.GetFieldByName
 0001:000683D0       RxItem.GetRTName
 0001:00068478       RxItem.GetSource
 0001:00068540       RxItem.GetSourceInternal
 0001:00068558       RxItem.SetSource
 0001:000685D0       RxItem.GetDeletable
 0001:00068650       RxItem.SetBin
 0001:000686C8       RxItem.GetBinBlob
 0001:00068744       RxItem.FetchBlobApi
 0001:000687A4       RxItem.GetBlobApi
 0001:000687C4       RxItem.GetBin
 0001:00068824       RxItem.GetBinLength
 0001:0006889C       RxField.Create
 0001:00068910       RxField.GetIntf
 0001:00068960       RxField.GetSource
 0001:000689F8       RxField.SetSource
 0001:00068A84       RxField.GetBinBlob
 0001:00068B00       RxField.SetBin
 0001:00068B78       RxField.FetchBlobApi
 0001:00068BD8       RxField.GetBlobApi
 0001:00068BF8       RxField.GetBin
 0001:00068C70       RxField.GetBinLength
 0001:00068CE8       RxSymbol.Create
 0001:00068D5C       RxSymbol.GetIntf
 0001:00068DAC       RxSymbol.SetName
 0001:00068E38       RxSymbol.SetValue
 0001:00068EC4       RxSymbol.GetValue
 0001:00068F68       RxSymbol.GetUsageCount
 0001:00068FE0       RxSymbol.GetUser
 0001:00069060       RxResource.Create
 0001:000690D4       RxResource.Destroy
 0001:00069108       RxResource.GetIntf
 0001:00069158       RxResource.GetMemFlags
 0001:000691D0       RxResource.SetMemFlags
 0001:00069244       RxResource.GetLanguage
 0001:000692BC       RxResource.SetLanguage
 0001:00069330       RxResource.GetVersion
 0001:000693A8       RxResource.SetVersion
 0001:0006941C       RxResource.GetCharacteristics
 0001:00069494       RxResource.SetCharacteristics
 0001:00069508       RxResource.GetOwner
 0001:00069560       RxResource.GetResType
 0001:000695DC       RxResource.GetSourceType
 0001:00069654       RxResource.SetName
 0001:000696E4       RxResource.GetItem
 0001:00069770       RxResource.UniqueItemId
 0001:000697F0       Finalization
 0001:00069838       RXUtil
 0001:000699A8       Finalization
 0001:000699E4       CppLibOptions
 0001:00069BB8       TCppLocalDirectoriesConditionalsPage.ddConditionalsChange
 0001:00069C64       TCppLocalDirectoriesConditionalsPage.EditListClick
 0001:00069C9C       Finalization
 0001:00069CD8       CppLocalDirectoriesConditionals
 0001:0006A044       TCPPAdvancedLinkerOptionsPage.PropertySheetBroadcast
 0001:0006A218       TCPPAdvancedLinkerOptionsPage.bDllsClick
 0001:0006A2C4       Finalization
 0001:0006A300       CppAdvancedLinkerPage
 0001:0006A4A4       TCppBPITool.Create
 0001:0006A4E8       TCppBPITool.Destroy
 0001:0006A518       TCppBPITool.CreateContainer
 0001:0006A694       TCppBPITool.CanHandle
 0001:0006A6F8       TCppBPITool.GetContainerId
 0001:0006A71C       TCppBPITool.DefaultFor
 0001:0006A73C       TCppBPITool.IsObjType
 0001:0006A740       TCppBPITool.IsLibType
 0001:0006A744       TCppBPITool.IsResType
 0001:0006A748       TCppBPITool.IsDefType
 0001:0006A74C       Finalization
 0001:0006A798       CppBPIContainer
 0001:0006A918       TCppOBJTool.Create
 0001:0006A95C       TCppOBJTool.Destroy
 0001:0006A98C       TCppOBJTool.CreateContainer
 0001:0006AA98       TCppOBJTool.CanHandle
 0001:0006AAFC       TCppOBJTool.GetContainerId
 0001:0006AB20       TCppOBJTool.DefaultFor
 0001:0006AB40       TCppOBJTool.IsObjType
 0001:0006AB44       TCppOBJTool.IsLibType
 0001:0006AB48       TCppOBJTool.IsResType
 0001:0006AB4C       TCppOBJTool.IsDefType
 0001:0006AB50       Finalization
 0001:0006AB9C       CppObjContainer
 0001:0006AD1C       TCppRESTool.Create
 0001:0006AD60       TCppRESTool.Destroy
 0001:0006AD90       TCppRESTool.CreateContainer
 0001:0006AE9C       TCppRESTool.CanHandle
 0001:0006AF00       TCppRESTool.GetContainerId
 0001:0006AF24       TCppRESTool.DefaultFor
 0001:0006AF44       TCppRESTool.IsObjType
 0001:0006AF48       TCppRESTool.IsLibType
 0001:0006AF4C       TCppRESTool.IsResType
 0001:0006AF50       TCppRESTool.IsDefType
 0001:0006AF54       Finalization
 0001:0006AFA0       CppResContainer
 0001:0006B120       TCppLibTool.Create
 0001:0006B164       TCppLibTool.Destroy
 0001:0006B194       TCppLibTool.CreateContainer
 0001:0006B2A0       TCppLibTool.CanHandle
 0001:0006B304       TCppLibTool.GetContainerId
 0001:0006B328       TCppLibTool.DefaultFor
 0001:0006B348       TCppLibTool.IsObjType
 0001:0006B34C       TCppLibTool.IsResType
 0001:0006B350       TCppLibTool.IsLibType
 0001:0006B354       TCppLibTool.IsDefType
 0001:0006B358       Finalization
 0001:0006B3A4       CppLibContainer
 0001:0006B568       TCppDefTool.Create
 0001:0006B5AC       TCppDefTool.Destroy
 0001:0006B5DC       TCppDefTool.CreateContainer
 0001:0006B6E8       TCppDefTool.CanHandle
 0001:0006B74C       TCppDefTool.GetContainerId
 0001:0006B770       TCppDefTool.DefaultFor
 0001:0006B790       TCppDefTool.IsObjType
 0001:0006B794       TCppDefTool.IsResType
 0001:0006B798       TCppDefTool.IsDefType
 0001:0006B79C       TCppDefTool.IsLibType
 0001:0006B7A0       Finalization
 0001:0006B7EC       CppDefContainer
 0001:0006BCA0       TPasCompilerTool.Create
 0001:0006BCDC       TPasCompilerTool.CreateContainer
 0001:0006BF30       TPasCompilerTool.CanHandle
 0001:0006BF98       TPasCompilerTool.GetContainerId
 0001:0006BFC4       TPasCompilerTool.DefaultFor
 0001:0006BFE4       CreatePathStr
 0001:0006C06C       TPasCompilerTool.Compile
 0001:0006C8DC       TPasCompilerTool.ShouldBuild
 0001:0006C97C       TPasCompilerTool.CreateUserData
 0001:0006CA40       TPasCompilerTool.DestroyUserData
 0001:0006CA6C       TPasCompilerTool.CreateProjUnit
 0001:0006CADC       TPasCompilerTool.UpdateProjUnit
 0001:0006CB44       TPasCompilerTool.IsObjType
 0001:0006CB48       TPasCompilerTool.IsLibType
 0001:0006CB4C       TPasCompilerTool.IsResType
 0001:0006CB50       TPasCompilerTool.IsDefType
 0001:0006CB54       NameSpace
 0001:0006CB78       TPasCompilerTool.GetUsesMacro
 0001:0006CC5C       MakeRelativePath
 0001:0006CC8C       TPasCompilerTool.GetFormResourceName
 0001:0006CD50       TPasCompilerTool.Starting
 0001:0006CD58       TStdPasLeafContainer.BuildState
 0001:0006CD5C       Finalization
 0001:0006CDA8       CppPascalContainer
 0001:0006D38C       TTasmContainerClass.Create
 0001:0006D4C0       TTasmContainerClass.CreateLocalMenu
 0001:0006D534       TTasmContainerClass.GetDependIndex
 0001:0006D538       TTasmContainerClass.DependChanged
 0001:0006D604       TTasmContainerClass.BuildState
 0001:0006D608       TTasmCompilerTool.Create
 0001:0006D640       TTasmCompilerTool.CreateContainer
 0001:0006D7B4       TTasmCompilerTool.CanHandle
 0001:0006D81C       TTasmCompilerTool.GetContainerId
 0001:0006D840       TTasmCompilerTool.DefaultFor
 0001:0006D930       ExpandOption
 0001:0006DA88       TTasmCompilerTool.Compile
 0001:0006DD54       TTasmCompilerTool.ShouldBuild
 0001:0006DDC8       TTasmCompilerTool.CreateProjUnit
 0001:0006DE38       TTasmCompilerTool.UpdateProjUnit
 0001:0006DEA0       TTasmCompilerTool.IsObjType
 0001:0006DEA4       TTasmCompilerTool.IsLibType
 0001:0006DEA8       TTasmCompilerTool.IsResType
 0001:0006DEAC       TTasmCompilerTool.IsDefType
 0001:0006DEB0       TTasmCompilerTool.TasmCompile
 0001:0006E0D0       TTasmCompilerTool.GetDefaultExt
 0001:0006E0E4       TTasmCompilerTool.GetOtherExt
 0001:0006E0F8       TTasmCompilerTool.SetDefaultExt
 0001:0006E144       TTasmCompilerTool.SetOtherExt
 0001:0006E190       TTasmCompilerTool.Initialize
 0001:0006E228       TTasmCompilerTool.GetOptionsPages
 0001:0006E234       TTasmCompilerTool.CreateUserData
 0001:0006E2F8       TTasmCompilerTool.DestroyUserData
 0001:0006E360       TTasmCompilerTool.ParseTasmErrors
 0001:0006E5D0       Finalization
 0001:0006E630       CppTasmContainer
 0001:0006EBB4       TRcCompilerTool.Create
 0001:0006EBF0       TRcCompilerTool.CreateContainer
 0001:0006ED68       TRcCompilerTool.CanHandle
 0001:0006EDCC       TRcCompilerTool.GetContainerId
 0001:0006EDF4       TRcCompilerTool.DefaultFor
 0001:0006EEE4       TRcCompilerTool.Compile
 0001:0006F310       TRcCompilerTool.ShouldBuild
 0001:0006F3B0       TRcCompilerTool.CreateUserData
 0001:0006F474       TRcCompilerTool.DestroyUserData
 0001:0006F4A0       TRcCompilerTool.CreateProjUnit
 0001:0006F510       TRcCompilerTool.UpdateProjUnit
 0001:0006F578       TRcCompilerTool.IsObjType
 0001:0006F57C       TRcCompilerTool.IsLibType
 0001:0006F580       TRcCompilerTool.IsResType
 0001:0006F584       TRcCompilerTool.IsDefType
 0001:0006F588       TRcCompilerTool.Starting
 0001:0006F590       TRcCompilerTool.GetDefaultExt
 0001:0006F5A4       TRcCompilerTool.GetOtherExt
 0001:0006F5B8       TRcCompilerTool.SetDefaultExt
 0001:0006F604       TRcCompilerTool.SetOtherExt
 0001:0006F650       TRcCompilerTool.Initialize
 0001:0006F6E4       TRcCompilerTool.GetOptionsPages
 0001:0006F6F0       TStdRcLeafContainer.BuildState
 0001:0006F6F4       TStdRcLeafContainer.CreateLocalMenu
 0001:0006F768       Finalization
 0001:0006F7B4       CppRcContainer
 0001:0006F984       TCppDcrTool.Create
 0001:0006F9C8       TCppDcrTool.Destroy
 0001:0006F9F8       TCppDcrTool.CreateContainer
 0001:0006FB04       TCppDcrTool.CanHandle
 0001:0006FB68       TCppDcrTool.GetContainerId
 0001:0006FB8C       TCppDcrTool.DefaultFor
 0001:0006FBAC       TCppDcrTool.IsObjType
 0001:0006FBB0       TCppDcrTool.IsLibType
 0001:0006FBB4       TCppDcrTool.IsResType
 0001:0006FBB8       TCppDcrTool.IsDefType
 0001:0006FBBC       TCppDcrTool.GetLinkableName
 0001:0006FC1C       Finalization
 0001:0006FC68       CppDCRContainer
 0001:00070944       @GetPackageInfoTable
 0001:0007094C       @PackageLoad
 0001:00070958       @PackageUnload
 0001:00070964       bcbide
 0002:00000000       Module
 0002:00000018       TlsProc
 0002:00000028       OnShowUnReg
 0002:0000002C       Scenes
 0002:0000003C       BitmapNames
 0002:00000060       BitmapClasses
 0002:00000084       OutputStringProc
 0002:00000088       OutputStringNoLineProc
 0002:0000008C       OutputErrorProc
 0002:00000090       CRLF
 0002:00000094       ForceCreateSyms
 0002:000000BC       DefProjOpts
 0002:000000C0       BoolSwitchValues
 0002:000000E0       CompWarningSwitches
 0002:00000264       LinkerWarningSwitches
 0002:00000288       OptimizationSwitches
 0002:00000298       IdlProjOptsManagerHelperClass
 0002:0000029C       IdlProjectOptionsClass
 0002:000002A0       CGInstalled
 0002:000002A4       BoolValues
 0002:000002AC       BoolValues
 0002:000002B4       GenConApp
 0002:000002BC       GenLib
 0002:000002C4       GenDesignTime
 0002:000002CC       GenRunTime
 0002:000002D4       PageNames
 0002:00000320       FrameworkInclude
 0002:0000032C       VCL
 0002:00000334       CLX
 0002:0000033C       Windows
 0002:00000354       Main
 0002:0000036C       IO
 0002:00000374       Hdrstop
 0002:0000037C       ParamList
 0002:00000394       DashLine
 0002:00000398       DashLineCRLF
 0002:0000039C       CompileProjectProc
 0002:000003A0       CompileAndBrowseProc
 0002:000003A4       CompileFilesProc
 0002:000003A8       GetATLUnitCreatorProc
 0002:000003AC       IdlOptionsManagerHelperClass
 0002:000003B0       IdlOptionsUpdaterHelperClass
 0002:000003B4       XMLIdlOptionsManagerHelperClass
 0002:000003B8       XMLIdlOptionsUpdaterHelperClass
 0002:000003BC       IdlClassManagerHelperClass
 0002:000003C0       IdlImplUpdaterClass
 0002:000003C4       IdlProjectUpdaterClass
 0002:000003C8       IdlOptionsUpdaterClass
 0002:000003CC       XMLIdlOptionsUpdaterClass
 0002:000003D0       CallTemplates
 0002:000003F0       CharValue
 0002:000004F0       CharClass
 0002:000005F0       FormTypes
 0002:00000678       SaveFilterIndex
 0002:0000067C       PascalTypeNames
 0002:0000070C       CppTypeNames
 0002:0000079C       ShowBuildStats
 0002:000007A0       IdlCompilerHelperClass
 0002:000007A4       LastExeName
 0002:000007A8       ErrorTypes
 0002:000007B4       CompilerWarningDescriptions
 0002:00000938       LinkerWarningDescriptions
 0002:0000095C       OptimizationDescriptions
 0002:0000096C       TargetTypeArray
 0002:00000970       Ext
 0002:00000978       CppKibitzManager
 0002:0000097C       AcceptLiteral
 0002:0000099C       SourceExt
 0002:000009A4       ModuleHandler
 0002:000009A8       FilterArray
 0002:00000A08       ValidExts
 0002:00000A40       Compiling
 0002:00000A44       InvalidNames
 0002:00000A6C       AttributeToElement
 0002:00000B04       ElementToAttribute
 0002:00000B74       ElementToColorOnly
 0002:00000B90       AttributeSubKeys
 0002:00000C00       RtlNames
 0002:00000C08       NewPageIndexes
 0002:00000C0C       CLSID_ResProj
 0002:00000C1C       NilCookie
 0002:00000C20       ResExt
 0002:00000C98       ErrorTypes
 0002:00002000       ModuleIsLib
 0002:00002001       ModuleIsPackage
 0002:00002004       TlsIndex
 0002:0000200C       HInstance
 0002:00002010       .1
 0002:00002014       tlsBuffer
 0002:00002018       .3
 0002:0000201C       .1
 0002:00002020       .1
 0002:00002024       .1
 0002:00002028       .1
 0002:0000202C       .1
 0002:00002030       .1
 0002:00002034       .1
 0002:00002038       .1
 0002:0000203C       .3
 0002:00002040       .1
 0002:00002044       .1
 0002:00002048       .1
 0002:0000204C       .7
 0002:00002050       .2
 0002:00002054       SysColorRes
 0002:00002058       .1
 0002:0000205C       .1
 0002:00002060       .7
 0002:00002064       .2
 0002:00002068       .2
 0002:0000206C       CppCompilerTool
 0002:00002070       .5
 0002:00002074       LocalProjectOptionsDialog
 0002:00002078       .2
 0002:0000207C       .2
 0002:00002080       .11
 0002:00002084       ModuleSources
 0002:000020D4       .91
 0002:000020D8       ModuleText
 0002:000020DC       .1
 0002:000020E0       TypeTranslationSymbols
 0002:000020E4       ValidDirectives
 0002:000020E8       StdIncFiles
 0002:000020EC       MakeSyms
 0002:000020F0       .43
 0002:000020F4       UsesTypes
 0002:000020F8       .2
 0002:000020FC       .2
 0002:00002100       .2
 0002:00002104       .2
 0002:00002108       PreloadThread
 0002:0000210C       AlreadyWaiting
 0002:00002110       .4
 0002:00002114       .2
 0002:00002118       .2
 0002:0000211C       .2
 0002:00002120       .2
 0002:00002124       .2
 0002:00002128       .2
 0002:0000212C       .2
 0002:00002130       .2
 0002:00002134       .2
 0002:00002138       .2
 0002:0000213C       .2
 0002:00002140       .3
 0002:00002144       .3
 0002:00002148       .2
 0002:0000214C       efile
 0002:00002150       pehdr
 0002:00002248       objecttable
 0002:0000224C       objectDataBuffs
 0002:00002250       ImportsList
 0002:00002254       NewGenericAppFrm
 0002:00002258       .3
 0002:0000225C       .7
 0002:00002260       .1
 0002:00002264       ProductStartup
 0002:00002268       .2
 0002:0000226C       .2
 0002:00002270       .1
 0002:00002274       .2
 0002:00002278       .2
 0002:0000227C       .1
 0002:00002280       .11
 0002:00002284       .2
 0002:00002288       CppLocalDirectoriesConditionalsPage
 0002:0000228C       .2
 0002:00002290       .2
 0002:00002294       .1
 0002:00002298       CppBPITool
 0002:0000229C       .1
 0002:000022A0       CppOBJTool
 0002:000022A4       .1
 0002:000022A8       CppRESTool
 0002:000022AC       .1
 0002:000022B0       CppLibTool
 0002:000022B4       .1
 0002:000022B8       CppDefTool
 0002:000022BC       .1
 0002:000022C0       PasCompilerTool
 0002:000022C4       .1
 0002:000022C8       TasmCompilerTool
 0002:000022CC       .1
 0002:000022D0       RcCompilerTool
 0002:000022D4       .1
 0002:000022D8       CppDcrTool


Bound resource files

CppAbout.dfm
c:\bcb\app\cpp\abouts.res
FindHdr.dfm
LocalProjOptDlg.dfm
FindLib.dfm
CPPCRTRS.RES
CBuilderCmds.dfm
CppAdvancedCompilerOptionsPage.dfm
CppAtlOptionPage.dfm
CppCodeInsight.dfm
WarningsDlg.dfm
CppCompilerOptionPage.dfm
CppCustomPkgDescription.dfm
CppDirectoriesConditionalPage.dfm
CppEditColorPage.dfm
CppEditorPropDlg.dfm
CppEnvironDialog.dfm
CppEnvOptionsPage.dfm
CppLibraryPage.dfm
CppLinkerPage.dfm
CppOptionsPage.dfm
stats.dfm
NewGenericApp.dfm
CppReg.RES
c:\bcb\app\cpp\cppsample.res
c:\bcb\app\cpp\cppmodules.res
CppTasmPage.dfm
CreateNewPackage.dfm
PasCompilerOptionPage.dfm
PkgDirectoriesConditionals.dfm
CppLibOptions.dfm
CppLocalDirectoriesConditionals.dfm
CppAdvancedLinkerPage.dfm
bcbide.res
C:\DOCUME~1\~storm\LOCALS~1\Temp\dtfE069.tmp


Program entry point at 0001:00070964
