
 Start         Length     Name                   Class
 0001:00000000 0017DA7CH .text                   CODE
 0002:00000000 00004F60H .data                   DATA
 0002:00004F60 000039E5H .bss                    BSS


Detailed map of segments

 0001:00000000 000004CE C=CODE     S=.text    G=(none)   M=System   ACBP=A9
 0001:000004D0 000001EC C=CODE     S=.text    G=(none)   M=SysInit  ACBP=A9
 0001:000006BC 000003EE C=CODE     S=.text    G=(none)   M=SysUtils ACBP=A9
 0001:00000AAC 0000000E C=CODE     S=.text    G=(none)   M=SysConst ACBP=A9
 0001:00000ABC 000006B8 C=CODE     S=.text    G=(none)   M=Windows  ACBP=A9
 0001:00001174 00000016 C=CODE     S=.text    G=(none)   M=Types    ACBP=A9
 0001:0000118C 00000016 C=CODE     S=.text    G=(none)   M=TypInfo  ACBP=A9
 0001:000011A4 00000016 C=CODE     S=.text    G=(none)   M=Variants ACBP=A9
 0001:000011BC 0000000E C=CODE     S=.text    G=(none)   M=VarUtils ACBP=A9
 0001:000011CC 0000000E C=CODE     S=.text    G=(none)   M=RTLConsts ACBP=A9
 0001:000011DC 0000071E C=CODE     S=.text    G=(none)   M=Classes  ACBP=A9
 0001:000018FC 00000036 C=CODE     S=.text    G=(none)   M=ActiveX  ACBP=A9
 0001:00001934 00000038 C=CODE     S=.text    G=(none)   M=Messages ACBP=A9
 0001:0000196C 000002FE C=CODE     S=.text    G=(none)   M=Forms    ACBP=A9
 0001:00001C6C 00000016 C=CODE     S=.text    G=(none)   M=HelpIntfs ACBP=A9
 0001:00001C84 00000066 C=CODE     S=.text    G=(none)   M=Contnrs  ACBP=A9
 0001:00001CEC 00000026 C=CODE     S=.text    G=(none)   M=Math     ACBP=A9
 0001:00001D14 0000000E C=CODE     S=.text    G=(none)   M=MultiMon ACBP=A9
 0001:00001D24 0000006E C=CODE     S=.text    G=(none)   M=ActnList ACBP=A9
 0001:00001D94 00000076 C=CODE     S=.text    G=(none)   M=ImgList  ACBP=A9
 0001:00001E0C 00000050 C=CODE     S=.text    G=(none)   M=CommCtrl ACBP=A9
 0001:00001E5C 00000366 C=CODE     S=.text    G=(none)   M=Graphics ACBP=A9
 0001:000021C4 0000000E C=CODE     S=.text    G=(none)   M=Consts   ACBP=A9
 0001:000021D4 000005D6 C=CODE     S=.text    G=(none)   M=Controls ACBP=A9
 0001:000027AC 00000038 C=CODE     S=.text    G=(none)   M=Imm      ACBP=A9
 0001:000027E4 0000014E C=CODE     S=.text    G=(none)   M=Menus    ACBP=A9
 0001:00002934 0000000E C=CODE     S=.text    G=(none)   M=WinHelpViewer ACBP=A9
 0001:00002944 0000000E C=CODE     S=.text    G=(none)   M=StdActns ACBP=A9
 0001:00002954 00000056 C=CODE     S=.text    G=(none)   M=Dialogs  ACBP=A9
 0001:000029AC 00000038 C=CODE     S=.text    G=(none)   M=ShlObj   ACBP=A9
 0001:000029E4 00000038 C=CODE     S=.text    G=(none)   M=UrlMon   ACBP=A9
 0001:00002A1C 00000038 C=CODE     S=.text    G=(none)   M=WinInet  ACBP=A9
 0001:00002A54 00000038 C=CODE     S=.text    G=(none)   M=RegStr   ACBP=A9
 0001:00002A8C 00000058 C=CODE     S=.text    G=(none)   M=ShellAPI ACBP=A9
 0001:00002AE4 00000056 C=CODE     S=.text    G=(none)   M=Printers ACBP=A9
 0001:00002B3C 00000038 C=CODE     S=.text    G=(none)   M=WinSpool ACBP=A9
 0001:00002B74 00000176 C=CODE     S=.text    G=(none)   M=StdCtrls ACBP=A9
 0001:00002CEC 00000038 C=CODE     S=.text    G=(none)   M=CommDlg  ACBP=A9
 0001:00002D24 00000038 C=CODE     S=.text    G=(none)   M=Dlgs     ACBP=A9
 0001:00002D5C 00000076 C=CODE     S=.text    G=(none)   M=ExtCtrls ACBP=A9
 0001:00002DD4 0000000E C=CODE     S=.text    G=(none)   M=StrUtils ACBP=A9
 0001:00002DE4 0000003E C=CODE     S=.text    G=(none)   M=Clipbrd  ACBP=A9
 0001:00002E24 0000000E C=CODE     S=.text    G=(none)   M=FlatSB   ACBP=A9
 0001:00002E34 0000003E C=CODE     S=.text    G=(none)   M=Events   ACBP=A9
 0001:00002E74 00001460 C=CODE     S=.text    G=(none)   M=ResUtils ACBP=A9
 0001:000042D4 00000016 C=CODE     S=.text    G=(none)   M=OleCtrls ACBP=A9
 0001:000042EC 0000000E C=CODE     S=.text    G=(none)   M=AxCtrls  ACBP=A9
 0001:000042FC 0000000E C=CODE     S=.text    G=(none)   M=StdVCL   ACBP=A9
 0001:0000430C 00000036 C=CODE     S=.text    G=(none)   M=ComObj   ACBP=A9
 0001:00004344 0000000E C=CODE     S=.text    G=(none)   M=ComConst ACBP=A9
 0001:00004354 0000000E C=CODE     S=.text    G=(none)   M=OleConst ACBP=A9
 0001:00004364 00000674 C=CODE     S=.text    G=(none)   M=dbk_tlb  ACBP=A9
 0001:000049D8 0000030C C=CODE     S=.text    G=(none)   M=DbkHelper ACBP=A9
 0001:00004CE4 00000FAC C=CODE     S=.text    G=(none)   M=ComTypes ACBP=A9
 0001:00005C90 00000036 C=CODE     S=.text    G=(none)   M=IniFiles ACBP=A9
 0001:00005CC8 0000210C C=CODE     S=.text    G=(none)   M=AppConst ACBP=A9
 0001:00007DD4 00000066 C=CODE     S=.text    G=(none)   M=Grids    ACBP=A9
 0001:00007E3C 0000000E C=CODE     S=.text    G=(none)   M=Mask     ACBP=A9
 0001:00007E4C 0000000E C=CODE     S=.text    G=(none)   M=MaskUtils ACBP=A9
 0001:00007E5C 000005D6 C=CODE     S=.text    G=(none)   M=ComCtrls ACBP=A9
 0001:00008434 0000000E C=CODE     S=.text    G=(none)   M=ListActns ACBP=A9
 0001:00008444 0000000E C=CODE     S=.text    G=(none)   M=ToolWin  ACBP=A9
 0001:00008454 00000038 C=CODE     S=.text    G=(none)   M=RichEdit ACBP=A9
 0001:0000848C 0000000E C=CODE     S=.text    G=(none)   M=ExtActns ACBP=A9
 0001:0000849C 00000156 C=CODE     S=.text    G=(none)   M=Registry ACBP=A9
 0001:000085F4 0000000E C=CODE     S=.text    G=(none)   M=ExtDlgs  ACBP=A9
 0001:00008604 0000002E C=CODE     S=.text    G=(none)   M=Buttons  ACBP=A9
 0001:00008634 0000000E C=CODE     S=.text    G=(none)   M=Mapi     ACBP=A9
 0001:00008644 0000000E C=CODE     S=.text    G=(none)   M=ComStrs  ACBP=A9
 0001:00008654 00000036 C=CODE     S=.text    G=(none)   M=IDEHistoryManager ACBP=A9
 0001:0000868C 0000001E C=CODE     S=.text    G=(none)   M=IDERegIniPropSet ACBP=A9
 0001:000086AC 0000006E C=CODE     S=.text    G=(none)   M=IDEPropSet ACBP=A9
 0001:0000871C 0000000E C=CODE     S=.text    G=(none)   M=IDEConst ACBP=A9
 0001:0000872C 000001C4 C=CODE     S=.text    G=(none)   M=RegistryEx ACBP=A9
 0001:000088F0 000002C8 C=CODE     S=.text    G=(none)   M=EnvVariableEntry ACBP=A9
 0001:00008BB8 00000036 C=CODE     S=.text    G=(none)   M=FileCtrl ACBP=A9
 0001:00008BF0 00001827 C=CODE     S=.text    G=(none)   M=EnvVariableFrame ACBP=A9
 0001:0000A418 00000B20 C=CODE     S=.text    G=(none)   M=AppStrs  ACBP=A9
 0001:0000AF38 00000046 C=CODE     S=.text    G=(none)   M=IDEVersionInfo ACBP=A9
 0001:0000AF80 00001978 C=CODE     S=.text    G=(none)   M=VerInf   ACBP=A9
 0001:0000C8F8 00003510 C=CODE     S=.text    G=(none)   M=UIUtils  ACBP=A9
 0001:0000FE08 00000754 C=CODE     S=.text    G=(none)   M=PackageList ACBP=A9
 0001:0001055C 00003128 C=CODE     S=.text    G=(none)   M=OptIntf  ACBP=A9
 0001:00013684 0000000E C=CODE     S=.text    G=(none)   M=IDEModel ACBP=A9
 0001:00013694 0000000E C=CODE     S=.text    G=(none)   M=IDEEvent ACBP=A9
 0001:000136A4 0000000E C=CODE     S=.text    G=(none)   M=IDEUtil  ACBP=A9
 0001:000136B4 0000000E C=CODE     S=.text    G=(none)   M=IDEViewImpl ACBP=A9
 0001:000136C4 0000000E C=CODE     S=.text    G=(none)   M=IDEUtil2 ACBP=A9
 0001:000136D4 0000000E C=CODE     S=.text    G=(none)   M=IDESubfocus ACBP=A9
 0001:000136E4 0000000E C=CODE     S=.text    G=(none)   M=IDESelection ACBP=A9
 0001:000136F4 0000000E C=CODE     S=.text    G=(none)   M=IDEItem  ACBP=A9
 0001:00013704 0000000E C=CODE     S=.text    G=(none)   M=IDEUIEvent ACBP=A9
 0001:00013714 0000000E C=CODE     S=.text    G=(none)   M=IDEFixups ACBP=A9
 0001:00013724 0000000E C=CODE     S=.text    G=(none)   M=IDEModelEvent ACBP=A9
 0001:00013734 0000001E C=CODE     S=.text    G=(none)   M=IDEMulticast ACBP=A9
 0001:00013754 0000000E C=CODE     S=.text    G=(none)   M=IDEViewManager ACBP=A9
 0001:00013764 0000000E C=CODE     S=.text    G=(none)   M=IDEView  ACBP=A9
 0001:00013774 0000000E C=CODE     S=.text    G=(none)   M=IDEPeer  ACBP=A9
 0001:00013784 0000000E C=CODE     S=.text    G=(none)   M=IDEMessages ACBP=A9
 0001:00013794 00000016 C=CODE     S=.text    G=(none)   M=IDEItemEditors ACBP=A9
 0001:000137AC 0000009E C=CODE     S=.text    G=(none)   M=IDEItemPainters ACBP=A9
 0001:0001384C 0000001E C=CODE     S=.text    G=(none)   M=IDEGraphImpl ACBP=A9
 0001:0001386C 0000000E C=CODE     S=.text    G=(none)   M=IDEJgl   ACBP=A9
 0001:0001387C 0000000E C=CODE     S=.text    G=(none)   M=IDESelectionImpl ACBP=A9
 0001:0001388C 0000000E C=CODE     S=.text    G=(none)   M=IDESubfocusImpl ACBP=A9
 0001:0001389C 0000000E C=CODE     S=.text    G=(none)   M=IDEModelImpl ACBP=A9
 0001:000138AC 0000000E C=CODE     S=.text    G=(none)   M=IDEVectorImpl ACBP=A9
 0001:000138BC 0000000E C=CODE     S=.text    G=(none)   M=IDESingletonImpl ACBP=A9
 0001:000138CC 0000000E C=CODE     S=.text    G=(none)   M=IDEControl ACBP=A9
 0001:000138DC 00000016 C=CODE     S=.text    G=(none)   M=IDEViewManagerImpl ACBP=A9
 0001:000138F4 000005DE C=CODE     S=.text    G=(none)   M=ComponentDesigner ACBP=A9
 0001:00013ED4 0000000E C=CODE     S=.text    G=(none)   M=EditIntf ACBP=A9
 0001:00013EE4 00000036 C=CODE     S=.text    G=(none)   M=VirtIntf ACBP=A9
 0001:00013F1C 0000003E C=CODE     S=.text    G=(none)   M=ToolUtils ACBP=A9
 0001:00013F5C 00000046 C=CODE     S=.text    G=(none)   M=DesignIntf ACBP=A9
 0001:00013FA4 0000000E C=CODE     S=.text    G=(none)   M=DesignMenus ACBP=A9
 0001:00013FB4 0000002E C=CODE     S=.text    G=(none)   M=ToolsAPI ACBP=A9
 0001:00013FE4 0000000E C=CODE     S=.text    G=(none)   M=Update   ACBP=A9
 0001:00013FF4 0000000E C=CODE     S=.text    G=(none)   M=LibConst ACBP=A9
 0001:00014004 000000AE C=CODE     S=.text    G=(none)   M=DesignEditors ACBP=A9
 0001:000140B4 0000000E C=CODE     S=.text    G=(none)   M=Proxies  ACBP=A9
 0001:000140C4 0000000E C=CODE     S=.text    G=(none)   M=DesignConst ACBP=A9
 0001:000140D4 00000016 C=CODE     S=.text    G=(none)   M=Designer ACBP=A9
 0001:000140EC 0000002E C=CODE     S=.text    G=(none)   M=TopLevels ACBP=A9
 0001:0001411C 0000000E C=CODE     S=.text    G=(none)   M=StFilSys ACBP=A9
 0001:0001412C 0000006E C=CODE     S=.text    G=(none)   M=IStreams ACBP=A9
 0001:0001419C 000000D6 C=CODE     S=.text    G=(none)   M=TreeIntf ACBP=A9
 0001:00014274 00001058 C=CODE     S=.text    G=(none)   M=Creators ACBP=A9
 0001:000152CC 00000076 C=CODE     S=.text    G=(none)   M=Symbols  ACBP=A9
 0001:00015344 00000038 C=CODE     S=.text    G=(none)   M=Context  ACBP=A9
 0001:0001537C 00001384 C=CODE     S=.text    G=(none)   M=Updaters ACBP=A9
 0001:00016700 000002D2 C=CODE     S=.text    G=(none)   M=StatIntf ACBP=A9
 0001:000169D4 0000065F C=CODE     S=.text    G=(none)   M=AgeCache ACBP=A9
 0001:00017034 0000006E C=CODE     S=.text    G=(none)   M=TypeLib  ACBP=A9
 0001:000170A4 00000026 C=CODE     S=.text    G=(none)   M=tlberror ACBP=A9
 0001:000170CC 0000000E C=CODE     S=.text    G=(none)   M=TlbConst ACBP=A9
 0001:000170DC 00000036 C=CODE     S=.text    G=(none)   M=regutl   ACBP=A9
 0001:00017114 0000000E C=CODE     S=.text    G=(none)   M=TlbHash  ACBP=A9
 0001:00017124 0000000E C=CODE     S=.text    G=(none)   M=tlbdebug ACBP=A9
 0001:00017134 0000000E C=CODE     S=.text    G=(none)   M=guidutl  ACBP=A9
 0001:00017144 0000000E C=CODE     S=.text    G=(none)   M=ComPlusUtl ACBP=A9
 0001:00017154 0000002E C=CODE     S=.text    G=(none)   M=DTLWrite ACBP=A9
 0001:00017184 00000016 C=CODE     S=.text    G=(none)   M=TlbWrite ACBP=A9
 0001:0001719C 00000036 C=CODE     S=.text    G=(none)   M=TlbUtils ACBP=A9
 0001:000171D4 00000240 C=CODE     S=.text    G=(none)   M=ComMgr   ACBP=A9
 0001:00017414 00000026 C=CODE     S=.text    G=(none)   M=SyncObjs ACBP=A9
 0001:0001743C 00000338 C=CODE     S=.text    G=(none)   M=EK       ACBP=A9
 0001:00017774 000022C0 C=CODE     S=.text    G=(none)   M=IDEKbd   ACBP=A9
 0001:00019A34 000005AC C=CODE     S=.text    G=(none)   M=CmdConst ACBP=A9
 0001:00019FE0 00003644 C=CODE     S=.text    G=(none)   M=EdToken  ACBP=A9
 0001:0001D624 00000758 C=CODE     S=.text    G=(none)   M=EdProcs  ACBP=A9
 0001:0001DD7C 0000008E C=CODE     S=.text    G=(none)   M=DeskForm ACBP=A9
 0001:0001DE0C 0000000E C=CODE     S=.text    G=(none)   M=DeskStrs ACBP=A9
 0001:0001DE1C 000004E0 C=CODE     S=.text    G=(none)   M=VirtFile ACBP=A9
 0001:0001E2FC 00000066 C=CODE     S=.text    G=(none)   M=DockForm ACBP=A9
 0001:0001E364 0000001E C=CODE     S=.text    G=(none)   M=IDEDockPanel ACBP=A9
 0001:0001E384 0000000E C=CODE     S=.text    G=(none)   M=TabDock  ACBP=A9
 0001:0001E394 0000000E C=CODE     S=.text    G=(none)   M=IDEDockCtrls ACBP=A9
 0001:0001E3A4 00000016 C=CODE     S=.text    G=(none)   M=BaseDock ACBP=A9
 0001:0001E3BC 00000056 C=CODE     S=.text    G=(none)   M=DeskUtil ACBP=A9
 0001:0001E414 0000000E C=CODE     S=.text    G=(none)   M=JoinDock ACBP=A9
 0001:0001E424 0000005E C=CODE     S=.text    G=(none)   M=IDEPropSheet ACBP=A9
 0001:0001E484 00000480 C=CODE     S=.text    G=(none)   M=BaseEnvironDialog ACBP=A9
 0001:0001E904 0000000E C=CODE     S=.text    G=(none)   M=IDETabControl ACBP=A9
 0001:0001E914 00000016 C=CODE     S=.text    G=(none)   M=Tabs     ACBP=A9
 0001:0001E92C 0000003E C=CODE     S=.text    G=(none)   M=IDEPropCtrls ACBP=A9
 0001:0001E96C 0000003E C=CODE     S=.text    G=(none)   M=ColorGrd ACBP=A9
 0001:0001E9AC 00000036 C=CODE     S=.text    G=(none)   M=EditorViewSupport ACBP=A9
 0001:0001E9E4 00000016 C=CODE     S=.text    G=(none)   M=IDEMenuAction ACBP=A9
 0001:0001E9FC 0000000E C=CODE     S=.text    G=(none)   M=IDECommandButton ACBP=A9
 0001:0001EA0C 00000036 C=CODE     S=.text    G=(none)   M=DockToolForm ACBP=A9
 0001:0001EA44 0000000E C=CODE     S=.text    G=(none)   M=ToolIntf ACBP=A9
 0001:0001EA54 0000000E C=CODE     S=.text    G=(none)   M=FileIntf ACBP=A9
 0001:0001EA64 0000011C C=CODE     S=.text    G=(none)   M=ExplorerIntf ACBP=A9
 0001:0001EB80 00000340 C=CODE     S=.text    G=(none)   M=CompIntf ACBP=A9
 0001:0001EEC0 00000058 C=CODE     S=.text    G=(none)   M=AppUtils ACBP=A9
 0001:0001EF18 00000110 C=CODE     S=.text    G=(none)   M=AddInEnvOptions ACBP=A9
 0001:0001F028 0000000E C=CODE     S=.text    G=(none)   M=ExptIntf ACBP=A9
 0001:0001F038 00000574 C=CODE     S=.text    G=(none)   M=GotoLine ACBP=A9
 0001:0001F5AC 000055A4 C=CODE     S=.text    G=(none)   M=EdScript ACBP=A9
 0001:00024B50 0000A2D0 C=CODE     S=.text    G=(none)   M=WinMsg   ACBP=A9
 0001:0002EE20 0000015E C=CODE     S=.text    G=(none)   M=DisComp  ACBP=A9
 0001:0002EF80 000005A0 C=CODE     S=.text    G=(none)   M=GetAddr  ACBP=A9
 0001:0002F520 0000025C C=CODE     S=.text    G=(none)   M=SelectTh ACBP=A9
 0001:0002F77C 00006F5C C=CODE     S=.text    G=(none)   M=DisView  ACBP=A9
 0001:000366D8 00000DF0 C=CODE     S=.text    G=(none)   M=AdrBPAdd ACBP=A9
 0001:000374C8 00000DDC C=CODE     S=.text    G=(none)   M=BPAdd    ACBP=A9
 0001:000382A4 00000524 C=CODE     S=.text    G=(none)   M=DataBPAdd ACBP=A9
 0001:000387C8 0000022C C=CODE     S=.text    G=(none)   M=AdrBPModify ACBP=A9
 0001:000389F4 00000210 C=CODE     S=.text    G=(none)   M=BPModify ACBP=A9
 0001:00038C04 0000022C C=CODE     S=.text    G=(none)   M=DataBPModify ACBP=A9
 0001:00038E30 000005E4 C=CODE     S=.text    G=(none)   M=DebugFindFile ACBP=A9
 0001:00039414 00000974 C=CODE     S=.text    G=(none)   M=ExprDlg  ACBP=A9
 0001:00039D88 0000095C C=CODE     S=.text    G=(none)   M=FormTpl  ACBP=A9
 0001:0003A6E4 00000728 C=CODE     S=.text    G=(none)   M=PrjTpl   ACBP=A9
 0001:0003AE0C 00000494 C=CODE     S=.text    G=(none)   M=PalEdit  ACBP=A9
 0001:0003B2A0 00000420 C=CODE     S=.text    G=(none)   M=EditTpl  ACBP=A9
 0001:0003B6C0 00001A04 C=CODE     S=.text    G=(none)   M=ReposCfg ACBP=A9
 0001:0003D0C4 00001528 C=CODE     S=.text    G=(none)   M=Template ACBP=A9
 0001:0003E5EC 00001CB9 C=CODE     S=.text    G=(none)   M=GalBrow  ACBP=A9
 0001:000402A8 00006127 C=CODE     S=.text    G=(none)   M=Gallery  ACBP=A9
 0001:000463D0 00000938 C=CODE     S=.text    G=(none)   M=TreeSearch ACBP=A9
 0001:00046D08 00000944 C=CODE     S=.text    G=(none)   M=MakeObjs ACBP=A9
 0001:0004764C 00000840 C=CODE     S=.text    G=(none)   M=PakLoad  ACBP=A9
 0001:00047E8C 00001878 C=CODE     S=.text    G=(none)   M=Palettes ACBP=A9
 0001:00049704 000005F8 C=CODE     S=.text    G=(none)   M=ViewDlg  ACBP=A9
 0001:00049CFC 00005021 C=CODE     S=.text    G=(none)   M=PalMgr   ACBP=A9
 0001:0004ED20 00000250 C=CODE     S=.text    G=(none)   M=PakWarn  ACBP=A9
 0001:0004EF70 00000370 C=CODE     S=.text    G=(none)   M=HelpSelector ACBP=A9
 0001:0004F2E0 000005C8 C=CODE     S=.text    G=(none)   M=HelpList ACBP=A9
 0001:0004F8A8 0000134D C=CODE     S=.text    G=(none)   M=WinHelpTester ACBP=A9
 0001:00050BF8 00001294 C=CODE     S=.text    G=(none)   M=CompHelp ACBP=A9
 0001:00051E8C 00000D94 C=CODE     S=.text    G=(none)   M=CompList ACBP=A9
 0001:00052C20 00000286 C=CODE     S=.text    G=(none)   M=ExpertReg ACBP=A9
 0001:00052EA8 00002E8A C=CODE     S=.text    G=(none)   M=PakMgr   ACBP=A9
 0001:00055D34 00000460 C=CODE     S=.text    G=(none)   M=MsgWnds  ACBP=A9
 0001:00056194 00000060 C=CODE     S=.text    G=(none)   M=Compiler ACBP=A9
 0001:000561F4 00000908 C=CODE     S=.text    G=(none)   M=ComPrgrs ACBP=A9
 0001:00056AFC 000014B4 C=CODE     S=.text    G=(none)   M=PakAnaly ACBP=A9
 0001:00057FB0 00000414 C=CODE     S=.text    G=(none)   M=PackageAddBase ACBP=A9
 0001:000583C4 000003C0 C=CODE     S=.text    G=(none)   M=AddContainsRequiresBase ACBP=A9
 0001:00058784 000001CC C=CODE     S=.text    G=(none)   M=AddContainsRequires ACBP=A9
 0001:00058950 000001B4 C=CODE     S=.text    G=(none)   M=AddContains ACBP=A9
 0001:00058B04 000001B4 C=CODE     S=.text    G=(none)   M=AddRequires ACBP=A9
 0001:00058CB8 00003C10 C=CODE     S=.text    G=(none)   M=PackageState ACBP=A9
 0001:0005C8C8 000008D8 C=CODE     S=.text    G=(none)   M=ProjectItem ACBP=A9
 0001:0005D1A0 00000026 C=CODE     S=.text    G=(none)   M=CheckLst ACBP=A9
 0001:0005D1C8 0000057C C=CODE     S=.text    G=(none)   M=PakComp  ACBP=A9
 0001:0005D744 00000198 C=CODE     S=.text    G=(none)   M=PCEGlobs ACBP=A9
 0001:0005D8DC 00000048 C=CODE     S=.text    G=(none)   M=ZLibConst ACBP=A9
 0001:0005D924 00009650 C=CODE     S=.text    G=(none)   M=ZLib     ACBP=A9
 0001:00066F74 00000B38 C=CODE     S=.text    G=(none)   M=Archiver ACBP=A9
 0001:00067AAC 00000528 C=CODE     S=.text    G=(none)   M=PkgDir   ACBP=A9
 0001:00067FD4 00000208 C=CODE     S=.text    G=(none)   M=PakCust  ACBP=A9
 0001:000681DC 00001ED8 C=CODE     S=.text    G=(none)   M=InstColl ACBP=A9
 0001:0006A0B4 000002B0 C=CODE     S=.text    G=(none)   M=PakRemRu ACBP=A9
 0001:0006A364 00002AC8 C=CODE     S=.text    G=(none)   M=PakList  ACBP=A9
 0001:0006CE2C 00002A4C C=CODE     S=.text    G=(none)   M=ProjectFrm ACBP=A9
 0001:0006F878 000001D4 C=CODE     S=.text    G=(none)   M=PrefOptDlg ACBP=A9
 0001:0006FA4C 00003354 C=CODE     S=.text    G=(none)   M=ProjectMgr ACBP=A9
 0001:00072DA0 00001E90 C=CODE     S=.text    G=(none)   M=PkgContainers ACBP=A9
 0001:00074C30 00002CF4 C=CODE     S=.text    G=(none)   M=PkgEditors ACBP=A9
 0001:00077924 000018B0 C=CODE     S=.text    G=(none)   M=PkgProjects ACBP=A9
 0001:000791D4 0000139F C=CODE     S=.text    G=(none)   M=FileHist ACBP=A9
 0001:0007A574 00000825 C=CODE     S=.text    G=(none)   M=ParserThread ACBP=A9
 0001:0007AD9C 000039EB C=CODE     S=.text    G=(none)   M=Desktop  ACBP=A9
 0001:0007E788 0000027C C=CODE     S=.text    G=(none)   M=NewFile  ACBP=A9
 0001:0007EA04 000000E0 C=CODE     S=.text    G=(none)   M=VcsIntf  ACBP=A9
 0001:0007EAE4 0000070C C=CODE     S=.text    G=(none)   M=VcsMain  ACBP=A9
 0001:0007F1F0 00002248 C=CODE     S=.text    G=(none)   M=EditMain ACBP=A9
 0001:00081438 00000564 C=CODE     S=.text    G=(none)   M=FileMain ACBP=A9
 0001:0008199C 00004458 C=CODE     S=.text    G=(none)   M=ToolMain ACBP=A9
 0001:00085DF4 000018E4 C=CODE     S=.text    G=(none)   M=ExptMain ACBP=A9
 0001:000876D8 000026C0 C=CODE     S=.text    G=(none)   M=DocModul ACBP=A9
 0001:00089D98 00001D74 C=CODE     S=.text    G=(none)   M=PakUtil  ACBP=A9
 0001:0008BB0C 0000550C C=CODE     S=.text    G=(none)   M=DebugOpts ACBP=A9
 0001:00091018 00001880 C=CODE     S=.text    G=(none)   M=EvalMod  ACBP=A9
 0001:00092898 0001101C C=CODE     S=.text    G=(none)   M=Debug    ACBP=A9
 0001:000A38B4 00000EF4 C=CODE     S=.text    G=(none)   M=ComDebug ACBP=A9
 0001:000A47A8 00000978 C=CODE     S=.text    G=(none)   M=Verify   ACBP=A9
 0001:000A5120 00000868 C=CODE     S=.text    G=(none)   M=RplcDlg  ACBP=A9
 0001:000A5988 00000204 C=CODE     S=.text    G=(none)   M=OptStr   ACBP=A9
 0001:000A5B8C 00000294 C=CODE     S=.text    G=(none)   M=PrintSts ACBP=A9
 0001:000A5E20 00000E0C C=CODE     S=.text    G=(none)   M=PrintSes ACBP=A9
 0001:000A6C2C 000002E0 C=CODE     S=.text    G=(none)   M=WorkFrm  ACBP=A9
 0001:000A6F0C 000001B4 C=CODE     S=.text    G=(none)   M=LeftBarFrm ACBP=A9
 0001:000A70C0 000001B4 C=CODE     S=.text    G=(none)   M=RightBarFrm ACBP=A9
 0001:000A7274 000004C4 C=CODE     S=.text    G=(none)   M=MainWorkFrm ACBP=A9
 0001:000A7738 000001B8 C=CODE     S=.text    G=(none)   M=BottomBarFrm ACBP=A9
 0001:000A78F0 00000A50 C=CODE     S=.text    G=(none)   M=BarFrm   ACBP=A9
 0001:000A8340 00000849 C=CODE     S=.text    G=(none)   M=WinList  ACBP=A9
 0001:000A8B8C 00000ED4 C=CODE     S=.text    G=(none)   M=SrchDlg  ACBP=A9
 0001:000A9A60 000006A0 C=CODE     S=.text    G=(none)   M=SrchPrgs ACBP=A9
 0001:000AA100 00001CE0 C=CODE     S=.text    G=(none)   M=FileFind ACBP=A9
 0001:000ABDE0 000010E8 C=CODE     S=.text    G=(none)   M=MsgViewForm ACBP=A9
 0001:000ACEC8 00000520 C=CODE     S=.text    G=(none)   M=BaseModExplorerForm ACBP=A9
 0001:000AD3E8 0000276F C=CODE     S=.text    G=(none)   M=MsgLines ACBP=A9
 0001:000AFB58 000003D4 C=CODE     S=.text    G=(none)   M=MsgLinesIntf ACBP=A9
 0001:000AFF2C 00001088 C=CODE     S=.text    G=(none)   M=MsgView  ACBP=A9
 0001:000B0FB4 0000074C C=CODE     S=.text    G=(none)   M=EdTrackr ACBP=A9
 0001:000B1700 0001831F C=CODE     S=.text    G=(none)   M=Modules  ACBP=A9
 0001:000C9A20 0000010B C=CODE     S=.text    G=(none)   M=IDEIntf  ACBP=A9
 0001:000C9B2C 0000025E C=CODE     S=.text    G=(none)   M=WorkspaceCrtrs ACBP=A9
 0001:000C9D8C 00005BAC C=CODE     S=.text    G=(none)   M=IDEServices ACBP=A9
 0001:000CF938 00000560 C=CODE     S=.text    G=(none)   M=PrintSel ACBP=A9
 0001:000CFE98 00004700 C=CODE     S=.text    G=(none)   M=EnvOptions ACBP=A9
 0001:000D4598 000024B8 C=CODE     S=.text    G=(none)   M=EdKrnl   ACBP=A9
 0001:000D6A50 00002A64 C=CODE     S=.text    G=(none)   M=VClient  ACBP=A9
 0001:000D94B4 00001C64 C=CODE     S=.text    G=(none)   M=VEdOpts  ACBP=A9
 0001:000DB118 0000143F C=CODE     S=.text    G=(none)   M=VEdTypes ACBP=A9
 0001:000DC558 0000430C C=CODE     S=.text    G=(none)   M=KbClient ACBP=A9
 0001:000E0864 000187B8 C=CODE     S=.text    G=(none)   M=Editors  ACBP=A9
 0001:000F901C 00003360 C=CODE     S=.text    G=(none)   M=ComInOut ACBP=A9
 0001:000FC37C 000005E8 C=CODE     S=.text    G=(none)   M=ProjectIntf ACBP=A9
 0001:000FC964 000071A2 C=CODE     S=.text    G=(none)   M=Containers ACBP=A9
 0001:00103B08 00002724 C=CODE     S=.text    G=(none)   M=CodeMgr  ACBP=A9
 0001:0010622C 00000334 C=CODE     S=.text    G=(none)   M=AddCTDlg ACBP=A9
 0001:00106560 000005F4 C=CODE     S=.text    G=(none)   M=LinkRedr ACBP=A9
 0001:00106B54 00000310 C=CODE     S=.text    G=(none)   M=FormRead ACBP=A9
 0001:00106E64 000004EC C=CODE     S=.text    G=(none)   M=FIRecov  ACBP=A9
 0001:00107350 0000051C C=CODE     S=.text    G=(none)   M=ComBrows ACBP=A9
 0001:0010786C 000003A4 C=CODE     S=.text    G=(none)   M=IDEToDoIntf ACBP=A9
 0001:00107C10 0000087C C=CODE     S=.text    G=(none)   M=RemovMod ACBP=A9
 0001:0010848C 0000000E C=CODE     S=.text    G=(none)   M=PasSym   ACBP=A9
 0001:0010849C 00015446 C=CODE     S=.text    G=(none)   M=PasMgr   ACBP=A9
 0001:0011D8E4 00001590 C=CODE     S=.text    G=(none)   M=Completers ACBP=A9
 0001:0011EE74 00001674 C=CODE     S=.text    G=(none)   M=EditorActions ACBP=A9
 0001:001204E8 0000076C C=CODE     S=.text    G=(none)   M=RunParam ACBP=A9
 0001:00120C54 000004C4 C=CODE     S=.text    G=(none)   M=ScaleDlg ACBP=A9
 0001:00121118 0000068C C=CODE     S=.text    G=(none)   M=SizeDlg  ACBP=A9
 0001:001217A4 000036EC C=CODE     S=.text    G=(none)   M=ParserNodes ACBP=A9
 0001:00124E90 00000CBC C=CODE     S=.text    G=(none)   M=ModuleExplorer ACBP=A9
 0001:00125B4C 00000A78 C=CODE     S=.text    G=(none)   M=WatchEd  ACBP=A9
 0001:001265C4 0000377C C=CODE     S=.text    G=(none)   M=WatchWin ACBP=A9
 0001:00129D40 00000338 C=CODE     S=.text    G=(none)   M=DebugOptDlg ACBP=A9
 0001:0012A078 000002D4 C=CODE     S=.text    G=(none)   M=BaseNewPackage ACBP=A9
 0001:0012A34C 00000F18 C=CODE     S=.text    G=(none)   M=ExistingPackage ACBP=A9
 0001:0012B264 00000484 C=CODE     S=.text    G=(none)   M=EnvOptionsPage ACBP=A9
 0001:0012B6E8 000008C0 C=CODE     S=.text    G=(none)   M=BasePackageInstall ACBP=A9
 0001:0012BFA8 00001424 C=CODE     S=.text    G=(none)   M=CodeTemp ACBP=A9
 0001:0012D3CC 00000390 C=CODE     S=.text    G=(none)   M=AddExceptDialog ACBP=A9
 0001:0012D75C 00000728 C=CODE     S=.text    G=(none)   M=AddUnitToExistingPackage ACBP=A9
 0001:0012DE84 000009E4 C=CODE     S=.text    G=(none)   M=NewPackage ACBP=A9
 0001:0012E868 000006C8 C=CODE     S=.text    G=(none)   M=AddUnitToNewPackage ACBP=A9
 0001:0012EF30 000004CC C=CODE     S=.text    G=(none)   M=AlignDlg ACBP=A9
 0001:0012F3FC 00000774 C=CODE     S=.text    G=(none)   M=AlignPal ACBP=A9
 0001:0012FB70 00000CC4 C=CODE     S=.text    G=(none)   M=AppFormsPage ACBP=A9
 0001:00130834 000004A4 C=CODE     S=.text    G=(none)   M=ApplOpts ACBP=A9
 0001:00130CD8 000008C4 C=CODE     S=.text    G=(none)   M=AppOptionsPage ACBP=A9
 0001:0013159C 00004188 C=CODE     S=.text    G=(none)   M=BPList   ACBP=A9
 0001:00135724 000017F4 C=CODE     S=.text    G=(none)   M=CallStac ACBP=A9
 0001:00136F18 00000340 C=CODE     S=.text    G=(none)   M=CompAdd  ACBP=A9
 0001:00137258 00000588 C=CODE     S=.text    G=(none)   M=PakAddUnitFile ACBP=A9
 0001:001377E0 000007D4 C=CODE     S=.text    G=(none)   M=ListScrl ACBP=A9
 0001:00137FB4 0000077F C=CODE     S=.text    G=(none)   M=MakeFileMgr ACBP=A9
 0001:00138734 000001BC C=CODE     S=.text    G=(none)   M=NewPackageDlg ACBP=A9
 0001:001388F0 00001854 C=CODE     S=.text    G=(none)   M=PackageCompExpert ACBP=A9
 0001:0013A144 00000304 C=CODE     S=.text    G=(none)   M=PackageInstallDlg ACBP=A9
 0001:0013A448 0000051C C=CODE     S=.text    G=(none)   M=PakAddP  ACBP=A9
 0001:0013A964 0000164C C=CODE     S=.text    G=(none)   M=PackageInstPage ACBP=A9
 0001:0013BFB0 00000858 C=CODE     S=.text    G=(none)   M=CreaEdit ACBP=A9
 0001:0013C808 00000840 C=CODE     S=.text    G=(none)   M=CompInfo ACBP=A9
 0001:0013D048 000007C8 C=CODE     S=.text    G=(none)   M=TabEdit  ACBP=A9
 0001:0013D810 000001F4 C=CODE     S=.text    G=(none)   M=DebugProcessOptDlg ACBP=A9
 0001:0013DA04 000016B8 C=CODE     S=.text    G=(none)   M=ThrdStat ACBP=A9
 0001:0013F0BC 00000E40 C=CODE     S=.text    G=(none)   M=TranUtil ACBP=A9
 0001:0013FEFC 000018A7 C=CODE     S=.text    G=(none)   M=Transfer ACBP=A9
 0001:001417A4 000009B8 C=CODE     S=.text    G=(none)   M=TransDlg ACBP=A9
 0001:0014215C 00000FC8 C=CODE     S=.text    G=(none)   M=VersionInfo ACBP=A9
 0001:00143124 000019D4 C=CODE     S=.text    G=(none)   M=OCXGen   ACBP=A9
 0001:00144AF8 0000000E C=CODE     S=.text    G=(none)   M=ImageHlp ACBP=A9
 0001:00144B08 00000E98 C=CODE     S=.text    G=(none)   M=OrderedListEditDialog ACBP=A9
 0001:001459A0 00001740 C=CODE     S=.text    G=(none)   M=PakOleControlInst ACBP=A9
 0001:001470E0 000001DC C=CODE     S=.text    G=(none)   M=ImportActiveXControl ACBP=A9
 0001:001472BC 000002D0 C=CODE     S=.text    G=(none)   M=FrmPrint ACBP=A9
 0001:0014758C 00000A48 C=CODE     S=.text    G=(none)   M=CompName ACBP=A9
 0001:00147FD4 00000544 C=CODE     S=.text    G=(none)   M=ImportOleControl ACBP=A9
 0001:00148518 000003C4 C=CODE     S=.text    G=(none)   M=ImportTypeLib ACBP=A9
 0001:001488DC 000006B4 C=CODE     S=.text    G=(none)   M=ImportTypeLibrary ACBP=A9
 0001:00148F90 000005C0 C=CODE     S=.text    G=(none)   M=InstallComponent ACBP=A9
 0001:00149550 00000508 C=CODE     S=.text    G=(none)   M=NewThrd  ACBP=A9
 0001:00149A58 000016E9 C=CODE     S=.text    G=(none)   M=WorkSpaceMgr ACBP=A9
 0001:0014B144 000001E8 C=CODE     S=.text    G=(none)   M=PalettePropDlg ACBP=A9
 0001:0014B32C 00001018 C=CODE     S=.text    G=(none)   M=PropInspOptPage ACBP=A9
 0001:0014C344 000001EC C=CODE     S=.text    G=(none)   M=PropInspPropDlg ACBP=A9
 0001:0014C530 0000004E C=CODE     S=.text    G=(none)   M=IDEListBtns ACBP=A9
 0001:0014C580 0000000E C=CODE     S=.text    G=(none)   M=IDEDockBar ACBP=A9
 0001:0014C590 0000000E C=CODE     S=.text    G=(none)   M=IDEDockForm ACBP=A9
 0001:0014C5A0 000000AE C=CODE     S=.text    G=(none)   M=IDEInspListBox ACBP=A9
 0001:0014C650 0000005E C=CODE     S=.text    G=(none)   M=PropertyCategories ACBP=A9
 0001:0014C6B0 0000000E C=CODE     S=.text    G=(none)   M=Masks    ACBP=A9
 0001:0014C6C0 00000046 C=CODE     S=.text    G=(none)   M=VCLEditors ACBP=A9
 0001:0014C708 0000000E C=CODE     S=.text    G=(none)   M=IDEXEdit ACBP=A9
 0001:0014C718 000040FC C=CODE     S=.text    G=(none)   M=PropInsp ACBP=A9
 0001:00150814 00000490 C=CODE     S=.text    G=(none)   M=ModViewAdd ACBP=A9
 0001:00150CA4 00002B04 C=CODE     S=.text    G=(none)   M=ModView  ACBP=A9
 0001:001537A8 00001044 C=CODE     S=.text    G=(none)   M=DebuggerExceptOptions ACBP=A9
 0001:001547EC 000010B0 C=CODE     S=.text    G=(none)   M=TokenWin ACBP=A9
 0001:0015589C 000002D4 C=CODE     S=.text    G=(none)   M=ComponentExpertPage ACBP=A9
 0001:00155B70 00000504 C=CODE     S=.text    G=(none)   M=ComponentExpert ACBP=A9
 0001:00156074 0000053C C=CODE     S=.text    G=(none)   M=ProjOptDlg ACBP=A9
 0001:001565B0 000006B7 C=CODE     S=.text    G=(none)   M=BatchOptions ACBP=A9
 0001:00156C68 00003358 C=CODE     S=.text    G=(none)   M=BatchTarget ACBP=A9
 0001:00159FC0 0000001E C=CODE     S=.text    G=(none)   M=AppEvnts ACBP=A9
 0001:00159FE0 00001884 C=CODE     S=.text    G=(none)   M=IDECustDlg ACBP=A9
 0001:0015B864 00000598 C=CODE     S=.text    G=(none)   M=DepProg  ACBP=A9
 0001:0015BDFC 00003E0F C=CODE     S=.text    G=(none)   M=Deploy   ACBP=A9
 0001:0015FC0C 00000DBC C=CODE     S=.text    G=(none)   M=DepFiles ACBP=A9
 0001:001609C8 0000000E C=CODE     S=.text    G=(none)   M=IDLWrite ACBP=A9
 0001:001609D8 0000000E C=CODE     S=.text    G=(none)   M=TlbLang  ACBP=A9
 0001:001609E8 0000000E C=CODE     S=.text    G=(none)   M=TlbParse ACBP=A9
 0001:001609F8 00000016 C=CODE     S=.text    G=(none)   M=UIWrite  ACBP=A9
 0001:00160A10 0000000E C=CODE     S=.text    G=(none)   M=IDLParse ACBP=A9
 0001:00160A20 0000042F C=CODE     S=.text    G=(none)   M=IDLCreators ACBP=A9
 0001:00160E50 00001420 C=CODE     S=.text    G=(none)   M=CodeInsight ACBP=A9
 0001:00162270 00000FC8 C=CODE     S=.text    G=(none)   M=EditColorPage ACBP=A9
 0001:00163238 00000DC8 C=CODE     S=.text    G=(none)   M=EditDisplayPage ACBP=A9
 0001:00164000 000006DC C=CODE     S=.text    G=(none)   M=EditOptionPage ACBP=A9
 0001:001646DC 0000060C C=CODE     S=.text    G=(none)   M=LibOptions ACBP=A9
 0001:00164CE8 000031B8 C=CODE     S=.text    G=(none)   M=PaletteConfig ACBP=A9
 0001:00167EA0 00000534 C=CODE     S=.text    G=(none)   M=CustomPkgDescription ACBP=A9
 0001:001683D4 00000578 C=CODE     S=.text    G=(none)   M=PackageAddRequires ACBP=A9
 0001:0016894C 00000BAC C=CODE     S=.text    G=(none)   M=DebuggerOptions ACBP=A9
 0001:001694F8 000008C4 C=CODE     S=.text    G=(none)   M=DebuggerLanguageExceptOptions ACBP=A9
 0001:00169DBC 00001098 C=CODE     S=.text    G=(none)   M=DirectoriesConditionals ACBP=A9
 0001:0016AE54 000004B4 C=CODE     S=.text    G=(none)   M=FindErr  ACBP=A9
 0001:0016B308 00000118 C=CODE     S=.text    G=(none)   M=ShareMem ACBP=A9
 0001:0016B420 000001EC C=CODE     S=.text    G=(none)   M=IdlModul ACBP=A9
 0001:0016B60C 000010B0 C=CODE     S=.text    G=(none)   M=IdlUpdaters ACBP=A9
 0001:0016C6BC 0000033C C=CODE     S=.text    G=(none)   M=DesktopSaveBase ACBP=A9
 0001:0016C9F8 000002BC C=CODE     S=.text    G=(none)   M=DesktopRuntimeSave ACBP=A9
 0001:0016CCB4 00000410 C=CODE     S=.text    G=(none)   M=DesktopSave ACBP=A9
 0001:0016D0C4 00000320 C=CODE     S=.text    G=(none)   M=DesktopDelete ACBP=A9
 0001:0016D3E4 00000038 C=CODE     S=.text    G=(none)   M=RegExplorerController ACBP=A9
 0001:0016D41C 000005F4 C=CODE     S=.text    G=(none)   M=ItemContainers ACBP=A9
 0001:0016DA10 00000AC8 C=CODE     S=.text    G=(none)   M=EditorBindings ACBP=A9
 0001:0016E4D8 00000944 C=CODE     S=.text    G=(none)   M=EnvVariableOptionsPage ACBP=A9
 0001:0016EE1C 0000001E C=CODE     S=.text    G=(none)   M=MetaSupport ACBP=A9
 0001:0016EE3C 00000BB4 C=CODE     S=.text    G=(none)   M=ObjectTreeViewPrintOMP ACBP=A9
 0001:0016F9F0 000003BC C=CODE     S=.text    G=(none)   M=ObjectTreeViewPrint ACBP=A9
 0001:0016FDAC 00002980 C=CODE     S=.text    G=(none)   M=ObjectTreeView ACBP=A9
 0001:0017272C 00000016 C=CODE     S=.text    G=(none)   M=VCLSurface ACBP=A9
 0001:00172744 0000000E C=CODE     S=.text    G=(none)   M=VCLMenus ACBP=A9
 0001:00172754 0000000E C=CODE     S=.text    G=(none)   M=Surface  ACBP=A9
 0001:00172764 0000000E C=CODE     S=.text    G=(none)   M=LibHelp  ACBP=A9
 0001:00172774 0000001E C=CODE     S=.text    G=(none)   M=DMForm   ACBP=A9
 0001:00172794 00000016 C=CODE     S=.text    G=(none)   M=WCtlForm ACBP=A9
 0001:001727AC 0000000E C=CODE     S=.text    G=(none)   M=StrEdit  ACBP=A9
 0001:001727BC 0000000E C=CODE     S=.text    G=(none)   M=ValueEdit ACBP=A9
 0001:001727CC 0000000E C=CODE     S=.text    G=(none)   M=ValEdit  ACBP=A9
 0001:001727DC 0000000E C=CODE     S=.text    G=(none)   M=StringsEdit ACBP=A9
 0001:001727EC 0000000E C=CODE     S=.text    G=(none)   M=PicEdit  ACBP=A9
 0001:001727FC 00000016 C=CODE     S=.text    G=(none)   M=MnuBuild ACBP=A9
 0001:00172814 0000000E C=CODE     S=.text    G=(none)   M=DesignWindows ACBP=A9
 0001:00172824 0000000E C=CODE     S=.text    G=(none)   M=MenuTmpl ACBP=A9
 0001:00172834 0000000E C=CODE     S=.text    G=(none)   M=MnuConst ACBP=A9
 0001:00172844 0000000E C=CODE     S=.text    G=(none)   M=MnuFile  ACBP=A9
 0001:00172854 0000000E C=CODE     S=.text    G=(none)   M=MtMisc   ACBP=A9
 0001:00172864 0000000E C=CODE     S=.text    G=(none)   M=MtSvDlg  ACBP=A9
 0001:00172874 0000000E C=CODE     S=.text    G=(none)   M=MtInDlg  ACBP=A9
 0001:00172884 0000000E C=CODE     S=.text    G=(none)   M=MtDeDlg  ACBP=A9
 0001:00172894 0000000E C=CODE     S=.text    G=(none)   M=MnuSelct ACBP=A9
 0001:001728A4 0000000E C=CODE     S=.text    G=(none)   M=VCLSprigs ACBP=A9
 0001:001728B4 00000016 C=CODE     S=.text    G=(none)   M=OCXReg   ACBP=A9
 0001:001728CC 0000415B C=CODE     S=.text    G=(none)   M=VCLFormDesigner ACBP=A9
 0001:00176A28 000002A4 C=CODE     S=.text    G=(none)   M=PipeUtil ACBP=A9
 0001:00176CCC 00000948 C=CODE     S=.text    G=(none)   M=ProcessUtil ACBP=A9
 0001:00177614 000001A4 C=CODE     S=.text    G=(none)   M=CodCmpltIDE ACBP=A9
 0001:001777B8 00004B7D C=CODE     S=.text    G=(none)   M=CodCmplt ACBP=A9
 0001:0017C338 00000638 C=CODE     S=.text    G=(none)   M=DesignerOptPage ACBP=A9
 0001:0017C970 000002BC C=CODE     S=.text    G=(none)   M=InternalToolStream ACBP=A9
 0001:0017CC2C 00000E4D C=CODE     S=.text    G=(none)   M=coreide  ACBP=A9
 0002:00000000 00000028 C=DATA     S=.data    G=DGROUP   M=SysInit  ACBP=A9
 0002:00000028 00000020 C=DATA     S=.data    G=DGROUP   M=ResUtils ACBP=A9
 0002:00000048 00000190 C=DATA     S=.data    G=DGROUP   M=dbk_tlb  ACBP=A9
 0002:000001D8 00000008 C=DATA     S=.data    G=DGROUP   M=DbkHelper ACBP=A9
 0002:000001E0 00000004 C=DATA     S=.data    G=DGROUP   M=AppConst ACBP=A9
 0002:000001E4 00000060 C=DATA     S=.data    G=DGROUP   M=AppStrs  ACBP=A9
 0002:00000244 00000002 C=DATA     S=.data    G=DGROUP   M=VerInf   ACBP=A9
 0002:00000248 00000108 C=DATA     S=.data    G=DGROUP   M=UIUtils  ACBP=A9
 0002:00000350 000000E8 C=DATA     S=.data    G=DGROUP   M=OptIntf  ACBP=A9
 0002:00000438 00000008 C=DATA     S=.data    G=DGROUP   M=StatIntf ACBP=A9
 0002:00000440 00000009 C=DATA     S=.data    G=DGROUP   M=AgeCache ACBP=A9
 0002:0000044C 00000024 C=DATA     S=.data    G=DGROUP   M=IDEKbd   ACBP=A9
 0002:00000470 00001440 C=DATA     S=.data    G=DGROUP   M=EdToken  ACBP=A9
 0002:000018B0 00000018 C=DATA     S=.data    G=DGROUP   M=EdProcs  ACBP=A9
 0002:000018C8 00000004 C=DATA     S=.data    G=DGROUP   M=CompIntf ACBP=A9
 0002:000018CC 0000008C C=DATA     S=.data    G=DGROUP   M=EdScript ACBP=A9
 0002:00001958 00000888 C=DATA     S=.data    G=DGROUP   M=WinMsg   ACBP=A9
 0002:000021E0 00000008 C=DATA     S=.data    G=DGROUP   M=DisView  ACBP=A9
 0002:000021E8 00000020 C=DATA     S=.data    G=DGROUP   M=GalBrow  ACBP=A9
 0002:00002208 000000A4 C=DATA     S=.data    G=DGROUP   M=Gallery  ACBP=A9
 0002:000022AC 00000008 C=DATA     S=.data    G=DGROUP   M=MakeObjs ACBP=A9
 0002:000022B4 00000012 C=DATA     S=.data    G=DGROUP   M=Palettes ACBP=A9
 0002:000022C8 0000006E C=DATA     S=.data    G=DGROUP   M=PalMgr   ACBP=A9
 0002:00002338 00000010 C=DATA     S=.data    G=DGROUP   M=CompHelp ACBP=A9
 0002:00002348 00000004 C=DATA     S=.data    G=DGROUP   M=ExpertReg ACBP=A9
 0002:0000234C 00000009 C=DATA     S=.data    G=DGROUP   M=PakMgr   ACBP=A9
 0002:00002358 00000008 C=DATA     S=.data    G=DGROUP   M=Compiler ACBP=A9
 0002:00002360 000006D0 C=DATA     S=.data    G=DGROUP   M=ZLib     ACBP=A9
 0002:00002A30 00000008 C=DATA     S=.data    G=DGROUP   M=ProjectMgr ACBP=A9
 0002:00002A38 00000008 C=DATA     S=.data    G=DGROUP   M=PkgContainers ACBP=A9
 0002:00002A40 00000008 C=DATA     S=.data    G=DGROUP   M=PkgEditors ACBP=A9
 0002:00002A48 0000000C C=DATA     S=.data    G=DGROUP   M=PkgProjects ACBP=A9
 0002:00002A54 00000010 C=DATA     S=.data    G=DGROUP   M=FileHist ACBP=A9
 0002:00002A64 00000010 C=DATA     S=.data    G=DGROUP   M=Desktop  ACBP=A9
 0002:00002A74 00000004 C=DATA     S=.data    G=DGROUP   M=VcsMain  ACBP=A9
 0002:00002A78 00000009 C=DATA     S=.data    G=DGROUP   M=EditMain ACBP=A9
 0002:00002A84 00000008 C=DATA     S=.data    G=DGROUP   M=ToolMain ACBP=A9
 0002:00002A8C 00000008 C=DATA     S=.data    G=DGROUP   M=ExptMain ACBP=A9
 0002:00002A94 00000030 C=DATA     S=.data    G=DGROUP   M=DocModul ACBP=A9
 0002:00002AC4 00000008 C=DATA     S=.data    G=DGROUP   M=PakUtil  ACBP=A9
 0002:00002ACC 000002BC C=DATA     S=.data    G=DGROUP   M=DebugOpts ACBP=A9
 0002:00002D88 00000008 C=DATA     S=.data    G=DGROUP   M=EvalMod  ACBP=A9
 0002:00002D90 00000039 C=DATA     S=.data    G=DGROUP   M=Debug    ACBP=A9
 0002:00002DCC 00000008 C=DATA     S=.data    G=DGROUP   M=ComDebug ACBP=A9
 0002:00002DD4 00000004 C=DATA     S=.data    G=DGROUP   M=PrintSes ACBP=A9
 0002:00002DD8 00000008 C=DATA     S=.data    G=DGROUP   M=MainWorkFrm ACBP=A9
 0002:00002DE0 00000024 C=DATA     S=.data    G=DGROUP   M=BarFrm   ACBP=A9
 0002:00002E04 00000008 C=DATA     S=.data    G=DGROUP   M=FileFind ACBP=A9
 0002:00002E0C 00000048 C=DATA     S=.data    G=DGROUP   M=MsgLines ACBP=A9
 0002:00002E54 00000008 C=DATA     S=.data    G=DGROUP   M=MsgLinesIntf ACBP=A9
 0002:00002E5C 000000A8 C=DATA     S=.data    G=DGROUP   M=Modules  ACBP=A9
 0002:00002F04 00000024 C=DATA     S=.data    G=DGROUP   M=EnvOptions ACBP=A9
 0002:00002F28 00000088 C=DATA     S=.data    G=DGROUP   M=EdKrnl   ACBP=A9
 0002:00002FB0 00000344 C=DATA     S=.data    G=DGROUP   M=VClient  ACBP=A9
 0002:000032F4 0000026C C=DATA     S=.data    G=DGROUP   M=VEdOpts  ACBP=A9
 0002:00003560 000001E8 C=DATA     S=.data    G=DGROUP   M=VEdTypes ACBP=A9
 0002:00003748 00000009 C=DATA     S=.data    G=DGROUP   M=KbClient ACBP=A9
 0002:00003754 000001A0 C=DATA     S=.data    G=DGROUP   M=Editors  ACBP=A9
 0002:000038F4 000000F0 C=DATA     S=.data    G=DGROUP   M=ComInOut ACBP=A9
 0002:000039E4 00000140 C=DATA     S=.data    G=DGROUP   M=Containers ACBP=A9
 0002:00003B24 00000008 C=DATA     S=.data    G=DGROUP   M=CodeMgr  ACBP=A9
 0002:00003B2C 00000374 C=DATA     S=.data    G=DGROUP   M=PasMgr   ACBP=A9
 0002:00003EA0 00000008 C=DATA     S=.data    G=DGROUP   M=ParserNodes ACBP=A9
 0002:00003EA8 00000010 C=DATA     S=.data    G=DGROUP   M=WatchWin ACBP=A9
 0002:00003EB8 00000004 C=DATA     S=.data    G=DGROUP   M=CodeTemp ACBP=A9
 0002:00003EBC 00000008 C=DATA     S=.data    G=DGROUP   M=CallStac ACBP=A9
 0002:00003EC4 00000200 C=DATA     S=.data    G=DGROUP   M=MakeFileMgr ACBP=A9
 0002:000040C4 00000010 C=DATA     S=.data    G=DGROUP   M=CreaEdit ACBP=A9
 0002:000040D4 00000010 C=DATA     S=.data    G=DGROUP   M=TabEdit  ACBP=A9
 0002:000040E4 00000038 C=DATA     S=.data    G=DGROUP   M=ThrdStat ACBP=A9
 0002:0000411C 000000C0 C=DATA     S=.data    G=DGROUP   M=TranUtil ACBP=A9
 0002:000041DC 00000008 C=DATA     S=.data    G=DGROUP   M=VersionInfo ACBP=A9
 0002:000041E4 00000004 C=DATA     S=.data    G=DGROUP   M=OCXGen   ACBP=A9
 0002:000041E8 00000004 C=DATA     S=.data    G=DGROUP   M=WorkSpaceMgr ACBP=A9
 0002:000041EC 00000008 C=DATA     S=.data    G=DGROUP   M=PropInsp ACBP=A9
 0002:000041F4 00000008 C=DATA     S=.data    G=DGROUP   M=TokenWin ACBP=A9
 0002:000041FC 00000004 C=DATA     S=.data    G=DGROUP   M=BatchOptions ACBP=A9
 0002:00004200 00000016 C=DATA     S=.data    G=DGROUP   M=BatchTarget ACBP=A9
 0002:00004218 00000014 C=DATA     S=.data    G=DGROUP   M=DepProg  ACBP=A9
 0002:0000422C 0000003C C=DATA     S=.data    G=DGROUP   M=Deploy   ACBP=A9
 0002:00004268 00000004 C=DATA     S=.data    G=DGROUP   M=EditColorPage ACBP=A9
 0002:0000426C 0000000C C=DATA     S=.data    G=DGROUP   M=ObjectTreeView ACBP=A9
 0002:00004278 00000014 C=DATA     S=.data    G=DGROUP   M=VCLFormDesigner ACBP=A9
 0002:0000428C 00000008 C=DATA     S=.data    G=DGROUP   M=CodCmplt ACBP=A9
 0002:00004294 00000010 C=DATA     S=.data    G=DGROUP   M=DesignerOptPage ACBP=A9
 0002:00005000 00000018 C=BSS      S=.bss     G=DGROUP   M=SysInit  ACBP=A9
 0002:00005018 00000004 C=BSS      S=.bss     G=DGROUP   M=Windows  ACBP=A9
 0002:0000501C 00000004 C=BSS      S=.bss     G=DGROUP   M=Messages ACBP=A9
 0002:00005020 00000004 C=BSS      S=.bss     G=DGROUP   M=CommCtrl ACBP=A9
 0002:00005024 00000004 C=BSS      S=.bss     G=DGROUP   M=Imm      ACBP=A9
 0002:00005028 00000004 C=BSS      S=.bss     G=DGROUP   M=ShlObj   ACBP=A9
 0002:0000502C 00000004 C=BSS      S=.bss     G=DGROUP   M=UrlMon   ACBP=A9
 0002:00005030 00000004 C=BSS      S=.bss     G=DGROUP   M=WinInet  ACBP=A9
 0002:00005034 00000004 C=BSS      S=.bss     G=DGROUP   M=RegStr   ACBP=A9
 0002:00005038 00000004 C=BSS      S=.bss     G=DGROUP   M=ShellAPI ACBP=A9
 0002:0000503C 00000004 C=BSS      S=.bss     G=DGROUP   M=WinSpool ACBP=A9
 0002:00005040 00000004 C=BSS      S=.bss     G=DGROUP   M=CommDlg  ACBP=A9
 0002:00005044 00000004 C=BSS      S=.bss     G=DGROUP   M=Dlgs     ACBP=A9
 0002:00005048 00000004 C=BSS      S=.bss     G=DGROUP   M=ResUtils ACBP=A9
 0002:0000504C 00000004 C=BSS      S=.bss     G=DGROUP   M=dbk_tlb  ACBP=A9
 0002:00005050 00000004 C=BSS      S=.bss     G=DGROUP   M=DbkHelper ACBP=A9
 0002:00005054 000010D4 C=BSS      S=.bss     G=DGROUP   M=ComTypes ACBP=A9
 0002:00006128 00000004 C=BSS      S=.bss     G=DGROUP   M=AppConst ACBP=A9
 0002:0000612C 00000004 C=BSS      S=.bss     G=DGROUP   M=RichEdit ACBP=A9
 0002:00006130 00000004 C=BSS      S=.bss     G=DGROUP   M=RegistryEx ACBP=A9
 0002:00006134 00000008 C=BSS      S=.bss     G=DGROUP   M=EnvVariableEntry ACBP=A9
 0002:0000613C 00000008 C=BSS      S=.bss     G=DGROUP   M=EnvVariableFrame ACBP=A9
 0002:00006144 00000048 C=BSS      S=.bss     G=DGROUP   M=AppStrs  ACBP=A9
 0002:0000618C 00000004 C=BSS      S=.bss     G=DGROUP   M=VerInf   ACBP=A9
 0002:00006190 00000008 C=BSS      S=.bss     G=DGROUP   M=UIUtils  ACBP=A9
 0002:00006198 00000004 C=BSS      S=.bss     G=DGROUP   M=PackageList ACBP=A9
 0002:0000619C 00000004 C=BSS      S=.bss     G=DGROUP   M=OptIntf  ACBP=A9
 0002:000061A0 00000004 C=BSS      S=.bss     G=DGROUP   M=Creators ACBP=A9
 0002:000061A4 00000004 C=BSS      S=.bss     G=DGROUP   M=Context  ACBP=A9
 0002:000061A8 00000004 C=BSS      S=.bss     G=DGROUP   M=Updaters ACBP=A9
 0002:000061AC 00000004 C=BSS      S=.bss     G=DGROUP   M=StatIntf ACBP=A9
 0002:000061B0 00000004 C=BSS      S=.bss     G=DGROUP   M=AgeCache ACBP=A9
 0002:000061B4 00000004 C=BSS      S=.bss     G=DGROUP   M=ComMgr   ACBP=A9
 0002:000061B8 00000004 C=BSS      S=.bss     G=DGROUP   M=EK       ACBP=A9
 0002:000061BC 00000004 C=BSS      S=.bss     G=DGROUP   M=IDEKbd   ACBP=A9
 0002:000061C0 00000004 C=BSS      S=.bss     G=DGROUP   M=CmdConst ACBP=A9
 0002:000061C4 00000004 C=BSS      S=.bss     G=DGROUP   M=EdToken  ACBP=A9
 0002:000061C8 00000128 C=BSS      S=.bss     G=DGROUP   M=EdProcs  ACBP=A9
 0002:000062F0 00000004 C=BSS      S=.bss     G=DGROUP   M=VirtFile ACBP=A9
 0002:000062F4 00000004 C=BSS      S=.bss     G=DGROUP   M=BaseEnvironDialog ACBP=A9
 0002:000062F8 00000004 C=BSS      S=.bss     G=DGROUP   M=ExplorerIntf ACBP=A9
 0002:000062FC 00000008 C=BSS      S=.bss     G=DGROUP   M=CompIntf ACBP=A9
 0002:00006304 00000004 C=BSS      S=.bss     G=DGROUP   M=AppUtils ACBP=A9
 0002:00006308 00000004 C=BSS      S=.bss     G=DGROUP   M=AddInEnvOptions ACBP=A9
 0002:0000630C 00000004 C=BSS      S=.bss     G=DGROUP   M=GotoLine ACBP=A9
 0002:00006310 00000008 C=BSS      S=.bss     G=DGROUP   M=EdScript ACBP=A9
 0002:00006318 00000008 C=BSS      S=.bss     G=DGROUP   M=WinMsg   ACBP=A9
 0002:00006320 00000004 C=BSS      S=.bss     G=DGROUP   M=GetAddr  ACBP=A9
 0002:00006324 00000004 C=BSS      S=.bss     G=DGROUP   M=SelectTh ACBP=A9
 0002:00006328 00000008 C=BSS      S=.bss     G=DGROUP   M=DisView  ACBP=A9
 0002:00006330 00000004 C=BSS      S=.bss     G=DGROUP   M=AdrBPAdd ACBP=A9
 0002:00006334 00000004 C=BSS      S=.bss     G=DGROUP   M=BPAdd    ACBP=A9
 0002:00006338 00000004 C=BSS      S=.bss     G=DGROUP   M=DataBPAdd ACBP=A9
 0002:0000633C 00000004 C=BSS      S=.bss     G=DGROUP   M=AdrBPModify ACBP=A9
 0002:00006340 00000004 C=BSS      S=.bss     G=DGROUP   M=BPModify ACBP=A9
 0002:00006344 00000004 C=BSS      S=.bss     G=DGROUP   M=DataBPModify ACBP=A9
 0002:00006348 00000004 C=BSS      S=.bss     G=DGROUP   M=DebugFindFile ACBP=A9
 0002:0000634C 00000008 C=BSS      S=.bss     G=DGROUP   M=ExprDlg  ACBP=A9
 0002:00006354 00000004 C=BSS      S=.bss     G=DGROUP   M=FormTpl  ACBP=A9
 0002:00006358 00000004 C=BSS      S=.bss     G=DGROUP   M=PrjTpl   ACBP=A9
 0002:0000635C 00000004 C=BSS      S=.bss     G=DGROUP   M=PalEdit  ACBP=A9
 0002:00006360 00000004 C=BSS      S=.bss     G=DGROUP   M=EditTpl  ACBP=A9
 0002:00006364 00000004 C=BSS      S=.bss     G=DGROUP   M=ReposCfg ACBP=A9
 0002:00006368 00000004 C=BSS      S=.bss     G=DGROUP   M=Template ACBP=A9
 0002:0000636C 00000019 C=BSS      S=.bss     G=DGROUP   M=GalBrow  ACBP=A9
 0002:00006388 00000014 C=BSS      S=.bss     G=DGROUP   M=Gallery  ACBP=A9
 0002:0000639C 00000004 C=BSS      S=.bss     G=DGROUP   M=TreeSearch ACBP=A9
 0002:000063A0 00000004 C=BSS      S=.bss     G=DGROUP   M=MakeObjs ACBP=A9
 0002:000063A4 00000004 C=BSS      S=.bss     G=DGROUP   M=PakLoad  ACBP=A9
 0002:000063A8 00000004 C=BSS      S=.bss     G=DGROUP   M=Palettes ACBP=A9
 0002:000063AC 00000004 C=BSS      S=.bss     G=DGROUP   M=ViewDlg  ACBP=A9
 0002:000063B0 00000010 C=BSS      S=.bss     G=DGROUP   M=PalMgr   ACBP=A9
 0002:000063C0 00000004 C=BSS      S=.bss     G=DGROUP   M=PakWarn  ACBP=A9
 0002:000063C4 00000008 C=BSS      S=.bss     G=DGROUP   M=HelpSelector ACBP=A9
 0002:000063CC 00000004 C=BSS      S=.bss     G=DGROUP   M=HelpList ACBP=A9
 0002:000063D0 00000008 C=BSS      S=.bss     G=DGROUP   M=WinHelpTester ACBP=A9
 0002:000063D8 0000000C C=BSS      S=.bss     G=DGROUP   M=CompHelp ACBP=A9
 0002:000063E4 00000004 C=BSS      S=.bss     G=DGROUP   M=CompList ACBP=A9
 0002:000063E8 00000008 C=BSS      S=.bss     G=DGROUP   M=ExpertReg ACBP=A9
 0002:000063F0 00000010 C=BSS      S=.bss     G=DGROUP   M=PakMgr   ACBP=A9
 0002:00006400 00000008 C=BSS      S=.bss     G=DGROUP   M=MsgWnds  ACBP=A9
 0002:00006408 00000004 C=BSS      S=.bss     G=DGROUP   M=Compiler ACBP=A9
 0002:0000640C 00000008 C=BSS      S=.bss     G=DGROUP   M=ComPrgrs ACBP=A9
 0002:00006414 00000004 C=BSS      S=.bss     G=DGROUP   M=PakAnaly ACBP=A9
 0002:00006418 00000004 C=BSS      S=.bss     G=DGROUP   M=PackageAddBase ACBP=A9
 0002:0000641C 00000004 C=BSS      S=.bss     G=DGROUP   M=AddContainsRequiresBase ACBP=A9
 0002:00006420 00000004 C=BSS      S=.bss     G=DGROUP   M=AddContainsRequires ACBP=A9
 0002:00006424 00000004 C=BSS      S=.bss     G=DGROUP   M=AddContains ACBP=A9
 0002:00006428 00000004 C=BSS      S=.bss     G=DGROUP   M=AddRequires ACBP=A9
 0002:0000642C 00000004 C=BSS      S=.bss     G=DGROUP   M=PackageState ACBP=A9
 0002:00006430 00000004 C=BSS      S=.bss     G=DGROUP   M=ProjectItem ACBP=A9
 0002:00006434 00000004 C=BSS      S=.bss     G=DGROUP   M=PakComp  ACBP=A9
 0002:00006438 00000004 C=BSS      S=.bss     G=DGROUP   M=PCEGlobs ACBP=A9
 0002:0000643C 00000004 C=BSS      S=.bss     G=DGROUP   M=ZLibConst ACBP=A9
 0002:00006440 00001988 C=BSS      S=.bss     G=DGROUP   M=ZLib     ACBP=A9
 0002:00007DC8 00000004 C=BSS      S=.bss     G=DGROUP   M=Archiver ACBP=A9
 0002:00007DCC 00000004 C=BSS      S=.bss     G=DGROUP   M=PkgDir   ACBP=A9
 0002:00007DD0 00000004 C=BSS      S=.bss     G=DGROUP   M=PakCust  ACBP=A9
 0002:00007DD4 00000004 C=BSS      S=.bss     G=DGROUP   M=InstColl ACBP=A9
 0002:00007DD8 00000004 C=BSS      S=.bss     G=DGROUP   M=PakRemRu ACBP=A9
 0002:00007DDC 00000004 C=BSS      S=.bss     G=DGROUP   M=PakList  ACBP=A9
 0002:00007DE0 0000001C C=BSS      S=.bss     G=DGROUP   M=ProjectFrm ACBP=A9
 0002:00007DFC 00000008 C=BSS      S=.bss     G=DGROUP   M=PrefOptDlg ACBP=A9
 0002:00007E04 00000004 C=BSS      S=.bss     G=DGROUP   M=ProjectMgr ACBP=A9
 0002:00007E08 00000004 C=BSS      S=.bss     G=DGROUP   M=PkgContainers ACBP=A9
 0002:00007E0C 00000008 C=BSS      S=.bss     G=DGROUP   M=PkgEditors ACBP=A9
 0002:00007E14 00000004 C=BSS      S=.bss     G=DGROUP   M=PkgProjects ACBP=A9
 0002:00007E18 00000004 C=BSS      S=.bss     G=DGROUP   M=FileHist ACBP=A9
 0002:00007E1C 00000008 C=BSS      S=.bss     G=DGROUP   M=ParserThread ACBP=A9
 0002:00007E24 00000010 C=BSS      S=.bss     G=DGROUP   M=Desktop  ACBP=A9
 0002:00007E34 00000004 C=BSS      S=.bss     G=DGROUP   M=NewFile  ACBP=A9
 0002:00007E38 00000004 C=BSS      S=.bss     G=DGROUP   M=VcsIntf  ACBP=A9
 0002:00007E3C 00000004 C=BSS      S=.bss     G=DGROUP   M=VcsMain  ACBP=A9
 0002:00007E40 00000004 C=BSS      S=.bss     G=DGROUP   M=EditMain ACBP=A9
 0002:00007E44 00000004 C=BSS      S=.bss     G=DGROUP   M=FileMain ACBP=A9
 0002:00007E48 00000004 C=BSS      S=.bss     G=DGROUP   M=ToolMain ACBP=A9
 0002:00007E4C 00000004 C=BSS      S=.bss     G=DGROUP   M=ExptMain ACBP=A9
 0002:00007E50 00000014 C=BSS      S=.bss     G=DGROUP   M=DocModul ACBP=A9
 0002:00007E64 00000004 C=BSS      S=.bss     G=DGROUP   M=PakUtil  ACBP=A9
 0002:00007E68 00000010 C=BSS      S=.bss     G=DGROUP   M=DebugOpts ACBP=A9
 0002:00007E78 00000015 C=BSS      S=.bss     G=DGROUP   M=EvalMod  ACBP=A9
 0002:00007E90 0000000C C=BSS      S=.bss     G=DGROUP   M=Debug    ACBP=A9
 0002:00007E9C 0000000C C=BSS      S=.bss     G=DGROUP   M=ComDebug ACBP=A9
 0002:00007EA8 00000004 C=BSS      S=.bss     G=DGROUP   M=Verify   ACBP=A9
 0002:00007EAC 00000004 C=BSS      S=.bss     G=DGROUP   M=RplcDlg  ACBP=A9
 0002:00007EB0 00000004 C=BSS      S=.bss     G=DGROUP   M=OptStr   ACBP=A9
 0002:00007EB4 00000008 C=BSS      S=.bss     G=DGROUP   M=PrintSts ACBP=A9
 0002:00007EBC 00000004 C=BSS      S=.bss     G=DGROUP   M=PrintSes ACBP=A9
 0002:00007EC0 00000004 C=BSS      S=.bss     G=DGROUP   M=WorkFrm  ACBP=A9
 0002:00007EC4 00000008 C=BSS      S=.bss     G=DGROUP   M=LeftBarFrm ACBP=A9
 0002:00007ECC 00000008 C=BSS      S=.bss     G=DGROUP   M=RightBarFrm ACBP=A9
 0002:00007ED4 00000008 C=BSS      S=.bss     G=DGROUP   M=MainWorkFrm ACBP=A9
 0002:00007EDC 00000008 C=BSS      S=.bss     G=DGROUP   M=BottomBarFrm ACBP=A9
 0002:00007EE4 00000004 C=BSS      S=.bss     G=DGROUP   M=BarFrm   ACBP=A9
 0002:00007EE8 0000001D C=BSS      S=.bss     G=DGROUP   M=WinList  ACBP=A9
 0002:00007F08 00000004 C=BSS      S=.bss     G=DGROUP   M=SrchDlg  ACBP=A9
 0002:00007F0C 00000004 C=BSS      S=.bss     G=DGROUP   M=SrchPrgs ACBP=A9
 0002:00007F10 0000000C C=BSS      S=.bss     G=DGROUP   M=FileFind ACBP=A9
 0002:00007F1C 00000004 C=BSS      S=.bss     G=DGROUP   M=MsgViewForm ACBP=A9
 0002:00007F20 00000008 C=BSS      S=.bss     G=DGROUP   M=BaseModExplorerForm ACBP=A9
 0002:00007F28 00000008 C=BSS      S=.bss     G=DGROUP   M=MsgLines ACBP=A9
 0002:00007F30 00000004 C=BSS      S=.bss     G=DGROUP   M=MsgLinesIntf ACBP=A9
 0002:00007F34 00000004 C=BSS      S=.bss     G=DGROUP   M=MsgView  ACBP=A9
 0002:00007F38 00000004 C=BSS      S=.bss     G=DGROUP   M=EdTrackr ACBP=A9
 0002:00007F3C 00000020 C=BSS      S=.bss     G=DGROUP   M=Modules  ACBP=A9
 0002:00007F5C 00000010 C=BSS      S=.bss     G=DGROUP   M=IDEIntf  ACBP=A9
 0002:00007F6C 00000008 C=BSS      S=.bss     G=DGROUP   M=WorkspaceCrtrs ACBP=A9
 0002:00007F74 00000010 C=BSS      S=.bss     G=DGROUP   M=IDEServices ACBP=A9
 0002:00007F84 00000004 C=BSS      S=.bss     G=DGROUP   M=PrintSel ACBP=A9
 0002:00007F88 00000010 C=BSS      S=.bss     G=DGROUP   M=EnvOptions ACBP=A9
 0002:00007F98 00000004 C=BSS      S=.bss     G=DGROUP   M=EdKrnl   ACBP=A9
 0002:00007F9C 00000124 C=BSS      S=.bss     G=DGROUP   M=VClient  ACBP=A9
 0002:000080C0 00000004 C=BSS      S=.bss     G=DGROUP   M=VEdOpts  ACBP=A9
 0002:000080C4 00000004 C=BSS      S=.bss     G=DGROUP   M=VEdTypes ACBP=A9
 0002:000080C8 00000004 C=BSS      S=.bss     G=DGROUP   M=KbClient ACBP=A9
 0002:000080CC 00000614 C=BSS      S=.bss     G=DGROUP   M=Editors  ACBP=A9
 0002:000086E0 00000024 C=BSS      S=.bss     G=DGROUP   M=ComInOut ACBP=A9
 0002:00008704 00000008 C=BSS      S=.bss     G=DGROUP   M=ProjectIntf ACBP=A9
 0002:0000870C 0000000C C=BSS      S=.bss     G=DGROUP   M=Containers ACBP=A9
 0002:00008718 00000008 C=BSS      S=.bss     G=DGROUP   M=CodeMgr  ACBP=A9
 0002:00008720 00000004 C=BSS      S=.bss     G=DGROUP   M=AddCTDlg ACBP=A9
 0002:00008724 00000004 C=BSS      S=.bss     G=DGROUP   M=LinkRedr ACBP=A9
 0002:00008728 00000004 C=BSS      S=.bss     G=DGROUP   M=FormRead ACBP=A9
 0002:0000872C 00000004 C=BSS      S=.bss     G=DGROUP   M=FIRecov  ACBP=A9
 0002:00008730 0000000C C=BSS      S=.bss     G=DGROUP   M=ComBrows ACBP=A9
 0002:0000873C 00000004 C=BSS      S=.bss     G=DGROUP   M=IDEToDoIntf ACBP=A9
 0002:00008740 00000004 C=BSS      S=.bss     G=DGROUP   M=RemovMod ACBP=A9
 0002:00008744 00000010 C=BSS      S=.bss     G=DGROUP   M=PasMgr   ACBP=A9
 0002:00008754 00000004 C=BSS      S=.bss     G=DGROUP   M=Completers ACBP=A9
 0002:00008758 00000008 C=BSS      S=.bss     G=DGROUP   M=EditorActions ACBP=A9
 0002:00008760 00000004 C=BSS      S=.bss     G=DGROUP   M=RunParam ACBP=A9
 0002:00008764 00000004 C=BSS      S=.bss     G=DGROUP   M=ScaleDlg ACBP=A9
 0002:00008768 00000004 C=BSS      S=.bss     G=DGROUP   M=SizeDlg  ACBP=A9
 0002:0000876C 00000004 C=BSS      S=.bss     G=DGROUP   M=ParserNodes ACBP=A9
 0002:00008770 00000008 C=BSS      S=.bss     G=DGROUP   M=ModuleExplorer ACBP=A9
 0002:00008778 00000004 C=BSS      S=.bss     G=DGROUP   M=WatchEd  ACBP=A9
 0002:0000877C 00000004 C=BSS      S=.bss     G=DGROUP   M=WatchWin ACBP=A9
 0002:00008780 00000004 C=BSS      S=.bss     G=DGROUP   M=DebugOptDlg ACBP=A9
 0002:00008784 00000004 C=BSS      S=.bss     G=DGROUP   M=BaseNewPackage ACBP=A9
 0002:00008788 00000004 C=BSS      S=.bss     G=DGROUP   M=ExistingPackage ACBP=A9
 0002:0000878C 00000004 C=BSS      S=.bss     G=DGROUP   M=EnvOptionsPage ACBP=A9
 0002:00008790 00000004 C=BSS      S=.bss     G=DGROUP   M=BasePackageInstall ACBP=A9
 0002:00008794 00000004 C=BSS      S=.bss     G=DGROUP   M=CodeTemp ACBP=A9
 0002:00008798 00000008 C=BSS      S=.bss     G=DGROUP   M=AddExceptDialog ACBP=A9
 0002:000087A0 00000004 C=BSS      S=.bss     G=DGROUP   M=AddUnitToExistingPackage ACBP=A9
 0002:000087A4 00000004 C=BSS      S=.bss     G=DGROUP   M=NewPackage ACBP=A9
 0002:000087A8 00000004 C=BSS      S=.bss     G=DGROUP   M=AddUnitToNewPackage ACBP=A9
 0002:000087AC 00000004 C=BSS      S=.bss     G=DGROUP   M=AlignDlg ACBP=A9
 0002:000087B0 00000008 C=BSS      S=.bss     G=DGROUP   M=AlignPal ACBP=A9
 0002:000087B8 00000004 C=BSS      S=.bss     G=DGROUP   M=AppFormsPage ACBP=A9
 0002:000087BC 00000004 C=BSS      S=.bss     G=DGROUP   M=ApplOpts ACBP=A9
 0002:000087C0 00000004 C=BSS      S=.bss     G=DGROUP   M=AppOptionsPage ACBP=A9
 0002:000087C4 00000004 C=BSS      S=.bss     G=DGROUP   M=BPList   ACBP=A9
 0002:000087C8 00000004 C=BSS      S=.bss     G=DGROUP   M=CallStac ACBP=A9
 0002:000087CC 00000004 C=BSS      S=.bss     G=DGROUP   M=CompAdd  ACBP=A9
 0002:000087D0 00000004 C=BSS      S=.bss     G=DGROUP   M=PakAddUnitFile ACBP=A9
 0002:000087D4 00000004 C=BSS      S=.bss     G=DGROUP   M=ListScrl ACBP=A9
 0002:000087D8 00000004 C=BSS      S=.bss     G=DGROUP   M=MakeFileMgr ACBP=A9
 0002:000087DC 00000004 C=BSS      S=.bss     G=DGROUP   M=NewPackageDlg ACBP=A9
 0002:000087E0 00000004 C=BSS      S=.bss     G=DGROUP   M=PackageCompExpert ACBP=A9
 0002:000087E4 00000004 C=BSS      S=.bss     G=DGROUP   M=PackageInstallDlg ACBP=A9
 0002:000087E8 00000004 C=BSS      S=.bss     G=DGROUP   M=PakAddP  ACBP=A9
 0002:000087EC 00000004 C=BSS      S=.bss     G=DGROUP   M=PackageInstPage ACBP=A9
 0002:000087F0 00000004 C=BSS      S=.bss     G=DGROUP   M=CreaEdit ACBP=A9
 0002:000087F4 00000004 C=BSS      S=.bss     G=DGROUP   M=CompInfo ACBP=A9
 0002:000087F8 00000004 C=BSS      S=.bss     G=DGROUP   M=TabEdit  ACBP=A9
 0002:000087FC 00000008 C=BSS      S=.bss     G=DGROUP   M=DebugProcessOptDlg ACBP=A9
 0002:00008804 00000004 C=BSS      S=.bss     G=DGROUP   M=ThrdStat ACBP=A9
 0002:00008808 00000004 C=BSS      S=.bss     G=DGROUP   M=TranUtil ACBP=A9
 0002:0000880C 00000014 C=BSS      S=.bss     G=DGROUP   M=Transfer ACBP=A9
 0002:00008820 00000004 C=BSS      S=.bss     G=DGROUP   M=TransDlg ACBP=A9
 0002:00008824 00000004 C=BSS      S=.bss     G=DGROUP   M=VersionInfo ACBP=A9
 0002:00008828 00000004 C=BSS      S=.bss     G=DGROUP   M=OCXGen   ACBP=A9
 0002:0000882C 00000004 C=BSS      S=.bss     G=DGROUP   M=OrderedListEditDialog ACBP=A9
 0002:00008830 00000004 C=BSS      S=.bss     G=DGROUP   M=PakOleControlInst ACBP=A9
 0002:00008834 00000008 C=BSS      S=.bss     G=DGROUP   M=ImportActiveXControl ACBP=A9
 0002:0000883C 00000008 C=BSS      S=.bss     G=DGROUP   M=FrmPrint ACBP=A9
 0002:00008844 00000004 C=BSS      S=.bss     G=DGROUP   M=CompName ACBP=A9
 0002:00008848 00000004 C=BSS      S=.bss     G=DGROUP   M=ImportOleControl ACBP=A9
 0002:0000884C 00000004 C=BSS      S=.bss     G=DGROUP   M=ImportTypeLib ACBP=A9
 0002:00008850 00000004 C=BSS      S=.bss     G=DGROUP   M=ImportTypeLibrary ACBP=A9
 0002:00008854 00000004 C=BSS      S=.bss     G=DGROUP   M=InstallComponent ACBP=A9
 0002:00008858 00000004 C=BSS      S=.bss     G=DGROUP   M=NewThrd  ACBP=A9
 0002:0000885C 00000004 C=BSS      S=.bss     G=DGROUP   M=WorkSpaceMgr ACBP=A9
 0002:00008860 00000004 C=BSS      S=.bss     G=DGROUP   M=PalettePropDlg ACBP=A9
 0002:00008864 00000004 C=BSS      S=.bss     G=DGROUP   M=PropInspOptPage ACBP=A9
 0002:00008868 00000004 C=BSS      S=.bss     G=DGROUP   M=PropInspPropDlg ACBP=A9
 0002:0000886C 00000008 C=BSS      S=.bss     G=DGROUP   M=PropInsp ACBP=A9
 0002:00008874 00000004 C=BSS      S=.bss     G=DGROUP   M=ModViewAdd ACBP=A9
 0002:00008878 00000004 C=BSS      S=.bss     G=DGROUP   M=ModView  ACBP=A9
 0002:0000887C 00000004 C=BSS      S=.bss     G=DGROUP   M=DebuggerExceptOptions ACBP=A9
 0002:00008880 00000004 C=BSS      S=.bss     G=DGROUP   M=TokenWin ACBP=A9
 0002:00008884 00000004 C=BSS      S=.bss     G=DGROUP   M=ComponentExpertPage ACBP=A9
 0002:00008888 00000004 C=BSS      S=.bss     G=DGROUP   M=ComponentExpert ACBP=A9
 0002:0000888C 00000004 C=BSS      S=.bss     G=DGROUP   M=ProjOptDlg ACBP=A9
 0002:00008890 00000008 C=BSS      S=.bss     G=DGROUP   M=BatchOptions ACBP=A9
 0002:00008898 00000010 C=BSS      S=.bss     G=DGROUP   M=BatchTarget ACBP=A9
 0002:000088A8 00000010 C=BSS      S=.bss     G=DGROUP   M=IDECustDlg ACBP=A9
 0002:000088B8 0000000C C=BSS      S=.bss     G=DGROUP   M=DepProg  ACBP=A9
 0002:000088C4 00000033 C=BSS      S=.bss     G=DGROUP   M=Deploy   ACBP=A9
 0002:000088F8 0000000C C=BSS      S=.bss     G=DGROUP   M=DepFiles ACBP=A9
 0002:00008904 0000000C C=BSS      S=.bss     G=DGROUP   M=IDLCreators ACBP=A9
 0002:00008910 00000004 C=BSS      S=.bss     G=DGROUP   M=CodeInsight ACBP=A9
 0002:00008914 00000004 C=BSS      S=.bss     G=DGROUP   M=EditColorPage ACBP=A9
 0002:00008918 00000008 C=BSS      S=.bss     G=DGROUP   M=EditDisplayPage ACBP=A9
 0002:00008920 00000004 C=BSS      S=.bss     G=DGROUP   M=EditOptionPage ACBP=A9
 0002:00008924 00000004 C=BSS      S=.bss     G=DGROUP   M=LibOptions ACBP=A9
 0002:00008928 00000004 C=BSS      S=.bss     G=DGROUP   M=PaletteConfig ACBP=A9
 0002:0000892C 00000004 C=BSS      S=.bss     G=DGROUP   M=CustomPkgDescription ACBP=A9
 0002:00008930 00000008 C=BSS      S=.bss     G=DGROUP   M=PackageAddRequires ACBP=A9
 0002:00008938 00000004 C=BSS      S=.bss     G=DGROUP   M=DebuggerOptions ACBP=A9
 0002:0000893C 00000004 C=BSS      S=.bss     G=DGROUP   M=DebuggerLanguageExceptOptions ACBP=A9
 0002:00008940 00000004 C=BSS      S=.bss     G=DGROUP   M=DirectoriesConditionals ACBP=A9
 0002:00008944 00000004 C=BSS      S=.bss     G=DGROUP   M=FindErr  ACBP=A9
 0002:00008948 00000004 C=BSS      S=.bss     G=DGROUP   M=ShareMem ACBP=A9
 0002:0000894C 00000004 C=BSS      S=.bss     G=DGROUP   M=IdlModul ACBP=A9
 0002:00008950 00000004 C=BSS      S=.bss     G=DGROUP   M=IdlUpdaters ACBP=A9
 0002:00008954 00000004 C=BSS      S=.bss     G=DGROUP   M=DesktopSaveBase ACBP=A9
 0002:00008958 00000004 C=BSS      S=.bss     G=DGROUP   M=DesktopRuntimeSave ACBP=A9
 0002:0000895C 00000004 C=BSS      S=.bss     G=DGROUP   M=DesktopSave ACBP=A9
 0002:00008960 00000004 C=BSS      S=.bss     G=DGROUP   M=DesktopDelete ACBP=A9
 0002:00008964 0000000C C=BSS      S=.bss     G=DGROUP   M=RegExplorerController ACBP=A9
 0002:00008970 00000004 C=BSS      S=.bss     G=DGROUP   M=ItemContainers ACBP=A9
 0002:00008974 00000004 C=BSS      S=.bss     G=DGROUP   M=EditorBindings ACBP=A9
 0002:00008978 00000004 C=BSS      S=.bss     G=DGROUP   M=EnvVariableOptionsPage ACBP=A9
 0002:0000897C 00000008 C=BSS      S=.bss     G=DGROUP   M=ObjectTreeViewPrintOMP ACBP=A9
 0002:00008984 00000008 C=BSS      S=.bss     G=DGROUP   M=ObjectTreeViewPrint ACBP=A9
 0002:0000898C 00000004 C=BSS      S=.bss     G=DGROUP   M=ObjectTreeView ACBP=A9
 0002:00008990 00000010 C=BSS      S=.bss     G=DGROUP   M=VCLFormDesigner ACBP=A9
 0002:000089A0 00000004 C=BSS      S=.bss     G=DGROUP   M=PipeUtil ACBP=A9
 0002:000089A4 00000024 C=BSS      S=.bss     G=DGROUP   M=ProcessUtil ACBP=A9
 0002:000089C8 00000004 C=BSS      S=.bss     G=DGROUP   M=CodCmpltIDE ACBP=A9
 0002:000089CC 00000010 C=BSS      S=.bss     G=DGROUP   M=CodCmplt ACBP=A9
 0002:000089DC 00000004 C=BSS      S=.bss     G=DGROUP   M=DesignerOptPage ACBP=A9
 0002:000089E0 00000004 C=BSS      S=.bss     G=DGROUP   M=InternalToolStream ACBP=A9


  Address         Publics by Name

 0002:0000241C       ..
 0001:00060B18       ..
 0002:00002490       ..
 0002:00006444       ..
 0001:000614A4       ..
 0002:0000273C       ..
 0002:000074E4       ..
 0002:00001458       ..
 0002:00001798       ..
 0002:000028C8       ..
 0002:00002984       ..
 0002:000029FC       ..
 0001:000192CC       ..
 0001:0001D584       ..
 0001:000197B4       ..
 0002:00002364       ..
 0002:00000470       ..
 0001:0001BEC0       ..
 0002:00000BF4       ..
 0001:0001AB94       ..
 0002:0000044C       ..
 0001:0001C90C       ..
 0001:00019FE0       ..
 0001:000195B0       ..
 0002:00000CF4       ..
 0001:000190C0       ..
 0001:0001895C       ..
 0001:00017ACC       ..
 0001:0001ABE4       ..
 0001:0001B548       ..
 0002:000063B4       .01
 0002:00007F2C       .01
 0002:00006390       .02
 0002:00007EA8       .1
 0002:00007F98       .1
 0002:000061B8       .1
 0002:00007E44       .1
 0002:00006368       .1
 0002:000061B4       .1
 0002:00006300       .1
 0002:00007F10       .1
 0002:000062F8       .1
 0002:00006408       .1
 0002:00007F68       .1
 0002:00008708       .1
 0002:0000873C       .1
 0002:0000612C       .1
 0002:00005010       .1
 0002:00008990       .1
 0002:00008898       .1
 0002:000089E0       .1
 0002:00006304       .1
 0002:00007EB0       .1
 0002:00005044       .1
 0002:00006188       .1
 0002:00006128       .1
 0002:000061A4       .1
 0002:0000643C       .1
 0002:00005040       .1
 0002:00008948       .1
 0002:000061C4       .1
 0002:000061EC       .1
 0002:000089CC       .1
 0002:000061C0       .1
 0002:00005038       .1
 0002:0000896C       .1
 0002:0000501C       .1
 0002:000063E8       .1
 0002:00005020       .1
 0002:00005034       .1
 0002:00005030       .1
 0002:00005024       .1
 0002:0000502C       .1
 0002:00005028       .1
 0002:00007E9C       .1
 0002:00007F4C       .12
 0002:00006318       .17
 0002:0000635C       .2
 0002:000087EC       .2
 0002:00006360       .2
 0002:0000887C       .2
 0002:000063D0       .2
 0002:00006364       .2
 0002:000089C8       .2
 0002:000087E8       .2
 0002:000087E4       .2
 0002:00007F38       .2
 0002:00007F34       .2
 0002:00007F30       .2
 0002:00008880       .2
 0002:000087E0       .2
 0002:00008740       .2
 0002:000087DC       .2
 0002:00008884       .2
 0002:00008888       .2
 0002:000087D4       .2
 0002:0000888C       .2
 0002:00007F24       .2
 0002:000087D0       .2
 0002:0000892C       .2
 0002:000089A4       .2
 0002:00008890       .2
 0002:000087CC       .2
 0002:000087C8       .2
 0002:000087C4       .2
 0002:00007F1C       .2
 0002:00008730       .2
 0002:00008934       .2
 0002:000087C0       .2
 0002:00006370       .2
 0002:000063AC       .2
 0002:0000872C       .2
 0002:00008938       .2
 0002:00008728       .2
 0002:000087BC       .2
 0002:0000893C       .2
 0002:00008724       .2
 0002:000087B8       .2
 0002:00008940       .2
 0002:00007F0C       .2
 0002:00008720       .2
 0002:00007F08       .2
 0002:00006434       .2
 0002:000063C8       .2
 0002:00007EAC       .2
 0002:00007EE8       .2
 0002:00008944       .2
 0002:00007EE4       .2
 0002:000063C0       .2
 0002:00006438       .2
 0002:00007EE0       .2
 0002:000088A8       .2
 0002:000061B0       .2
 0002:000087B4       .2
 0002:00007EB8       .2
 0002:0000894C       .2
 0002:00007ED8       .2
 0002:000087AC       .2
 0002:000087A8       .2
 0002:000087A4       .2
 0002:00007ED0       .2
 0002:00008900       .2
 0002:0000618C       .2
 0002:00007DCC       .2
 0002:000089A0       .2
 0002:00007EC8       .2
 0002:00008954       .2
 0002:000087A0       .2
 0002:00008958       .2
 0002:0000879C       .2
 0002:00007DD0       .2
 0002:00007EC0       .2
 0002:00007DD4       .2
 0002:0000895C       .2
 0002:000088C0       .2
 0002:0000898C       .2
 0002:00008988       .2
 0002:00008980       .2
 0002:00007EBC       .2
 0002:00008978       .2
 0002:00007E3C       .2
 0002:00007DD8       .2
 0002:00008974       .2
 0002:00007E38       .2
 0002:00008970       .2
 0002:00008960       .2
 0002:00007DE0       .2
 0002:00007E34       .2
 0002:00007E00       .2
 0002:000087F0       .2
 0002:000087F4       .2
 0002:00006320       .2
 0002:000087F8       .2
 0002:00006428       .2
 0002:00008800       .2
 0002:00006358       .2
 0002:00006324       .2
 0002:00008878       .2
 0002:00008804       .2
 0002:00006424       .2
 0002:00008928       .2
 0002:00006354       .2
 0002:00006420       .2
 0002:00008910       .2
 0002:00008924       .2
 0002:0000641C       .2
 0002:00006418       .2
 0002:00008790       .2
 0002:00008808       .2
 0002:00008920       .2
 0002:0000878C       .2
 0002:00006350       .2
 0002:00006410       .2
 0002:00006348       .2
 0002:00006138       .2
 0002:00006344       .2
 0002:00008874       .2
 0002:00006340       .2
 0002:00006404       .2
 0002:0000633C       .2
 0002:0000880C       .2
 0002:000063D8       .2
 0002:00007E78       .2
 0002:000063A8       .2
 0002:00008820       .2
 0002:00008824       .2
 0002:00008914       .2
 0002:0000882C       .2
 0002:00008788       .2
 0002:00008830       .2
 0002:0000639C       .2
 0002:00006130       .2
 0002:00008838       .2
 0002:00008840       .2
 0002:00008754       .2
 0002:00008784       .2
 0002:0000886C       .2
 0002:00007F90       .2
 0002:00008848       .2
 0002:0000875C       .2
 0002:00008760       .2
 0002:00008764       .2
 0002:00007E20       .2
 0002:00006338       .2
 0002:0000504C       .2
 0002:000089DC       .2
 0002:0000884C       .2
 0002:00008918       .2
 0002:00008768       .2
 0002:0000630C       .2
 0002:00008868       .2
 0002:00006308       .2
 0002:00008850       .2
 0002:00008780       .2
 0002:00007F6C       .2
 0002:000063E4       .2
 0002:00008854       .2
 0002:00006334       .2
 0002:00008864       .2
 0002:00008858       .2
 0002:00008860       .2
 0002:00006330       .2
 0002:0000877C       .2
 0002:00008778       .2
 0002:00008770       .2
 0002:000062F4       .2
 0002:00008950       .21
 0002:00007F9C       .3
 0002:000061AC       .3
 0002:00007E4C       .3
 0002:00008828       .3
 0002:00007E18       .3
 0002:00008844       .3
 0002:000061BC       .3
 0002:00007F84       .3
 0002:00007F74       .3
 0002:00005018       .3
 0002:00005048       .3
 0002:000063A4       .3
 0002:00005050       .3
 0002:00007DDC       .3
 0002:0000503C       .3
 0002:0000890C       .3
 0002:00007E98       .32
 0002:00007DC8       .4
 0002:00006430       .4
 0002:000063CC       .4
 0002:000088CC       .4
 0002:00007E04       .4
 0002:0000632C       .4
 0002:00007E48       .4
 0002:000086F4       .4
 0002:0000619C       .4
 0002:000062F0       .4
 0002:00006140       .4
 0002:00007E08       .4
 0002:00007E0C       .4
 0002:00006314       .5
 0002:00006124       .5
 0002:00008794       .5
 0002:00007E14       .5
 0002:00007E64       .5
 0002:00006190       .5
 0002:00006198       .5
 0002:0000885C       .5
 0002:000080D0       .51
 0002:000080C8       .6
 0002:00007E74       .6
 0002:000061A0       .6
 0002:00008714       .6
 0002:000087D8       .6
 0002:000080C4       .6
 0002:00006414       .6
 0002:000063A0       .6
 0002:000080C0       .6
 0002:0000876C       .61
 0002:00007E58       .7
 0002:00006440       .7
 0002:000061A8       .7
 0002:0000642C       .7
 0002:00008750       .72
 0002:00007E40       .8
 0002:00008718       .8
 0002:00007E30       .9
 0002:000063F4       .9
 0001:0017DA54       @GetPackageInfoTable
 0001:000190E8       @InitCmdMapTable$qqrp11CmdMapTable
 0001:000192F8       @InitHotKeyMap$qqrp11KbdInstanceusp11HotKeyEntry
 0001:000195E0       @INITKEYMAPTABLE$QP11KEYMAPTABLE
 0001:000197DC       @InitMenuCmdTable$qqrp11KbdInstance
 0001:00000608       @InitPkg
 0001:00018F90       @interpret_bmi_macro$qqrp5BMI_tpcp11CmdMapTableppc
 0001:00018ED8       @LoadDefaultKeyboard$qqrp11KbdInstance
 0001:00018EF4       @LoadKeyboardFile$qqrp11KbdInstancepqpvpcs$spv
 0001:00019240       @LookUpCmd$qqrp11CmdMapTablepc
 0001:000194A4       @LookUpHotKey$qqrp11KbdInstanceuspult3
 0001:0001957C       @LookUpHotKeyByName$qqrp11KbdInstancepxcpult3
 0001:00019510       @LookUpHotkeyRec$qqrp11KbdInstancepxcpp14HotKeyInternal
 0001:00019750       @LookUpKey$qqrp11KeyMapTableul
 0001:00019900       @LookUpMenuCmd$qqrp11KbdInstancepxcppvpc
 0001:000199A4       @LookUpMenuCmdRec$qqrp11KbdInstancepxcpp12MenuCmdEntry
 0001:0017DA5C       @PackageLoad
 0001:0000066C       @PackageLoad
 0001:0017DA68       @PackageUnload
 0001:00000678       @PackageUnload
 0001:00019730       @POPKEYMAP$QPP11KEYMAPTABLE
 0001:0001921C       @PushCmdMap$qqrpp11CmdMapTablep11CmdMapTable
 0001:00019718       @PUSHKEYMAP$QPP11KEYMAPTABLEP11KEYMAPTABLE
 0001:00018DC0       @UnloadKeyboard$qqrp11KbdInstance
 0002:00002DCC       AccessEnabled
 0002:00007EA4       AClientArg
 0002:000037CC       ActionFlagList
 0001:0011F810       ActionIndex
 0001:000A8780       ActivateIDEWindow
 0001:000C6C5C       ActiveModule
 0001:000F9B8C       AdaptComponentDesignerStream
 0001:000CE09C       AddAllMessages
 0001:0005B244       AddAllRequiredPackages
 0001:000E5ABC       AddBreakpointable
 0001:000D45C0       AddClientUndoProc
 0001:00079A28       AddClosedFile
 0001:00058AFC       AddContains
 0001:00058948       AddContainsRequires
 0001:0005877C       AddContainsRequiresBase
 0001:00106558       AddCTDlg
 0001:000441DC       AddDefaultIcons
 0001:0003EB30       AddDefaultIcons
 0001:00070F48       AddDivider
 0001:0016A18C       AddedDebugDCUPath
 0001:0012D754       AddExceptDialog
 0002:00008798       AddExceptRangeDlg
 0001:000431D4       AddExpert
 0001:000F6D98       AddFileNamePath
 0001:000D7AB8       AddFoundPos
 0001:00110D24       AddFromBuffer
 0001:0003EDB0       AddIcons
 0002:00007F94       AddInArray
 0001:0001F020       AddInEnvOptions
 0002:00002A84       AddInNotifiers
 0002:00002A88       AddInNotifiersEx
 0001:00100E2C       AdditionalFileImage
 0001:00039C2C       AddLangExDialog
 0001:0007E480       AddMainFormCreatedEvent
 0001:0007E4B8       AddMainFormShownEvent
 0001:00070DFC       AddMenuItem
 0001:0011E1B4       AddMethodBody
 0001:0011E01C       AddMethodDecl
 0001:0003EBE0       AddNewIcons
 0001:000CF82C       AddOTAExtension
 0001:000CF80C       AddProjectClass
 0001:0003EC58       AddProjectIcon
 0001:0014AAE4       AddProjText
 0001:0004426C       AddRepositoryIcons
 0001:0003ECD8       AddRepositoryIcons
 0001:00058CB0       AddRequires
 0001:000A3E60       AddressOfProc
 0001:00124480       AddTable
 0001:00124A4C       AddTable
 0001:0005AC3C       AddToAllUsedUnits
 0001:00054918       AddToList
 0001:000F2378       AddToList
 0001:00054FAC       AddToListInOrder
 0001:00166E18       AddToPage
 0001:00072C54       AddUnboundPackage
 0001:0004BFF8       AddUnits
 0001:0012DE70       AddUnitToExistingPackage
 0001:0012EF1C       AddUnitToNewPackage
 0001:00149144       AddUnitToPackage
 0001:00039CB8       AddWatchGroupDialog
 0001:0017BCB8       AdjustHeightForListView
 0001:00173F94       AdjustPosition
 0001:001740FC       AdjustUsingRects
 0001:00064484       adler32
 0001:000374C0       AdrBPAdd
 0001:000389EC       AdrBPModify
 0001:000CF5E4       AfterCompile
 0001:00017018       AgeCache
 0002:00000440       AgeCacheControl
 0001:0012F1EC       AlignDialog
 0001:0012F3F4       AlignDlg
 0001:0012FB1C       AlignPal
 0002:000087B0       AlignPalette
 0001:0010679C       AllComponentsPresent
 0001:000C6C7C       AllFormsDormant
 0001:00000508       AllocTlsBuffer
 0002:00003B30       AllowFormEdits
 0001:00123020       AlphaSortList
 0001:000594AC       AnalyzePackage
 0001:000E94A8       AnchorPosChanged
 0001:00000DAC       AnsiLower
 0001:00000DA4       AnsiUpper
 0001:000C7E1C       AnyModuleModified
 0002:000061D0       APICount
 0002:00007EA0       APostFunc
 0001:00007DC0       AppConst
 0001:00079B68       AppendClosedFiles
 0002:0000303C       AppendNextCut
 0001:00130820       AppFormsPage
 0002:000001E4       AppIniFile
 0001:00130CD0       ApplOpts
 0001:0005970C       ApplySuggestions
 0001:00131588       AppOptionsPage
 0001:0000AF30       AppStrs
 0001:0001EF10       AppUtils
 0001:00067AA4       Archiver
 0001:00003C80       AreNamesEqual
 0001:0000302C       Assign
 0001:00084D94       AssignPascalStr
 0001:000B8A04       AttachToProjects
 0001:000D45F0       AttachTrackTable
 0001:000F57F0       AttachView
 0001:000F5834       AttachView
 0002:00002F10       AttributeSubKeys
 0002:00002F04       AttributeToElement
 0002:000080EC       AttrVec
 0001:0006B778       AutoDelete
 0001:000D8000       BackspaceKeyProc
 0002:000031AC       BackTab
 0002:00008700       BadLicErrMsg
 0001:000A8338       BarFrm
 0001:0001E8FC       BaseEnvironDialog
 0002:00007F20       BaseModExpForm
 0001:000AD3E0       BaseModExplorerForm
 0001:0012A338       BaseNewPackage
 0001:0012BFA0       BasePackageInstall
 0002:000088A0       BatchModuleHandler
 0001:00156C2C       BatchOptions
 0002:0000889C       BatchProjectFileHandler
 0001:00159FB8       BatchTarget
 0001:000FB1D4       BCFileNameDate
 0001:000CF47C       BeforeCompile
 0001:0000C2C4       BeginBlock
 0001:0013F4E0       BeginFunction
 0001:000FA7F8       BFileClose
 0001:000FA68C       BFileCreate
 0001:000FA760       BFileCreateV
 0001:000FA860       BFileFlush
 0001:000FA5FC       BFileOpen
 0001:000FA8E0       BFileRead
 0001:000FA9FC       BFileSeek
 0001:000FB32C       BFileStatus
 0001:000FA96C       BFileWrite
 0002:00000238       BinDir
 0001:0004A45C       BitmapEnum
 0002:000038E4       BlockCopy
 0002:000038D0       BlockExtend
 0001:000D4634       BlockIsMarked
 0002:000038D8       BlockMove
 0001:000D66E8       BlockSizeProc
 0002:000032B4       Bm
 0002:00003164       Bm
 0002:00003148       Bm
 0001:000FB418       BMsg
 0001:000FB5D8       BMultiLineMessage
 0002:00000028       BogusEntry
 0002:000037FC       BorderStyles
 0002:000041F4       BorderStyles
 0002:00007F5C       BorlandIDE
 0002:00007EDC       BottomBarForm
 0001:000A78E8       BottomBarFrm
 0002:000022BC       BottomRight
 0001:0003829C       BPAdd
 0001:001356D8       BPList
 0001:00038BFC       BPModify
 0001:000FB9CC       BPostFileDependencies
 0001:000FB3DC       BProcessMessages
 0001:000FB6C0       BProgress
 0001:000D4668       BreakLine
 0002:00002F18       BRIEFInsertShapes
 0002:00003510       BRIEFOptions
 0002:00002F20       BRIEFOvertypeShapes
 0001:000D46E4       BriefToEk
 0001:00000DB4       BringWindowToTop
 0001:0003EDF4       BrowseNewDialog
 0002:00002AC8       BrowsePackageFileDirector
 0002:00002AC4       BrowseUnitFileDirector
 0001:0004A64C       BrushDraw
 0001:000FB3A4       BSetErrorCount
 0002:000080D8       BufferModificationCount
 0001:0008907C       BuildFreeList
 0001:00110574       BuildReplacementTable
 0002:00000438       BuildStats
 0002:00002D98       BuiltInExRanges
 0001:000D9A98       CalcCharExtents
 0001:000D4918       CalcRealLine
 0002:00002EA8       CalculateNames
 0002:00003934       Callbacks
 0001:00089BB8       CallDefaultOpenProc
 0001:000D6F3C       CallEkEval
 0001:000FB8BC       CallFunction
 0001:00136EE0       CallStac
 0001:00000DBC       CallWindowProc
 0001:00051A9C       CallWinHelp
 0001:00177744       CamelStr
 0002:000088BC       CancelDeploy
 0001:001780FC       CancelKibitz
 0002:0000428C       CancelKibitzing
 0002:0000378C       CancelKibitzProcessing
 0001:0005619C       CancelPendingCompiles
 0002:000038FC       CancelPrepare
 0001:000C78A0       CanCloseMiscProjects
 0001:0015C634       CanCodeSign
 0001:001752D8       CanCutCopy
 0002:00002ED0       CanExposeCORBA
 0001:0016E3C4       CanMove
 0001:0012A5A8       CanOpenPackage
 0001:000464F0       CanSearchChildren
 0002:000041EC       cArrangeMode
 0002:00002A38       CategoryNames
 0002:0000426C       CBackgroundColor
 0002:00004294       CBackgroundColors
 0002:0000231C       cBlendColor
 0001:000FA624       CCFileCreate
 0001:000FB128       CCFileNameDate
 0001:000FA598       CCFileOpen
 0001:0005DD40       CCheck
 0001:0004AEF8       CCLibName
 0002:00004274       cCursors
 0002:0000232C       cDrawingStyle
 0001:000FBA1C       CEnableBrowser
 0001:000D4984       CenterFixEd
 0001:000D49A0       CenterFixNoEndMac
 0001:000D49BC       CenterLineInWindow
 0001:000FAACC       CFileAge
 0001:000FA788       CFileClose
 0001:000FA6B4       CFileCreateV
 0001:000FA820       CFileFlush
 0001:000FAA30       CFileGetDate
[...]
 0002:000037E4       ModVals
 0002:000037EC       ToInterface
 0002:000037F4       ToEditor
 0002:000037FC       BorderStyles
 0002:00003804       DeleteBlock
 0002:00003810       DoRefresh
 0002:00003814       get_cursor
 0002:0000381C       EkGoto
 0002:00003830       EkGotoReadOnly
 0002:00003840       EkGotoExtendBlock
 0002:00003858       StartBlockExtend
 0002:00003860       EndBlockExtend
 0002:00003868       MarkWord
 0002:00003898       MarkLine
 0002:000038BC       StartBlockExtend
 0002:000038C4       EndBlockExtend
 0002:000038CC       FixScreenPos
 0002:000038D0       BlockExtend
 0002:000038D8       BlockMove
 0002:000038E4       BlockCopy
 0002:000038F0       FixScreenPos
 0002:000038F4       CompilerKibbitzing
 0002:000038F8       ShowKibbitzErrors
 0002:000038FC       CancelPrepare
 0002:00003900       CompilerPreparing
 0002:00003904       Preloading
 0002:00003908       CompType
 0002:0000390C       InfoMsgs
 0002:00003910       PostFileDependencies
 0002:00003914       OpenCompilerSymbols
 0002:00003918       CreateCompilerSymbols
 0002:0000391C       EnableBrowser
 0002:00003924       IDEenableKibitzing
 0002:00003928       DoKibitzProgress
 0002:0000392C       CompileThread
 0002:00003930       DisableBackgroundCompiling
 0002:00003934       Callbacks
 0002:0000399C       CppCallbacks
 0002:000039E4       GetUsesFormType
 0002:000039E8       FunctionList
 0002:000039EC       CommandTexts
 0002:00003A3C       CommandHelps
 0002:00003A8C       LeafTypeHandler
 0002:00003AD4       CommandImages
 0002:00003B24       EvProjectOptionLoad
 0002:00003B28       EvProjectOptionSave
 0002:00003B2C       PackageUpgrade
 0002:00003B30       AllowFormEdits
 0002:00003B34       CompileProjectProc
 0002:00003B38       MethodPrefixes
 0002:00003B58       MethodKindMap
 0002:00003B60       CharValue
 0002:00003C60       CharClass
 0002:00003D60       Directives
 0002:00003E70       SectionNames
 0002:00003E88       LocationToAccess
 0002:00003E8C       SaveFilterIndex
 0002:00003E90       FormFormats
 0002:00003E98       FormFormats
 0002:00003EA0       OrdersMap
 0002:00003EA8       WatchItems
 0002:00003EAC       WatchItemsList
 0002:00003EB0       OnWatchInspect
 0002:00003EB8       CodeTemplateManager
 0002:00003EBC       OnCallStackViewLocals
 0002:00003EC4       CharValue
 0002:00003FC4       CharClass
 0002:000040C4       LastPosition
 0002:000040CC       Size
 0002:000040D4       LastPosition
 0002:000040DC       Size
 0002:000040E4       ThreadState
 0002:000040F4       ThreadStat
 0002:0000411C       MacroTable
 0002:000041DC       GridColors
 0002:000041E4       GetDTLWriterClass
 0002:000041E8       WorkspaceOpenHandler
 0002:000041EC       cArrangeMode
 0002:000041F4       BorderStyles
 0002:000041FC       LastBrowseDir
 0002:00004200       CommandTexts
 0002:00004214       CRLF
 0002:00004218       UpdateStrs
 0002:0000422C       FilesToReg
 0002:00004234       Destinations
 0002:00004240       SignCodeVer
 0002:00004248       Cryptos
 0002:00004258       SoftPubVer
 0002:00004260       CryptVer
 0002:00004268       Sample
 0002:0000426C       CBackgroundColor
 0002:00004274       cCursors
 0002:00004278       ShowCommands
 0002:00004280       ShowModes
 0002:0000428C       CancelKibitzing
 0002:00004290       CursorStyle
 0002:00004294       CBackgroundColors
 0002:0000429C       CTextColors
 0002:00005000       ModuleIsLib
 0002:00005001       ModuleIsPackage
 0002:00005004       TlsIndex
 0002:0000500C       HInstance
 0002:00005010       .1
 0002:00005014       tlsBuffer
 0002:00005018       .3
 0002:0000501C       .1
 0002:00005020       .1
 0002:00005024       .1
 0002:00005028       .1
 0002:0000502C       .1
 0002:00005030       .1
 0002:00005034       .1
 0002:00005038       .1
 0002:0000503C       .3
 0002:00005040       .1
 0002:00005044       .1
 0002:00005048       .3
 0002:0000504C       .2
 0002:00005050       .3
 0002:00005054       DefOptions
 0002:00006114       UpdateParams
 0002:00006121       CompileWait
 0002:00006122       SymbolsUpToDate
 0002:00006124       .5
 0002:00006128       .1
 0002:0000612C       .1
 0002:00006130       .2
 0002:00006134       VariableEntry
 0002:00006138       .2
 0002:0000613C       EnvironmentList
 0002:00006140       .4
 0002:00006144       DefaultHelpTitle
 0002:00006148       fnAppHelpFile
 0002:0000614C       sHelpObjectComponentReferenceFilename
 0002:00006150       sHelpProgrammersGuideFilename
 0002:00006154       sHelpVCLReferenceFilename
 0002:00006158       sHelpCLXReferenceFileName
 0002:0000615C       sHelpCPPRTLReferenceFilename
 0002:00006160       rkBaseRegKey
 0002:00006164       rkBaseDebugRegKey
 0002:00006168       rkBaseVBrokerRegKey
 0002:0000616C       ContainsFilter
 0002:00006170       PackageSourceFilter
 0002:00006174       DefaultUserPackage
 0002:00006178       StartupDir
 0002:0000617C       DebugSourceFilter
 0002:00006180       tnSinglesStr
 0002:00006184       tnExtendedsStr
 0002:00006188       .1
 0002:0000618C       .2
 0002:00006190       .5
 0002:00006194       VersionInfo
 0002:00006198       .5
 0002:0000619C       .4
 0002:000061A0       .6
 0002:000061A4       .1
 0002:000061A8       .7
 0002:000061AC       .3
 0002:000061B0       .2
 0002:000061B4       .1
 0002:000061B8       .1
 0002:000061BC       .3
 0002:000061C0       .1
 0002:000061C4       .1
 0002:000061C8       EditKernel
 0002:000061CC       KbdKernel
 0002:000061D0       APICount
 0002:000061D4       EkCriticalSection
 0002:000061EC       .1
 0002:000061F0       WordCharSet
 0002:000062F0       .4
 0002:000062F4       .2
 0002:000062F8       .1
 0002:000062FC       Compiler
 0002:00006300       .1
 0002:00006304       .1
 0002:00006308       .2
 0002:0000630C       .2
 0002:00006310       IDEEditorServices
 0002:00006314       .5
 0002:00006318       .17
 0002:0000631C       WmFormatBuf
 0002:00006320       .2
 0002:00006324       .2
 0002:00006328       DisassemblyView
 0002:0000632C       .4
 0002:00006330       .2
 0002:00006334       .2
 0002:00006338       .2
 0002:0000633C       .2
 0002:00006340       .2
 0002:00006344       .2
 0002:00006348       .2
 0002:0000634C       InspectDlg
 0002:00006350       .2
 0002:00006354       .2
 0002:00006358       .2
 0002:0000635C       .2
 0002:00006360       .2
 0002:00006364       .2
 0002:00006368       .1
 0002:0000636C       GalleryBrowseDlg
 0002:00006370       .2
 0002:00006374       rec
 0002:00006384       firstRun
 0002:00006388       NewAppResString
 0002:0000638C       NewFormResString
 0002:00006390       .02
 0002:00006394       NewItems
 0002:00006398       NewPageList
 0002:0000639C       .2
 0002:000063A0       .6
 0002:000063A4       .3
 0002:000063A8       .2
 0002:000063AC       .2
 0002:000063B0       PaletteManager
 0002:000063B4       .01
 0002:000063B8       DefaultIndex
 0002:000063BC       PaletteIcons
 0002:000063C0       .2
 0002:000063C4       Selector
 0002:000063C8       .2
 0002:000063CC       .4
 0002:000063D0       .2
 0002:000063D4       Tester
 0002:000063D8       .2
 0002:000063DC       HelpSystem
 0002:000063E0       InternalHelpSelector
 0002:000063E4       .2
 0002:000063E8       .1
 0002:000063EC       IDEExpert
 0002:000063F0       Packages
 0002:000063F4       .9
 0002:000063F8       LoadingModule
 0002:000063FC       DisabledIDEPackages
 0002:00006400       MessageWindow
 0002:00006404       .2
 0002:00006408       .1
 0002:0000640C       ProgressForm
 0002:00006410       .2
 0002:00006414       .6
 0002:00006418       .2
 0002:0000641C       .2
 0002:00006420       .2
 0002:00006424       .2
 0002:00006428       .2
 0002:0000642C       .7
 0002:00006430       .4
 0002:00006434       .2
 0002:00006438       .2
 0002:0000643C       .1
 0002:00006440       .7
 0002:00006444       ..
 0002:000074E4       ..
 0002:00007DC8       .4
 0002:00007DCC       .2
 0002:00007DD0       .2
 0002:00007DD4       .2
 0002:00007DD8       .2
 0002:00007DDC       .3
 0002:00007DE0       .2
 0002:00007DE4       ValidSelection
 0002:00007DE8       ProjectUnits
 0002:00007DEC       SourceNode
 0002:00007DF0       TargetNode
 0002:00007DF4       SourceNodeProject
 0002:00007DF8       TargetNodeProject
 0002:00007DFC       PrefOptDialog
 0002:00007E00       .2
 0002:00007E04       .4
 0002:00007E08       .4
 0002:00007E0C       .4
 0002:00007E10       PackageEditorList
 0002:00007E14       .5
 0002:00007E18       .3
 0002:00007E1C       ParseThread
 0002:00007E20       .2
 0002:00007E24       DesktopFormHandlers
 0002:00007E28       DesktopWindowLoaders
 0002:00007E2C       InitProjects
 0002:00007E30       .9
 0002:00007E34       .2
 0002:00007E38       .2
 0002:00007E3C       .2
 0002:00007E40       .8
 0002:00007E44       .1
 0002:00007E48       .4
 0002:00007E4C       .3
 0002:00007E50       ModuleList
 0002:00007E54       DefaultFileHandler
 0002:00007E58       .7
 0002:00007E5C       FileOpenHandlers
 0002:00007E60       WalkedCode
 0002:00007E64       .5
 0002:00007E68       DefEvalName
 0002:00007E6C       DefEvalType
 0002:00007E70       DefConstEval
 0002:00007E74       .6
 0002:00007E78       .2
 0002:00007E7C       rec
 0002:00007E8C       firstRun
 0002:00007E90       Debugger
 0002:00007E94       TypeCastExprFormat
 0002:00007E98       .32
 0002:00007E9C       .1
 0002:00007EA0       APostFunc
 0002:00007EA4       AClientArg
 0002:00007EA8       .1
 0002:00007EAC       .2
 0002:00007EB0       .1
 0002:00007EB4       PrintStatusDlg
 0002:00007EB8       .2
 0002:00007EBC       .2
 0002:00007EC0       .2
 0002:00007EC4       LeftBarForm
 0002:00007EC8       .2
 0002:00007ECC       RightBarForm
 0002:00007ED0       .2
 0002:00007ED4       MainWorkForm
 0002:00007ED8       .2
 0002:00007EDC       BottomBarForm
 0002:00007EE0       .2
 0002:00007EE4       .2
 0002:00007EE8       .2
 0002:00007EEC       StaticWindowList
 0002:00007EF0       StaticListPos
 0002:00007EF4       rec
 0002:00007F04       firstRun
 0002:00007F08       .2
 0002:00007F0C       .2
 0002:00007F10       .1
 0002:00007F14       SearchProgress
 0002:00007F18       FSearchBufList
 0002:00007F1C       .2
 0002:00007F20       BaseModExpForm
 0002:00007F24       .2
 0002:00007F28       LineBufferList
 0002:00007F2C       .01
 0002:00007F30       .2
 0002:00007F34       .2
 0002:00007F38       .2
 0002:00007F3C       CreateTypeLibModule
 0002:00007F40       CreateNamedTypeLibModule
 0002:00007F44       IsReservedWord
 0002:00007F48       CreatorList
 0002:00007F4C       .12
 0002:00007F50       UnitModuleList
 0002:00007F54       ProjectModuleList
 0002:00007F58       UpdaterCreator
 0002:00007F5C       BorlandIDE
 0002:00007F60       MainFormCreated
 0002:00007F64       MainFormShown
 0002:00007F68       .1
 0002:00007F6C       .2
 0002:00007F70       WorkspaceSource
 0002:00007F74       .3
 0002:00007F78       IDEServicesInstance
 0002:00007F7C       ProjectClasses
 0002:00007F80       OTAExtensions
 0002:00007F84       .3
 0002:00007F88       EnvironmentOptions
 0002:00007F8C       DefaultEnvironmentOptionsDialog
 0002:00007F90       .2
 0002:00007F94       AddInArray
 0002:00007F98       .1
 0002:00007F9C       .3
 0002:00007FA0       SS
 0002:00007FB8       OldSearchText
 0002:00007FBC       CmdMapManager
 0002:00007FC0       NewExp
 0002:000080C0       .6
 0002:000080C4       .6
 0002:000080C8       .6
 0002:000080CC       DefaultEditorOptionsDialog
 0002:000080D0       .51
 0002:000080D4       CurCPU
 0002:000080D8       BufferModificationCount
 0002:000080DC       MyCtxt
 0002:000080EC       AttrVec
 0002:0000827C       TextBuffer
 0002:00008680       MarkerLines
 0002:000086D0       HighlightTextColor
 0002:000086D4       WindowTextColor
 0002:000086D8       HighlightColor
 0002:000086DC       WindowColor
 0002:000086E0       EvBeforeCompile
 0002:000086E4       EvAfterCompile
 0002:000086E8       EvCacheCleared
 0002:000086EC       EvKibitzFinished
 0002:000086F0       CompileDoneEvent
 0002:000086F4       .4
 0002:000086F8       VirtualFileNames
 0002:000086FC       VirtualFileStreams
 0002:00008700       BadLicErrMsg
 0002:00008704       ProjectManager
 0002:00008708       .1
 0002:0000870C       ContainerManager
 0002:00008710       RCCreator
 0002:00008714       .6
 0002:00008718       .8
 0002:0000871C       CurIndex
 0002:00008720       .2
 0002:00008724       .2
 0002:00008728       .2
 0002:0000872C       .2
 0002:00008730       .2
 0002:00008734       CppBrowserCompiler
 0002:00008738       PascalBrowserCompiler
 0002:0000873C       .1
 0002:00008740       .2
 0002:00008744       ManagerCache
 0002:00008748       DirectiveSymbols
 0002:0000874C       ProcDirectives
 0002:00008750       .72
 0002:00008754       .2
 0002:00008758       EditorActionLists
 0002:0000875C       .2
 0002:00008760       .2
 0002:00008764       .2
 0002:00008768       .2
 0002:0000876C       .61
 0002:00008770       .2
 0002:00008774       Explorers
 0002:00008778       .2
 0002:0000877C       .2
 0002:00008780       .2
 0002:00008784       .2
 0002:00008788       .2
 0002:0000878C       .2
 0002:00008790       .2
 0002:00008794       .5
 0002:00008798       AddExceptRangeDlg
 0002:0000879C       .2
 0002:000087A0       .2
 0002:000087A4       .2
 0002:000087A8       .2
 0002:000087AC       .2
 0002:000087B0       AlignPalette
 0002:000087B4       .2
 0002:000087B8       .2
 0002:000087BC       .2
 0002:000087C0       .2
 0002:000087C4       .2
 0002:000087C8       .2
 0002:000087CC       .2
 0002:000087D0       .2
 0002:000087D4       .2
 0002:000087D8       .6
 0002:000087DC       .2
 0002:000087E0       .2
 0002:000087E4       .2
 0002:000087E8       .2
 0002:000087EC       .2
 0002:000087F0       .2
 0002:000087F4       .2
 0002:000087F8       .2
 0002:000087FC       DebuggerProcessOptDialog
 0002:00008800       .2
 0002:00008804       .2
 0002:00008808       .2
 0002:0000880C       .2
 0002:00008810       TransferList
 0002:00008814       LastInsertAfter
 0002:00008818       LastMethod
 0002:00008820       .2
 0002:00008824       .2
 0002:00008828       .3
 0002:0000882C       .2
 0002:00008830       .2
 0002:00008834       ImportActiveXControlPage
 0002:00008838       .2
 0002:0000883C       PrintFormDialog
 0002:00008840       .2
 0002:00008844       .3
 0002:00008848       .2
 0002:0000884C       .2
 0002:00008850       .2
 0002:00008854       .2
 0002:00008858       .2
 0002:0000885C       .5
 0002:00008860       .2
 0002:00008864       .2
 0002:00008868       .2
 0002:0000886C       .2
 0002:00008870       GPropInspModes
 0002:00008874       .2
 0002:00008878       .2
 0002:0000887C       .2
 0002:00008880       .2
 0002:00008884       .2
 0002:00008888       .2
 0002:0000888C       .2
 0002:00008890       .2
 0002:00008894       LastInterpreterName
 0002:00008898       .1
 0002:0000889C       BatchProjectFileHandler
 0002:000088A0       BatchModuleHandler
 0002:000088A4       SaveInitProc
 0002:000088A8       .2
 0002:000088AC       CustomizeDlg
 0002:000088B0       DragAction
 0002:000088B4       DragButton
 0002:000088B8       DeployProgDlg
 0002:000088BC       CancelDeploy
 0002:000088C0       .2
 0002:000088C4       EnumCertsProc
 0002:000088C8       FDepOptConfigureDeployment
 0002:000088CC       .4
 0002:000088D0       HtmlText
 0002:000088D4       HtmlSources
 0002:000088F0       ImageHlpHandle
 0002:000088F4       FoundAuth2
 0002:000088F5       CodeSignErrorShown
 0002:000088F6       DidInitCodeSignLibs
 0002:000088F8       IsRtlLibraryProc
 0002:000088FC       GetLibrariesUsedProc
 0002:00008900       .2
 0002:00008904       IDLCreatorsClasses
 0002:0000890C       .3
 0002:00008910       .2
 0002:00008914       .2
 0002:00008918       .2
 0002:0000891C       iPixPerInch
 0002:00008920       .2
 0002:00008924       .2
 0002:00008928       .2
 0002:0000892C       .2
 0002:00008930       PackageAddRequiresPage
 0002:00008934       .2
 0002:00008938       .2
 0002:0000893C       .2
 0002:00008940       .2
 0002:00008944       .2
 0002:00008948       .1
 0002:0000894C       .2
 0002:00008950       .21
 0002:00008954       .2
 0002:00008958       .2
 0002:0000895C       .2
 0002:00008960       .2
 0002:00008964       GetCppExplorerController
 0002:00008968       GetPasExplorerController
 0002:0000896C       .1
 0002:00008970       .2
 0002:00008974       .2
 0002:00008978       .2
 0002:0000897C       ObjectTreeViewPrintOMPForm
 0002:00008980       .2
 0002:00008984       ObjectTreeViewPrintForm
 0002:00008988       .2
 0002:0000898C       .2
 0002:00008990       .1
 0002:00008994       FormDesignerFont
 0002:00008998       TopLevelsHandler
 0002:0000899C       InternalDesigner
 0002:000089A0       .2
 0002:000089A4       .2
 0002:000089A8       PsapiLibrary
 0002:000089AC       KernelLibrary
 0002:000089B0       WNTEnumProcesses
 0002:000089B4       WNTGetModuleBaseName
 0002:000089B8       WNTEnumProcessModules
 0002:000089BC       W95CreateToolhelp32Snapshot
 0002:000089C0       W95Process32First
 0002:000089C4       W95Process32Next
 0002:000089C8       .2
 0002:000089CC       .1
 0002:000089D0       FCodeCompletionManagerIntf
 0002:000089D4       CodeCompletionManager
 0002:000089D8       OTAID
 0002:000089DC       .2
 0002:000089E0       .1


Bound resource files

EnvVariableEntry.dfm
EnvVariableFrame.dfm
BaseEnvironDialog.dfm
AddInEnvOptions.dfm
GotoLine.dfm
GetAddr.dfm
SelectTh.dfm
DisView.dfm
AdrBPAdd.dfm
BPAdd.dfm
DataBPAdd.dfm
AdrBPModify.dfm
BPModify.dfm
DataBPModify.dfm
DebugFindFile.dfm
ExprDlg.dfm
FormTpl.dfm
PrjTpl.dfm
PalEdit.dfm
EditTpl.dfm
ReposCfg.dfm
GalBrow.dfm
Gallery.RES
Palettes.res
ViewDlg.dfm
PALMGR.RES
PakWarn.dfm
HelpSelector.dfm
CompList.dfm
MsgWnds.dfm
ComPrgrs.dfm
PakAnaly.dfm
PackageAddBase.dfm
AddContainsRequiresBase.dfm
AddContainsRequires.dfm
AddContains.dfm
AddRequires.dfm
PakComp.dfm
PkgDir.dfm
PakCust.dfm
InstColl.dfm
PakRemRu.dfm
ProjectFrm.dfm
PrefOptDlg.dfm
PkgEditors.dfm
NewFile.dfm
EvalMod.dfm
HACK.RES
RplcDlg.dfm
PrintSts.dfm
WorkFrm.dfm
LeftBarFrm.dfm
RightBarFrm.dfm
MainWorkFrm.dfm
BottomBarFrm.dfm
BarFrm.dfm
WinList.dfm
SrchDlg.dfm
SrchPrgs.dfm
MsgViewForm.dfm
BaseModExplorerForm.dfm
MsgView.RES
WorkspaceCrtrs.res
PrintSel.dfm
EnvOptions.dfm
VClient.res
vb.res
VStudio.res
TD32.res
Epsilon.res
Brief.res
Classic.res
Internal.res
Empty.res
Editors.dfm
AddCTDlg.dfm
c:\bcb\app\lib\LinkRedr.dfm
c:\bcb\app\lib\FormRead.dfm
c:\bcb\app\lib\FIRecov.dfm
RemovMod.dfm
EditorActions.dfm
RunParam.dfm
ScaleDlg.dfm
SizeDlg.dfm
WatchEd.dfm
WatchWin.dfm
DebugOptDlg.dfm
BaseNewPackage.dfm
ExistingPackage.dfm
EnvOptionsPage.dfm
BasePackageInstall.dfm
AddExceptDialog.dfm
AddUnitToExistingPackage.dfm
NewPackage.dfm
AddUnitToNewPackage.dfm
AlignDlg.dfm
AlignPal.dfm
AppFormsPage.dfm
AppOptionsPage.dfm
BPList.dfm
CallStac.dfm
CompAdd.dfm
PakAddUnitFile.dfm
NewPackageDlg.dfm
PackageCompExpert.dfm
PackageInstallDlg.dfm
PakAddP.dfm
PackageInstPage.dfm
CreaEdit.dfm
CompInfo.dfm
TabEdit.dfm
DebugProcessOptDlg.dfm
ThrdStat.dfm
Transfer.dfm
TransDlg.dfm
TransDlg.RES
VersionInfo.dfm
OrderedListEditDialog.dfm
PakOleControlInst.dfm
ImportActiveXControl.dfm
FrmPrint.dfm
CompName.dfm
ImportOleControl.dfm
ImportTypeLib.dfm
ImportTypeLibrary.dfm
InstallComponent.dfm
NewThrd.dfm
PalettePropDlg.dfm
PropInspOptPage.dfm
PropInspPropDlg.dfm
PropInsp.dfm
ModViewAdd.dfm
ModView.dfm
DebuggerExceptOptions.dfm
ComponentExpertPage.dfm
ComponentExpert.dfm
ProjOptDlg.dfm
BatchOptions.dfm
BatchTarget.RES
IDECustDlg.dfm
CustDlg.res
DepProg.dfm
HtmlGen.res
CodeInsight.dfm
EditColorPage.dfm
EditDisplayPage.dfm
EditOptionPage.dfm
LibOptions.dfm
PaletteConfig.dfm
CustomPkgDescription.dfm
PackageAddRequires.dfm
DebuggerOptions.dfm
DebuggerLanguageExceptOptions.dfm
DirectoriesConditionals.dfm
FindErr.dfm
DesktopSaveBase.dfm
DesktopRuntimeSave.dfm
DesktopSave.dfm
DesktopDelete.dfm
EditorBindings.dfm
EnvVariableOptionsPage.dfm
ObjectTreeViewPrintOMP.DFM
ObjectTreeViewPrint.DFM
ObjectTreeView.dfm
DesignerOptPage.DFM
coreide.res
C:\DOCUME~1\~storm\LOCALS~1\Temp\dtfE05D.tmp


Program entry point at 0001:0017DA74
