
 Start         Length     Name                   Class
 0001:00000000 000076BCH .text                   CODE
 0002:00000000 00000098H .data                   DATA
 0002:00000098 00000075H .bss                    BSS


Detailed map of segments

 0001:00000000 000001E6 C=CODE     S=.text    G=(none)   M=System   ACBP=A9
 0001:000001E8 000001EC C=CODE     S=.text    G=(none)   M=SysInit  ACBP=A9
 0001:000003D4 00000038 C=CODE     S=.text    G=(none)   M=Windows  ACBP=A9
 0001:0000040C 0000000E C=CODE     S=.text    G=(none)   M=Types    ACBP=A9
 0001:0000041C 00000038 C=CODE     S=.text    G=(none)   M=Messages ACBP=A9
 0001:00000454 0000006E C=CODE     S=.text    G=(none)   M=SysUtils ACBP=A9
 0001:000004C4 0000000E C=CODE     S=.text    G=(none)   M=SysConst ACBP=A9
 0001:000004D4 0000000E C=CODE     S=.text    G=(none)   M=Variants ACBP=A9
 0001:000004E4 0000000E C=CODE     S=.text    G=(none)   M=VarUtils ACBP=A9
 0001:000004F4 000000EE C=CODE     S=.text    G=(none)   M=Classes  ACBP=A9
 0001:000005E4 0000000E C=CODE     S=.text    G=(none)   M=ActiveX  ACBP=A9
 0001:000005F4 0000000E C=CODE     S=.text    G=(none)   M=TypInfo  ACBP=A9
 0001:00000604 0000000E C=CODE     S=.text    G=(none)   M=RTLConsts ACBP=A9
 0001:00000614 0000000E C=CODE     S=.text    G=(none)   M=Graphics ACBP=A9
 0001:00000624 0000000E C=CODE     S=.text    G=(none)   M=Consts   ACBP=A9
 0001:00000634 000000EE C=CODE     S=.text    G=(none)   M=Controls ACBP=A9
 0001:00000724 0000001E C=CODE     S=.text    G=(none)   M=ActnList ACBP=A9
 0001:00000744 0000000E C=CODE     S=.text    G=(none)   M=Contnrs  ACBP=A9
 0001:00000754 0000000E C=CODE     S=.text    G=(none)   M=Math     ACBP=A9
 0001:00000764 0000001E C=CODE     S=.text    G=(none)   M=ImgList  ACBP=A9
 0001:00000784 00000038 C=CODE     S=.text    G=(none)   M=CommCtrl ACBP=A9
 0001:000007BC 0000013E C=CODE     S=.text    G=(none)   M=Forms    ACBP=A9
 0001:000008FC 0000000E C=CODE     S=.text    G=(none)   M=HelpIntfs ACBP=A9
 0001:0000090C 0000000E C=CODE     S=.text    G=(none)   M=MultiMon ACBP=A9
 0001:0000091C 00000038 C=CODE     S=.text    G=(none)   M=Imm      ACBP=A9
 0001:00000954 00000026 C=CODE     S=.text    G=(none)   M=Menus    ACBP=A9
 0001:0000097C 0000000E C=CODE     S=.text    G=(none)   M=WinHelpViewer ACBP=A9
 0001:0000098C 0000000E C=CODE     S=.text    G=(none)   M=StdActns ACBP=A9
 0001:0000099C 0000001E C=CODE     S=.text    G=(none)   M=Dialogs  ACBP=A9
 0001:000009BC 00000038 C=CODE     S=.text    G=(none)   M=ShlObj   ACBP=A9
 0001:000009F4 00000038 C=CODE     S=.text    G=(none)   M=UrlMon   ACBP=A9
 0001:00000A2C 00000038 C=CODE     S=.text    G=(none)   M=WinInet  ACBP=A9
 0001:00000A64 00000038 C=CODE     S=.text    G=(none)   M=RegStr   ACBP=A9
 0001:00000A9C 00000038 C=CODE     S=.text    G=(none)   M=ShellAPI ACBP=A9
 0001:00000AD4 0000000E C=CODE     S=.text    G=(none)   M=Printers ACBP=A9
 0001:00000AE4 00000038 C=CODE     S=.text    G=(none)   M=WinSpool ACBP=A9
 0001:00000B1C 0000000E C=CODE     S=.text    G=(none)   M=StdCtrls ACBP=A9
 0001:00000B2C 00000038 C=CODE     S=.text    G=(none)   M=CommDlg  ACBP=A9
 0001:00000B64 00000038 C=CODE     S=.text    G=(none)   M=Dlgs     ACBP=A9
 0001:00000B9C 0000000E C=CODE     S=.text    G=(none)   M=ExtCtrls ACBP=A9
 0001:00000BAC 0000000E C=CODE     S=.text    G=(none)   M=StrUtils ACBP=A9
 0001:00000BBC 0000000E C=CODE     S=.text    G=(none)   M=Clipbrd  ACBP=A9
 0001:00000BCC 0000000E C=CODE     S=.text    G=(none)   M=FlatSB   ACBP=A9
 0001:00000BDC 0000000E C=CODE     S=.text    G=(none)   M=Buttons  ACBP=A9
 0001:00000BEC 0000008E C=CODE     S=.text    G=(none)   M=Containers ACBP=A9
 0001:00000C7C 0000000E C=CODE     S=.text    G=(none)   M=MakeObjs ACBP=A9
 0001:00000C8C 0000000E C=CODE     S=.text    G=(none)   M=CodeMgr  ACBP=A9
 0001:00000C9C 0000001E C=CODE     S=.text    G=(none)   M=Events   ACBP=A9
 0001:00000CBC 0000000E C=CODE     S=.text    G=(none)   M=IniFiles ACBP=A9
 0001:00000CCC 0000000E C=CODE     S=.text    G=(none)   M=IDEModel ACBP=A9
 0001:00000CDC 0000000E C=CODE     S=.text    G=(none)   M=IDEEvent ACBP=A9
 0001:00000CEC 0000000E C=CODE     S=.text    G=(none)   M=IDEUtil  ACBP=A9
 0001:00000CFC 0000000E C=CODE     S=.text    G=(none)   M=IDEConst ACBP=A9
 0001:00000D0C 0000000E C=CODE     S=.text    G=(none)   M=ResUtils ACBP=A9
 0001:00000D1C 0000000E C=CODE     S=.text    G=(none)   M=OptIntf  ACBP=A9
 0001:00000D2C 0000000E C=CODE     S=.text    G=(none)   M=IDEHistoryManager ACBP=A9
 0001:00000D3C 0000000E C=CODE     S=.text    G=(none)   M=IDERegIniPropSet ACBP=A9
 0001:00000D4C 0000003E C=CODE     S=.text    G=(none)   M=Registry ACBP=A9
 0001:00000D8C 00000016 C=CODE     S=.text    G=(none)   M=IDEPropSet ACBP=A9
 0001:00000DA4 0000000E C=CODE     S=.text    G=(none)   M=Mask     ACBP=A9
 0001:00000DB4 0000000E C=CODE     S=.text    G=(none)   M=MaskUtils ACBP=A9
 0001:00000DC4 0000000E C=CODE     S=.text    G=(none)   M=PackageList ACBP=A9
 0001:00000DD4 00000016 C=CODE     S=.text    G=(none)   M=UIUtils  ACBP=A9
 0001:00000DEC 0000000E C=CODE     S=.text    G=(none)   M=VerInf   ACBP=A9
 0001:00000DFC 0000000E C=CODE     S=.text    G=(none)   M=ComTypes ACBP=A9
 0001:00000E0C 0000000E C=CODE     S=.text    G=(none)   M=DbkHelper ACBP=A9
 0001:00000E1C 0000000E C=CODE     S=.text    G=(none)   M=dbk_tlb  ACBP=A9
 0001:00000E2C 0000000E C=CODE     S=.text    G=(none)   M=StdVCL   ACBP=A9
 0001:00000E3C 0000000E C=CODE     S=.text    G=(none)   M=OleCtrls ACBP=A9
 0001:00000E4C 0000000E C=CODE     S=.text    G=(none)   M=AxCtrls  ACBP=A9
 0001:00000E5C 0000000E C=CODE     S=.text    G=(none)   M=ComObj   ACBP=A9
 0001:00000E6C 0000000E C=CODE     S=.text    G=(none)   M=ComConst ACBP=A9
 0001:00000E7C 0000000E C=CODE     S=.text    G=(none)   M=OleConst ACBP=A9
 0001:00000E8C 00000026 C=CODE     S=.text    G=(none)   M=ComCtrls ACBP=A9
 0001:00000EB4 0000000E C=CODE     S=.text    G=(none)   M=ListActns ACBP=A9
 0001:00000EC4 0000000E C=CODE     S=.text    G=(none)   M=ToolWin  ACBP=A9
 0001:00000ED4 00000038 C=CODE     S=.text    G=(none)   M=RichEdit ACBP=A9
 0001:00000F0C 0000000E C=CODE     S=.text    G=(none)   M=ExtActns ACBP=A9
 0001:00000F1C 0000000E C=CODE     S=.text    G=(none)   M=ExtDlgs  ACBP=A9
 0001:00000F2C 0000000E C=CODE     S=.text    G=(none)   M=Mapi     ACBP=A9
 0001:00000F3C 0000000E C=CODE     S=.text    G=(none)   M=ComStrs  ACBP=A9
 0001:00000F4C 0000000E C=CODE     S=.text    G=(none)   M=Grids    ACBP=A9
 0001:00000F5C 0000000E C=CODE     S=.text    G=(none)   M=IDEVersionInfo ACBP=A9
 0001:00000F6C 0000000E C=CODE     S=.text    G=(none)   M=AppStrs  ACBP=A9
 0001:00000F7C 0000000E C=CODE     S=.text    G=(none)   M=RegistryEx ACBP=A9
 0001:00000F8C 0000000E C=CODE     S=.text    G=(none)   M=AppConst ACBP=A9
 0001:00000F9C 0000000E C=CODE     S=.text    G=(none)   M=FileCtrl ACBP=A9
 0001:00000FAC 0000000E C=CODE     S=.text    G=(none)   M=EnvVariableFrame ACBP=A9
 0001:00000FBC 0000000E C=CODE     S=.text    G=(none)   M=EnvVariableEntry ACBP=A9
 0001:00000FCC 0000000E C=CODE     S=.text    G=(none)   M=ProjectMgr ACBP=A9
 0001:00000FDC 0000000E C=CODE     S=.text    G=(none)   M=IDEControl ACBP=A9
 0001:00000FEC 0000000E C=CODE     S=.text    G=(none)   M=IDEPeer  ACBP=A9
 0001:00000FFC 0000000E C=CODE     S=.text    G=(none)   M=IDEItem  ACBP=A9
 0001:0000100C 0000000E C=CODE     S=.text    G=(none)   M=IDEUIEvent ACBP=A9
 0001:0000101C 0000000E C=CODE     S=.text    G=(none)   M=IDEFixups ACBP=A9
 0001:0000102C 0000000E C=CODE     S=.text    G=(none)   M=IDEMulticast ACBP=A9
 0001:0000103C 0000000E C=CODE     S=.text    G=(none)   M=IDEMessages ACBP=A9
 0001:0000104C 0000000E C=CODE     S=.text    G=(none)   M=IDEViewImpl ACBP=A9
 0001:0000105C 0000000E C=CODE     S=.text    G=(none)   M=IDEUtil2 ACBP=A9
 0001:0000106C 0000000E C=CODE     S=.text    G=(none)   M=IDESubfocus ACBP=A9
 0001:0000107C 0000000E C=CODE     S=.text    G=(none)   M=IDESelection ACBP=A9
 0001:0000108C 0000000E C=CODE     S=.text    G=(none)   M=IDEModelEvent ACBP=A9
 0001:0000109C 0000000E C=CODE     S=.text    G=(none)   M=IDEViewManager ACBP=A9
 0001:000010AC 0000000E C=CODE     S=.text    G=(none)   M=IDEView  ACBP=A9
 0001:000010BC 0000000E C=CODE     S=.text    G=(none)   M=IDEItemEditors ACBP=A9
 0001:000010CC 0000000E C=CODE     S=.text    G=(none)   M=IDEItemPainters ACBP=A9
 0001:000010DC 0000000E C=CODE     S=.text    G=(none)   M=IDEGraphImpl ACBP=A9
 0001:000010EC 0000000E C=CODE     S=.text    G=(none)   M=IDEJgl   ACBP=A9
 0001:000010FC 0000000E C=CODE     S=.text    G=(none)   M=IDESelectionImpl ACBP=A9
 0001:0000110C 0000000E C=CODE     S=.text    G=(none)   M=IDESubfocusImpl ACBP=A9
 0001:0000111C 0000000E C=CODE     S=.text    G=(none)   M=IDEModelImpl ACBP=A9
 0001:0000112C 0000000E C=CODE     S=.text    G=(none)   M=IDEVectorImpl ACBP=A9
 0001:0000113C 0000000E C=CODE     S=.text    G=(none)   M=IDESingletonImpl ACBP=A9
 0001:0000114C 0000000E C=CODE     S=.text    G=(none)   M=IDEViewManagerImpl ACBP=A9
 0001:0000115C 0000001E C=CODE     S=.text    G=(none)   M=Modules  ACBP=A9
 0001:0000117C 0000000E C=CODE     S=.text    G=(none)   M=ComponentDesigner ACBP=A9
 0001:0000118C 0000000E C=CODE     S=.text    G=(none)   M=EditIntf ACBP=A9
 0001:0000119C 0000000E C=CODE     S=.text    G=(none)   M=VirtIntf ACBP=A9
 0001:000011AC 00000036 C=CODE     S=.text    G=(none)   M=ToolUtils ACBP=A9
 0001:000011E4 0000000E C=CODE     S=.text    G=(none)   M=DesignIntf ACBP=A9
 0001:000011F4 0000000E C=CODE     S=.text    G=(none)   M=DesignMenus ACBP=A9
 0001:00001204 0000000E C=CODE     S=.text    G=(none)   M=ToolsAPI ACBP=A9
 0001:00001214 0000000E C=CODE     S=.text    G=(none)   M=Update   ACBP=A9
 0001:00001224 0000000E C=CODE     S=.text    G=(none)   M=LibConst ACBP=A9
 0001:00001234 0000000E C=CODE     S=.text    G=(none)   M=DesignEditors ACBP=A9
 0001:00001244 0000000E C=CODE     S=.text    G=(none)   M=Proxies  ACBP=A9
 0001:00001254 0000000E C=CODE     S=.text    G=(none)   M=DesignConst ACBP=A9
 0001:00001264 0000000E C=CODE     S=.text    G=(none)   M=Designer ACBP=A9
 0001:00001274 0000000E C=CODE     S=.text    G=(none)   M=TopLevels ACBP=A9
 0001:00001284 0000000E C=CODE     S=.text    G=(none)   M=StFilSys ACBP=A9
 0001:00001294 0000000E C=CODE     S=.text    G=(none)   M=IStreams ACBP=A9
 0001:000012A4 0000000E C=CODE     S=.text    G=(none)   M=TreeIntf ACBP=A9
 0001:000012B4 0000000E C=CODE     S=.text    G=(none)   M=EditorViewSupport ACBP=A9
 0001:000012C4 0000000E C=CODE     S=.text    G=(none)   M=CompIntf ACBP=A9
 0001:000012D4 0000000E C=CODE     S=.text    G=(none)   M=ExplorerIntf ACBP=A9
 0001:000012E4 0000000E C=CODE     S=.text    G=(none)   M=Updaters ACBP=A9
 0001:000012F4 0000000E C=CODE     S=.text    G=(none)   M=Symbols  ACBP=A9
 0001:00001304 0000000E C=CODE     S=.text    G=(none)   M=Context  ACBP=A9
 0001:00001314 0000000E C=CODE     S=.text    G=(none)   M=ProjectIntf ACBP=A9
 0001:00001324 00000016 C=CODE     S=.text    G=(none)   M=ComInOut ACBP=A9
 0001:0000133C 0000000E C=CODE     S=.text    G=(none)   M=SyncObjs ACBP=A9
 0001:0000134C 0000000E C=CODE     S=.text    G=(none)   M=ComMgr   ACBP=A9
 0001:0000135C 0000000E C=CODE     S=.text    G=(none)   M=TypeLib  ACBP=A9
 0001:0000136C 0000000E C=CODE     S=.text    G=(none)   M=tlberror ACBP=A9
 0001:0000137C 0000000E C=CODE     S=.text    G=(none)   M=TlbConst ACBP=A9
 0001:0000138C 0000000E C=CODE     S=.text    G=(none)   M=regutl   ACBP=A9
 0001:0000139C 0000000E C=CODE     S=.text    G=(none)   M=TlbHash  ACBP=A9
 0001:000013AC 0000000E C=CODE     S=.text    G=(none)   M=tlbdebug ACBP=A9
 0001:000013BC 0000000E C=CODE     S=.text    G=(none)   M=guidutl  ACBP=A9
 0001:000013CC 0000000E C=CODE     S=.text    G=(none)   M=ComPlusUtl ACBP=A9
 0001:000013DC 0000000E C=CODE     S=.text    G=(none)   M=DTLWrite ACBP=A9
 0001:000013EC 0000000E C=CODE     S=.text    G=(none)   M=TlbWrite ACBP=A9
 0001:000013FC 0000000E C=CODE     S=.text    G=(none)   M=TlbUtils ACBP=A9
 0001:0000140C 0000000E C=CODE     S=.text    G=(none)   M=AgeCache ACBP=A9
 0001:0000141C 0000000E C=CODE     S=.text    G=(none)   M=StatIntf ACBP=A9
 0001:0000142C 0000000E C=CODE     S=.text    G=(none)   M=Creators ACBP=A9
 0001:0000143C 0000000E C=CODE     S=.text    G=(none)   M=Debug    ACBP=A9
 0001:0000144C 0000001E C=CODE     S=.text    G=(none)   M=IDEServices ACBP=A9
 0001:0000146C 0000000E C=CODE     S=.text    G=(none)   M=PakLoad  ACBP=A9
 0001:0000147C 0000000E C=CODE     S=.text    G=(none)   M=VEdOpts  ACBP=A9
 0001:0000148C 0000000E C=CODE     S=.text    G=(none)   M=EK       ACBP=A9
 0001:0000149C 0000000E C=CODE     S=.text    G=(none)   M=EdKrnl   ACBP=A9
 0001:000014AC 0000000E C=CODE     S=.text    G=(none)   M=VEdTypes ACBP=A9
 0001:000014BC 0000000E C=CODE     S=.text    G=(none)   M=IDEKbd   ACBP=A9
 0001:000014CC 00000016 C=CODE     S=.text    G=(none)   M=KbClient ACBP=A9
 0001:000014E4 00000016 C=CODE     S=.text    G=(none)   M=MsgLines ACBP=A9
 0001:000014FC 0000000E C=CODE     S=.text    G=(none)   M=MsgLinesIntf ACBP=A9
 0001:0000150C 0000000E C=CODE     S=.text    G=(none)   M=MsgViewForm ACBP=A9
 0001:0000151C 0000000E C=CODE     S=.text    G=(none)   M=DeskForm ACBP=A9
 0001:0000152C 0000000E C=CODE     S=.text    G=(none)   M=DeskStrs ACBP=A9
 0001:0000153C 0000000E C=CODE     S=.text    G=(none)   M=Tabs     ACBP=A9
 0001:0000154C 0000000E C=CODE     S=.text    G=(none)   M=MsgView  ACBP=A9
 0001:0000155C 0000000E C=CODE     S=.text    G=(none)   M=AppUtils ACBP=A9
 0001:0000156C 0000000E C=CODE     S=.text    G=(none)   M=Editors  ACBP=A9
 0001:0000157C 0000000E C=CODE     S=.text    G=(none)   M=IDEMenuAction ACBP=A9
 0001:0000158C 0000000E C=CODE     S=.text    G=(none)   M=IDEDockPanel ACBP=A9
 0001:0000159C 0000000E C=CODE     S=.text    G=(none)   M=TabDock  ACBP=A9
 0001:000015AC 0000000E C=CODE     S=.text    G=(none)   M=DockForm ACBP=A9
 0001:000015BC 0000000E C=CODE     S=.text    G=(none)   M=DeskUtil ACBP=A9
 0001:000015CC 0000000E C=CODE     S=.text    G=(none)   M=IDEDockCtrls ACBP=A9
 0001:000015DC 0000000E C=CODE     S=.text    G=(none)   M=BaseDock ACBP=A9
 0001:000015EC 0000000E C=CODE     S=.text    G=(none)   M=JoinDock ACBP=A9
 0001:000015FC 0000000E C=CODE     S=.text    G=(none)   M=IDETabControl ACBP=A9
 0001:0000160C 0000000E C=CODE     S=.text    G=(none)   M=BaseEnvironDialog ACBP=A9
 0001:0000161C 0000000E C=CODE     S=.text    G=(none)   M=IDEPropSheet ACBP=A9
 0001:0000162C 0000000E C=CODE     S=.text    G=(none)   M=BaseModExplorerForm ACBP=A9
 0001:0000163C 0000000E C=CODE     S=.text    G=(none)   M=EnvOptions ACBP=A9
 0001:0000164C 0000000E C=CODE     S=.text    G=(none)   M=AddInEnvOptions ACBP=A9
 0001:0000165C 0000000E C=CODE     S=.text    G=(none)   M=PakUtil  ACBP=A9
 0001:0000166C 0000000E C=CODE     S=.text    G=(none)   M=DocModul ACBP=A9
 0001:0000167C 0000000E C=CODE     S=.text    G=(none)   M=ToolIntf ACBP=A9
 0001:0000168C 0000000E C=CODE     S=.text    G=(none)   M=FileIntf ACBP=A9
 0001:0000169C 0000000E C=CODE     S=.text    G=(none)   M=VirtFile ACBP=A9
 0001:000016AC 0000000E C=CODE     S=.text    G=(none)   M=ToolMain ACBP=A9
 0001:000016BC 0000000E C=CODE     S=.text    G=(none)   M=Gallery  ACBP=A9
 0001:000016CC 0000000E C=CODE     S=.text    G=(none)   M=CmdConst ACBP=A9
 0001:000016DC 0000000E C=CODE     S=.text    G=(none)   M=EdTrackr ACBP=A9
 0001:000016EC 0000000E C=CODE     S=.text    G=(none)   M=EdProcs  ACBP=A9
 0001:000016FC 0000000E C=CODE     S=.text    G=(none)   M=EdToken  ACBP=A9
 0001:0000170C 0000000E C=CODE     S=.text    G=(none)   M=MsgWnds  ACBP=A9
 0001:0000171C 0000000E C=CODE     S=.text    G=(none)   M=FileFind ACBP=A9
 0001:0000172C 0000000E C=CODE     S=.text    G=(none)   M=DebugOpts ACBP=A9
 0001:0000173C 0000000E C=CODE     S=.text    G=(none)   M=ExprDlg  ACBP=A9
 0001:0000174C 0000000E C=CODE     S=.text    G=(none)   M=IDEPropCtrls ACBP=A9
 0001:0000175C 0000000E C=CODE     S=.text    G=(none)   M=ColorGrd ACBP=A9
 0001:0000176C 0000000E C=CODE     S=.text    G=(none)   M=EvalMod  ACBP=A9
 0001:0000177C 0000000E C=CODE     S=.text    G=(none)   M=DockToolForm ACBP=A9
 0001:0000178C 0000000E C=CODE     S=.text    G=(none)   M=IDECommandButton ACBP=A9
 0001:0000179C 0000000E C=CODE     S=.text    G=(none)   M=IDEIntf  ACBP=A9
 0001:000017AC 0000000E C=CODE     S=.text    G=(none)   M=ExptIntf ACBP=A9
 0001:000017BC 0000000E C=CODE     S=.text    G=(none)   M=DebugFindFile ACBP=A9
 0001:000017CC 0000000E C=CODE     S=.text    G=(none)   M=DataBPModify ACBP=A9
 0001:000017DC 0000000E C=CODE     S=.text    G=(none)   M=DataBPAdd ACBP=A9
 0001:000017EC 0000000E C=CODE     S=.text    G=(none)   M=AdrBPAdd ACBP=A9
 0001:000017FC 0000000E C=CODE     S=.text    G=(none)   M=Verify   ACBP=A9
 0001:0000180C 0000000E C=CODE     S=.text    G=(none)   M=ComDebug ACBP=A9
 0001:0000181C 0000000E C=CODE     S=.text    G=(none)   M=BPModify ACBP=A9
 0001:0000182C 0000000E C=CODE     S=.text    G=(none)   M=BPAdd    ACBP=A9
 0001:0000183C 0000000E C=CODE     S=.text    G=(none)   M=AdrBPModify ACBP=A9
 0001:0000184C 0000000E C=CODE     S=.text    G=(none)   M=GetAddr  ACBP=A9
 0001:0000185C 0000000E C=CODE     S=.text    G=(none)   M=DisView  ACBP=A9
 0001:0000186C 0000000E C=CODE     S=.text    G=(none)   M=PkgProjects ACBP=A9
 0001:0000187C 0000000E C=CODE     S=.text    G=(none)   M=Desktop  ACBP=A9
 0001:0000188C 0000000E C=CODE     S=.text    G=(none)   M=ProjectFrm ACBP=A9
 0001:0000189C 0000000E C=CODE     S=.text    G=(none)   M=TreeSearch ACBP=A9
 0001:000018AC 0000000E C=CODE     S=.text    G=(none)   M=PkgEditors ACBP=A9
 0001:000018BC 0000000E C=CODE     S=.text    G=(none)   M=PkgContainers ACBP=A9
 0001:000018CC 0000000E C=CODE     S=.text    G=(none)   M=CompHelp ACBP=A9
 0001:000018DC 0000000E C=CODE     S=.text    G=(none)   M=WinHelpTester ACBP=A9
 0001:000018EC 0000000E C=CODE     S=.text    G=(none)   M=HelpList ACBP=A9
 0001:000018FC 0000000E C=CODE     S=.text    G=(none)   M=PrintSel ACBP=A9
 0001:0000190C 0000000E C=CODE     S=.text    G=(none)   M=HelpSelector ACBP=A9
 0001:0000191C 0000000E C=CODE     S=.text    G=(none)   M=ComPrgrs ACBP=A9
 0001:0000192C 0000000E C=CODE     S=.text    G=(none)   M=Compiler ACBP=A9
 0001:0000193C 0000000E C=CODE     S=.text    G=(none)   M=PackageState ACBP=A9
 0001:0000194C 0000000E C=CODE     S=.text    G=(none)   M=PakMgr   ACBP=A9
 0001:0000195C 0000000E C=CODE     S=.text    G=(none)   M=ExpertReg ACBP=A9
 0001:0000196C 0000000E C=CODE     S=.text    G=(none)   M=CompList ACBP=A9
 0001:0000197C 0000000E C=CODE     S=.text    G=(none)   M=PalMgr   ACBP=A9
 0001:0000198C 0000000E C=CODE     S=.text    G=(none)   M=ViewDlg  ACBP=A9
 0001:0000199C 0000000E C=CODE     S=.text    G=(none)   M=Palettes ACBP=A9
 0001:000019AC 0000000E C=CODE     S=.text    G=(none)   M=PakWarn  ACBP=A9
 0001:000019BC 0000000E C=CODE     S=.text    G=(none)   M=AddRequires ACBP=A9
 0001:000019CC 0000000E C=CODE     S=.text    G=(none)   M=AddContainsRequiresBase ACBP=A9
 0001:000019DC 0000000E C=CODE     S=.text    G=(none)   M=PackageAddBase ACBP=A9
 0001:000019EC 0000000E C=CODE     S=.text    G=(none)   M=AddContains ACBP=A9
 0001:000019FC 0000000E C=CODE     S=.text    G=(none)   M=AddContainsRequires ACBP=A9
 0001:00001A0C 0000000E C=CODE     S=.text    G=(none)   M=PakAnaly ACBP=A9
 0001:00001A1C 0000000E C=CODE     S=.text    G=(none)   M=PakList  ACBP=A9
 0001:00001A2C 0000000E C=CODE     S=.text    G=(none)   M=CheckLst ACBP=A9
 0001:00001A3C 0000000E C=CODE     S=.text    G=(none)   M=PakRemRu ACBP=A9
 0001:00001A4C 0000000E C=CODE     S=.text    G=(none)   M=InstColl ACBP=A9
 0001:00001A5C 0000000E C=CODE     S=.text    G=(none)   M=Archiver ACBP=A9
 0001:00001A6C 0000000E C=CODE     S=.text    G=(none)   M=ZLib     ACBP=A9
 0001:00001A7C 0000000E C=CODE     S=.text    G=(none)   M=ZLibConst ACBP=A9
 0001:00001A8C 0000000E C=CODE     S=.text    G=(none)   M=PCEGlobs ACBP=A9
 0001:00001A9C 0000000E C=CODE     S=.text    G=(none)   M=PakCust  ACBP=A9
 0001:00001AAC 0000000E C=CODE     S=.text    G=(none)   M=PkgDir   ACBP=A9
 0001:00001ABC 0000000E C=CODE     S=.text    G=(none)   M=PakComp  ACBP=A9
 0001:00001ACC 0000000E C=CODE     S=.text    G=(none)   M=FileHist ACBP=A9
 0001:00001ADC 0000000E C=CODE     S=.text    G=(none)   M=ProjectItem ACBP=A9
 0001:00001AEC 0000000E C=CODE     S=.text    G=(none)   M=PrefOptDlg ACBP=A9
 0001:00001AFC 0000000E C=CODE     S=.text    G=(none)   M=ReposCfg ACBP=A9
 0001:00001B0C 0000000E C=CODE     S=.text    G=(none)   M=EditTpl  ACBP=A9
 0001:00001B1C 0000000E C=CODE     S=.text    G=(none)   M=Template ACBP=A9
 0001:00001B2C 0000000E C=CODE     S=.text    G=(none)   M=PrjTpl   ACBP=A9
 0001:00001B3C 0000000E C=CODE     S=.text    G=(none)   M=FormTpl  ACBP=A9
 0001:00001B4C 0000000E C=CODE     S=.text    G=(none)   M=PalEdit  ACBP=A9
 0001:00001B5C 0000000E C=CODE     S=.text    G=(none)   M=GalBrow  ACBP=A9
 0001:00001B6C 0000000E C=CODE     S=.text    G=(none)   M=ExptMain ACBP=A9
 0001:00001B7C 0000000E C=CODE     S=.text    G=(none)   M=ParserThread ACBP=A9
 0001:00001B8C 0000000E C=CODE     S=.text    G=(none)   M=EditMain ACBP=A9
 0001:00001B9C 0000000E C=CODE     S=.text    G=(none)   M=VcsMain  ACBP=A9
 0001:00001BAC 0000000E C=CODE     S=.text    G=(none)   M=VcsIntf  ACBP=A9
 0001:00001BBC 0000000E C=CODE     S=.text    G=(none)   M=NewFile  ACBP=A9
 0001:00001BCC 0000000E C=CODE     S=.text    G=(none)   M=DisComp  ACBP=A9
 0001:00001BDC 0000000E C=CODE     S=.text    G=(none)   M=SelectTh ACBP=A9
 0001:00001BEC 0000000E C=CODE     S=.text    G=(none)   M=WinMsg   ACBP=A9
 0001:00001BFC 0000000E C=CODE     S=.text    G=(none)   M=EdScript ACBP=A9
 0001:00001C0C 0000000E C=CODE     S=.text    G=(none)   M=GotoLine ACBP=A9
 0001:00001C1C 0000000E C=CODE     S=.text    G=(none)   M=VClient  ACBP=A9
 0001:00001C2C 0000000E C=CODE     S=.text    G=(none)   M=SrchPrgs ACBP=A9
 0001:00001C3C 0000000E C=CODE     S=.text    G=(none)   M=SrchDlg  ACBP=A9
 0001:00001C4C 0000000E C=CODE     S=.text    G=(none)   M=WinList  ACBP=A9
 0001:00001C5C 0000000E C=CODE     S=.text    G=(none)   M=BarFrm   ACBP=A9
 0001:00001C6C 0000000E C=CODE     S=.text    G=(none)   M=BottomBarFrm ACBP=A9
 0001:00001C7C 0000000E C=CODE     S=.text    G=(none)   M=RightBarFrm ACBP=A9
 0001:00001C8C 0000000E C=CODE     S=.text    G=(none)   M=LeftBarFrm ACBP=A9
 0001:00001C9C 0000000E C=CODE     S=.text    G=(none)   M=MainWorkFrm ACBP=A9
 0001:00001CAC 0000000E C=CODE     S=.text    G=(none)   M=WorkFrm  ACBP=A9
 0001:00001CBC 0000000E C=CODE     S=.text    G=(none)   M=PrintSes ACBP=A9
 0001:00001CCC 0000000E C=CODE     S=.text    G=(none)   M=PrintSts ACBP=A9
 0001:00001CDC 0000000E C=CODE     S=.text    G=(none)   M=OptStr   ACBP=A9
 0001:00001CEC 0000000E C=CODE     S=.text    G=(none)   M=RplcDlg  ACBP=A9
 0001:00001CFC 0000000E C=CODE     S=.text    G=(none)   M=FileMain ACBP=A9
 0001:00001D0C 0000000E C=CODE     S=.text    G=(none)   M=WorkspaceCrtrs ACBP=A9
 0001:00001D1C 0000001E C=CODE     S=.text    G=(none)   M=ProcessUtil ACBP=A9
 0001:00001D3C 0000000E C=CODE     S=.text    G=(none)   M=PipeUtil ACBP=A9
 0001:00001D4C 0000227F C=CODE     S=.text    G=(none)   M=IDEToolsUserTools ACBP=A9
 0001:00003FCC 00000684 C=CODE     S=.text    G=(none)   M=IDEToolsStream ACBP=A9
 0001:00004650 00000CB0 C=CODE     S=.text    G=(none)   M=IDEToolsEdit ACBP=A9
 0001:00005300 00000016 C=CODE     S=.text    G=(none)   M=InternalToolStream ACBP=A9
 0001:00005318 00001467 C=CODE     S=.text    G=(none)   M=IDEToolsBuildToolsDialog ACBP=A9
 0001:00006780 00000584 C=CODE     S=.text    G=(none)   M=IDEToolsCmds ACBP=A9
 0001:00006D04 000009B5 C=CODE     S=.text    G=(none)   M=IDETools ACBP=A9
 0002:00000000 00000028 C=DATA     S=.data    G=DGROUP   M=SysInit  ACBP=A9
 0002:00000028 00000040 C=DATA     S=.data    G=DGROUP   M=IDEToolsUserTools ACBP=A9
 0002:00001000 00000018 C=BSS      S=.bss     G=DGROUP   M=SysInit  ACBP=A9
 0002:00001018 00000004 C=BSS      S=.bss     G=DGROUP   M=Windows  ACBP=A9
 0002:0000101C 00000004 C=BSS      S=.bss     G=DGROUP   M=Messages ACBP=A9
 0002:00001020 00000004 C=BSS      S=.bss     G=DGROUP   M=CommCtrl ACBP=A9
 0002:00001024 00000004 C=BSS      S=.bss     G=DGROUP   M=Imm      ACBP=A9
 0002:00001028 00000004 C=BSS      S=.bss     G=DGROUP   M=ShlObj   ACBP=A9
 0002:0000102C 00000004 C=BSS      S=.bss     G=DGROUP   M=UrlMon   ACBP=A9
 0002:00001030 00000004 C=BSS      S=.bss     G=DGROUP   M=WinInet  ACBP=A9
 0002:00001034 00000004 C=BSS      S=.bss     G=DGROUP   M=RegStr   ACBP=A9
 0002:00001038 00000004 C=BSS      S=.bss     G=DGROUP   M=ShellAPI ACBP=A9
 0002:0000103C 00000004 C=BSS      S=.bss     G=DGROUP   M=WinSpool ACBP=A9
 0002:00001040 00000004 C=BSS      S=.bss     G=DGROUP   M=CommDlg  ACBP=A9
 0002:00001044 00000004 C=BSS      S=.bss     G=DGROUP   M=Dlgs     ACBP=A9
 0002:00001048 00000004 C=BSS      S=.bss     G=DGROUP   M=RichEdit ACBP=A9
 0002:0000104C 0000000C C=BSS      S=.bss     G=DGROUP   M=IDEToolsUserTools ACBP=A9
 0002:00001058 00000004 C=BSS      S=.bss     G=DGROUP   M=IDEToolsStream ACBP=A9
 0002:0000105C 00000008 C=BSS      S=.bss     G=DGROUP   M=IDEToolsEdit ACBP=A9
 0002:00001064 00000008 C=BSS      S=.bss     G=DGROUP   M=IDEToolsBuildToolsDialog ACBP=A9
 0002:0000106C 00000008 C=BSS      S=.bss     G=DGROUP   M=IDEToolsCmds ACBP=A9


  Address         Publics by Name

 0002:00001040       .1
 0002:00001028       .1
 0002:00001044       .1
 0002:00001020       .1
 0002:00001048       .1
 0002:00001034       .1
 0002:0000101C       .1
 0002:00001010       .1
 0002:00001030       .1
 0002:00001024       .1
 0002:00001038       .1
 0002:0000102C       .1
 0002:00001058       .1
 0002:0000106C       .2
 0002:00001068       .2
 0002:00001060       .2
 0002:00001018       .3
 0002:0000103C       .3
 0002:00001050       .4
 0001:00007694       @GetPackageInfoTable
 0001:00000320       @InitPkg
 0001:00000384       @PackageLoad
 0001:0000769C       @PackageLoad
 0001:000076A8       @PackageUnload
 0001:00000390       @PackageUnload
 0001:00006AE8       AddActionMenu
 0001:00000220       AllocTlsBuffer
 0002:00001064       BuildToolsDialog
 0001:000007B4       CommCtrl
 0001:00000B5C       CommDlg
 0001:00004534       DeleteTool
 0001:00000B94       Dlgs
 0001:00002F78       ExecuteMacro
 0001:00002D20       ExecuteMacroForMake
 0001:000002CC       ExitProcessTLS
 0001:000002A4       ExitThreadTLS
 0002:0000104C       FilterManager
 0001:00000A9C       Finalization
 0001:00000AE4       Finalization
 0001:00000A64       Finalization
 0001:000052C8       Finalization
 0001:00000A2C       Finalization
 0001:000009F4       Finalization
 0001:000009BC       Finalization
 0001:00000784       Finalization
 0001:00000B2C       Finalization
 0001:0000041C       Finalization
 0001:000003D4       Finalization
 0001:00006740       Finalization
 0001:0000039C       Finalization
 0001:00000B64       Finalization
 0001:00000ED4       Finalization
 0001:00006CC0       Finalization
 0001:00004618       Finalization
 0001:00003F2C       Finalization
 0001:0000091C       Finalization
 0001:00004960       FindTool
 0001:000001E8       FreeLibrary
 0001:000028B0       GetExtentionList
 0001:0000022C       GetTlsSize
 0002:0000100C       HInstance
 0001:00006C8C       IDERegister
 0001:000076B4       IDETools
 0001:00006770       IDEToolsBuildToolsDialog
 0001:00006CFC       IDEToolsCmds
 0001:000052F8       IDEToolsEdit
 0001:00004648       IDEToolsStream
 0001:00003F90       IDEToolsUserTools
 0001:0000094C       Imm
 0001:000002F0       InitializeModule
 0001:00006A78       InitIndecies
 0001:00000278       InitProcessTLS
 0001:00000234       InitThreadTLS
 0001:00004B24       IsTool
 0001:000001F0       LocalAlloc
 0001:000001F8       LocalFree
 0002:00000028       MacroList
 0001:0000044C       Messages
 0002:00000000       Module
 0002:00001000       ModuleIsLib
 0002:00001001       ModuleIsPackage
 0002:00001054       OTAID
 0002:00001070       ProductStartup
 0001:00003FCC       ReadTools
 0001:00000A94       RegStr
 0001:00000F04       RichEdit
 0001:00000ACC       ShellAPI
 0001:000009EC       ShlObj
 0001:000003CC       SysInit
 0001:00005A6C       TBuildToolsDialog.AddButtonClick
 0001:00006408       TBuildToolsDialog.DelButtonClick
 0001:00005E48       TBuildToolsDialog.EditButtonClick
 0001:00005C4C       TBuildToolsDialog.EditInternalTool
 0001:00006268       TBuildToolsDialog.FormCreate
 0001:00006630       TBuildToolsDialog.HelpButtonClick
 0001:00006648       TBuildToolsDialog.ItemListClick
 0001:00002600       TFilterManager.AddNotifier
 0001:0000242C       TFilterManager.FindFilter
 0001:00002520       TFilterManager.GetNames
 0001:0000289C       TFilterManager.RemoveFilters
 0001:00002730       TFilterManager.RemoveNotifier
 0001:00006CA0       TIDEToolsCommands.BuildToolsExecute
 0001:00000200       TlsAlloc
 0002:00001014       tlsBuffer
 0001:00000208       TlsFree
 0001:00000210       TlsGetValue
 0002:00001004       TlsIndex
 0002:FFBF7000       TlsLast
 0002:00000018       TlsProc
 0001:00000218       TlsSetValue
 0002:0000105C       ToolsEdit
 0001:00006994       TProductStartup.Create
 0001:000069DC       TProductStartup.Destroy
 0001:00006A1C       TProductStartup.Notification
 0001:00006B84       TProductStartup.ProductStartup
 0001:000023C0       TStdToolModuleContainer.CreateLocalMenu
 0001:000052B0       TToolsEdit.bHelpClick
 0001:00005198       TToolsEdit.bInsertClick
 0001:000052A8       TToolsEdit.bMacroClick
 0001:00004CA8       TToolsEdit.bOkClick
 0001:00004A38       TToolsEdit.Create
 0001:00005148       TToolsEdit.FormCreate
 0001:0000522C       TToolsEdit.ToggleMacro
 0001:00002BB4       TUserTool.CanHandle
 0001:00003CC4       TUserTool.CanHandleItem
 0001:0000351C       TUserTool.Compile
 0001:0000294C       TUserTool.Create
 0001:00002A88       TUserTool.CreateContainer
 0001:00002C80       TUserTool.DefaultFor
 0001:00002A54       TUserTool.Destroy
 0001:00003D8C       TUserTool.Execute
 0001:00003174       TUserTool.ExpandMacro
 0001:000039E0       TUserTool.GetCommand
 0001:00002C6C       TUserTool.GetContainerId
 0001:000039F4       TUserTool.GetDefaultExt
 0001:00003A08       TUserTool.GetFilter
 0001:00003A1C       TUserTool.GetFilterName
 0001:00003A30       TUserTool.GetGeneratedExt
 0001:00003E5C       TUserTool.GetMenuCaption
 0001:00003A44       TUserTool.GetOtherExt
 0001:00003A58       TUserTool.GetTitle
 0001:00003E74       TUserTool.MakeCommand
 0001:00003E70       TUserTool.MakeDefaultExtList
 0001:00003ED4       TUserTool.MakeGeneratedExt
 0001:00003A6C       TUserTool.SetCommand
 0001:00003AB8       TUserTool.SetDefaultExt
 0001:00003B10       TUserTool.SetFilter
 0001:00003B5C       TUserTool.SetFilterName
 0001:00003BD4       TUserTool.SetGeneratedExt
 0001:00003C20       TUserTool.SetOtherExt
 0001:00003C78       TUserTool.SetTitle
 0001:0000397C       TUserTool.ShouldBuild
 0001:000002FC       UninitializeModule
 0001:000055C4       UpdateDefaults
 0001:00000A24       UrlMon
 0001:00000404       Windows
 0001:00000A5C       WinInet
 0001:00000B14       WinSpool
 0001:00004320       WriteTool
 0001:00004278       WriteTools


  Address         Publics by Value

 0002:FFBF7000       TlsLast
 0001:000001E8       FreeLibrary
 0001:000001F0       LocalAlloc
 0001:000001F8       LocalFree
 0001:00000200       TlsAlloc
 0001:00000208       TlsFree
 0001:00000210       TlsGetValue
 0001:00000218       TlsSetValue
 0001:00000220       AllocTlsBuffer
 0001:0000022C       GetTlsSize
 0001:00000234       InitThreadTLS
 0001:00000278       InitProcessTLS
 0001:000002A4       ExitThreadTLS
 0001:000002CC       ExitProcessTLS
 0001:000002F0       InitializeModule
 0001:000002FC       UninitializeModule
 0001:00000320       @InitPkg
 0001:00000384       @PackageLoad
 0001:00000390       @PackageUnload
 0001:0000039C       Finalization
 0001:000003CC       SysInit
 0001:000003D4       Finalization
 0001:00000404       Windows
 0001:0000041C       Finalization
 0001:0000044C       Messages
 0001:00000784       Finalization
 0001:000007B4       CommCtrl
 0001:0000091C       Finalization
 0001:0000094C       Imm
 0001:000009BC       Finalization
 0001:000009EC       ShlObj
 0001:000009F4       Finalization
 0001:00000A24       UrlMon
 0001:00000A2C       Finalization
 0001:00000A5C       WinInet
 0001:00000A64       Finalization
 0001:00000A94       RegStr
 0001:00000A9C       Finalization
 0001:00000ACC       ShellAPI
 0001:00000AE4       Finalization
 0001:00000B14       WinSpool
 0001:00000B2C       Finalization
 0001:00000B5C       CommDlg
 0001:00000B64       Finalization
 0001:00000B94       Dlgs
 0001:00000ED4       Finalization
 0001:00000F04       RichEdit
 0001:000023C0       TStdToolModuleContainer.CreateLocalMenu
 0001:0000242C       TFilterManager.FindFilter
 0001:00002520       TFilterManager.GetNames
 0001:00002600       TFilterManager.AddNotifier
 0001:00002730       TFilterManager.RemoveNotifier
 0001:0000289C       TFilterManager.RemoveFilters
 0001:000028B0       GetExtentionList
 0001:0000294C       TUserTool.Create
 0001:00002A54       TUserTool.Destroy
 0001:00002A88       TUserTool.CreateContainer
 0001:00002BB4       TUserTool.CanHandle
 0001:00002C6C       TUserTool.GetContainerId
 0001:00002C80       TUserTool.DefaultFor
 0001:00002D20       ExecuteMacroForMake
 0001:00002F78       ExecuteMacro
 0001:00003174       TUserTool.ExpandMacro
 0001:0000351C       TUserTool.Compile
 0001:0000397C       TUserTool.ShouldBuild
 0001:000039E0       TUserTool.GetCommand
 0001:000039F4       TUserTool.GetDefaultExt
 0001:00003A08       TUserTool.GetFilter
 0001:00003A1C       TUserTool.GetFilterName
 0001:00003A30       TUserTool.GetGeneratedExt
 0001:00003A44       TUserTool.GetOtherExt
 0001:00003A58       TUserTool.GetTitle
 0001:00003A6C       TUserTool.SetCommand
 0001:00003AB8       TUserTool.SetDefaultExt
 0001:00003B10       TUserTool.SetFilter
 0001:00003B5C       TUserTool.SetFilterName
 0001:00003BD4       TUserTool.SetGeneratedExt
 0001:00003C20       TUserTool.SetOtherExt
 0001:00003C78       TUserTool.SetTitle
 0001:00003CC4       TUserTool.CanHandleItem
 0001:00003D8C       TUserTool.Execute
 0001:00003E5C       TUserTool.GetMenuCaption
 0001:00003E70       TUserTool.MakeDefaultExtList
 0001:00003E74       TUserTool.MakeCommand
 0001:00003ED4       TUserTool.MakeGeneratedExt
 0001:00003F2C       Finalization
 0001:00003F90       IDEToolsUserTools
 0001:00003FCC       ReadTools
 0001:00004278       WriteTools
 0001:00004320       WriteTool
 0001:00004534       DeleteTool
 0001:00004618       Finalization
 0001:00004648       IDEToolsStream
 0001:00004960       FindTool
 0001:00004A38       TToolsEdit.Create
 0001:00004B24       IsTool
 0001:00004CA8       TToolsEdit.bOkClick
 0001:00005148       TToolsEdit.FormCreate
 0001:00005198       TToolsEdit.bInsertClick
 0001:0000522C       TToolsEdit.ToggleMacro
 0001:000052A8       TToolsEdit.bMacroClick
 0001:000052B0       TToolsEdit.bHelpClick
 0001:000052C8       Finalization
 0001:000052F8       IDEToolsEdit
 0001:000055C4       UpdateDefaults
 0001:00005A6C       TBuildToolsDialog.AddButtonClick
 0001:00005C4C       TBuildToolsDialog.EditInternalTool
 0001:00005E48       TBuildToolsDialog.EditButtonClick
 0001:00006268       TBuildToolsDialog.FormCreate
 0001:00006408       TBuildToolsDialog.DelButtonClick
 0001:00006630       TBuildToolsDialog.HelpButtonClick
 0001:00006648       TBuildToolsDialog.ItemListClick
 0001:00006740       Finalization
 0001:00006770       IDEToolsBuildToolsDialog
 0001:00006994       TProductStartup.Create
 0001:000069DC       TProductStartup.Destroy
 0001:00006A1C       TProductStartup.Notification
 0001:00006A78       InitIndecies
 0001:00006AE8       AddActionMenu
 0001:00006B84       TProductStartup.ProductStartup
 0001:00006C8C       IDERegister
 0001:00006CA0       TIDEToolsCommands.BuildToolsExecute
 0001:00006CC0       Finalization
 0001:00006CFC       IDEToolsCmds
 0001:00007694       @GetPackageInfoTable
 0001:0000769C       @PackageLoad
 0001:000076A8       @PackageUnload
 0001:000076B4       IDETools
 0002:00000000       Module
 0002:00000018       TlsProc
 0002:00000028       MacroList
 0002:00001000       ModuleIsLib
 0002:00001001       ModuleIsPackage
 0002:00001004       TlsIndex
 0002:0000100C       HInstance
 0002:00001010       .1
 0002:00001014       tlsBuffer
 0002:00001018       .3
 0002:0000101C       .1
 0002:00001020       .1
 0002:00001024       .1
 0002:00001028       .1
 0002:0000102C       .1
 0002:00001030       .1
 0002:00001034       .1
 0002:00001038       .1
 0002:0000103C       .3
 0002:00001040       .1
 0002:00001044       .1
 0002:00001048       .1
 0002:0000104C       FilterManager
 0002:00001050       .4
 0002:00001054       OTAID
 0002:00001058       .1
 0002:0000105C       ToolsEdit
 0002:00001060       .2
 0002:00001064       BuildToolsDialog
 0002:00001068       .2
 0002:0000106C       .2
 0002:00001070       ProductStartup


Line numbers for IDEToolsUserTools(..\ui\IDEToolsUserTools.pas) segment .text

    70 0001:00001D4C    80 0001:000020B0   134 0001:000023C0   135 0001:000023E5
   136 0001:000023F1   137 0001:00002425   143 0001:0000242C   144 0001:0000245F
   145 0001:00002467   147 0001:0000247C   148 0001:000024A9   150 0001:000024C3
   151 0001:000024CE   153 0001:000024D0   145 0001:000024D1   154 0001:00002509
   160 0001:00002520   161 0001:00002542   163 0001:00002557   164 0001:00002584
   165 0001:0000259A   161 0001:0000259B   166 0001:0000259E   167 0001:000025E8
   174 0001:00002600   175 0001:00002622   176 0001:00002632   177 0001:0000264C
   178 0001:00002665   179 0001:00002696   180 0001:000026BD   177 0001:000026C8
   181 0001:00002708   188 0001:00002730   189 0001:00002756   191 0001:0000279F
   192 0001:000027B8   193 0001:000027E9   194 0001:00002810   191 0001:0000281B
   195 0001:0000281E   196 0001:00002873   200 0001:0000289C   201 0001:000028AC
   204 0001:000028B0   205 0001:000028D0   206 0001:00002907   210 0001:0000294C
   211 0001:000029A3   212 0001:000029B2   213 0001:000029C1   214 0001:000029CB
   215 0001:000029D5   216 0001:000029DF   217 0001:000029E9   218 0001:000029F3
   219 0001:000029FD   220 0001:00002A4D   223 0001:00002A54   224 0001:00002A5F
   225 0001:00002A67   226 0001:00002A6F   227 0001:00002A82   232 0001:00002A88
   233 0001:00002ABA   234 0001:00002AC1   236 0001:00002AC9   240 0001:00002B35
   241 0001:00002B9A   247 0001:00002BB4   248 0001:00002BD8   249 0001:00002BDC
   250 0001:00002BE6   252 0001:00002BEC   253 0001:00002C02   254 0001:00002C17
   256 0001:00002C36   257 0001:00002C3A   258 0001:00002C3C   253 0001:00002C3D
   259 0001:00002C65   262 0001:00002C6C   263 0001:00002C72   264 0001:00002C7C
   269 0001:00002C80   270 0001:00002CA5   271 0001:00002CBA   270 0001:00002CE6
   272 0001:00002D0B   279 0001:00002D20   280 0001:00002D5D   281 0001:00002D6C
   282 0001:00002D7C   285 0001:00002DB1   286 0001:00002DB5   288 0001:00002DC4
   290 0001:00002DD5   293 0001:00002DE4   294 0001:00002DE8   296 0001:00002DF7
   298 0001:00002E08   299 0001:00002E16   300 0001:00002E24   303 0001:00002E2D
   304 0001:00002E31   306 0001:00002E68   310 0001:00002E76   311 0001:00002E7A
   313 0001:00002E86   316 0001:00002E8D   317 0001:00002E9D   318 0001:00002EE7
   325 0001:00002F78   326 0001:00002FAE   327 0001:00002FE2   328 0001:00002FF1
   329 0001:00003000   332 0001:0000300F   333 0001:00003021   337 0001:00003045
   338 0001:00003057   342 0001:00003075   343 0001:0000307C   344 0001:00003084
   345 0001:00003088   349 0001:00003096   353 0001:000030CC   354 0001:000030DB
   355 0001:000030DF   357 0001:000030EB   360 0001:000030F2   361 0001:00003102
   362 0001:00003144   372 0001:00003174   373 0001:000031C0   374 0001:000031C6
   376 0001:000031D3   377 0001:000031DE   378 0001:000031ED   380 0001:000031F1
   381 0001:000031FC   384 0001:00003201   385 0001:00003209   387 0001:00003211
   389 0001:00003221   391 0001:0000322A   392 0001:0000324B   396 0001:00003260
   397 0001:00003282   398 0001:0000328B   400 0001:0000329D   401 0001:000032AC
   404 0001:000032B5   405 0001:000032B9   406 0001:000032CB   408 0001:000032E8
   409 0001:000032EC   410 0001:000032EE   405 0001:000032EF   411 0001:000032F2
   413 0001:000032FC   414 0001:00003302   416 0001:00003328   417 0001:0000334C
   418 0001:00003362   419 0001:00003376   420 0001:00003388   422 0001:0000338A
   401 0001:00003390   423 0001:0000339A   425 0001:000033A4   426 0001:000033B5
   427 0001:000033D6   428 0001:000033E7   430 0001:00003424   431 0001:00003434
   437 0001:00003469   438 0001:00003477   440 0001:0000347F   385 0001:0000348E
   442 0001:00003496   443 0001:0000349C   444 0001:000034E1   458 0001:0000351C
   459 0001:0000354F   461 0001:00003553   462 0001:0000355D   463 0001:00003565
   464 0001:00003573   465 0001:00003582   466 0001:00003590   467 0001:0000359E
   468 0001:000035AD   469 0001:000035BB   470 0001:000035C3   471 0001:000035EB
   472 0001:000035FD   473 0001:00003601   475 0001:00003610   471 0001:00003636
   476 0001:00003639   477 0001:00003651   478 0001:00003662   479 0001:0000367C
   480 0001:00003687   482 0001:0000368D   483 0001:000036A5   486 0001:000036CA
   488 0001:000036DA   489 0001:000036FB   490 0001:00003715   491 0001:0000373D
   492 0001:00003745   493 0001:00003750   494 0001:00003777   498 0001:0000379B
   499 0001:000037B0   498 0001:000037DB   500 0001:000037DE   501 0001:000037F3
   500 0001:0000381E   504 0001:0000383C   505 0001:0000383E   508 0001:0000386A
   511 0001:00003887   513 0001:000038EB   517 0001:0000397C   518 0001:00003995
   519 0001:000039D9   522 0001:000039E0   523 0001:000039E6   524 0001:000039F0
   527 0001:000039F4   528 0001:000039FA   529 0001:00003A04   532 0001:00003A08
   533 0001:00003A0E   534 0001:00003A18   537 0001:00003A1C   538 0001:00003A22
   539 0001:00003A2C   542 0001:00003A30   543 0001:00003A36   544 0001:00003A40
   547 0001:00003A44   548 0001:00003A4A   549 0001:00003A54   552 0001:00003A58
   553 0001:00003A5E   554 0001:00003A68   557 0001:00003A6C   558 0001:00003A8C
   559 0001:00003AB4   562 0001:00003AB8   563 0001:00003AD8   564 0001:00003AE3
   565 0001:00003B0B   568 0001:00003B10   569 0001:00003B30   570 0001:00003B58
   573 0001:00003B5C   574 0001:00003B83   575 0001:00003B8E   576 0001:00003BCD
   579 0001:00003BD4   580 0001:00003BF4   581 0001:00003C1C   584 0001:00003C20
   585 0001:00003C40   586 0001:00003C4B   587 0001:00003C73   590 0001:00003C78
   591 0001:00003C98   592 0001:00003CC0   598 0001:00003CC4   599 0001:00003CE8
   600 0001:00003CF5   602 0001:00003CFB   603 0001:00003D05   605 0001:00003D0B
   606 0001:00003D21   607 0001:00003D36   609 0001:00003D55   610 0001:00003D59
   611 0001:00003D5B   606 0001:00003D5C   612 0001:00003D84   615 0001:00003D8C
   617 0001:00003DC1   618 0001:00003DDE   619 0001:00003DF2   621 0001:00003E42
   624 0001:00003E5C   625 0001:00003E62   626 0001:00003E6B   630 0001:00003E70
   631 0001:00003E73   634 0001:00003E74   635 0001:00003E97   636 0001:00003ECB
   639 0001:00003ED4   640 0001:00003EDA   641 0001:00003EE4   651 0001:00003F2C
   652 0001:00003F4F   653 0001:00003F59   655 0001:00003F8D   646 0001:00003F90
   647 0001:00003FA3   648 0001:00003FB4   650 0001:00003FCA

Line numbers for IDEToolsStream(..\ui\IDEToolsStream.pas) segment .text

    36 0001:00003FCC    37 0001:00003FED    38 0001:0000401D    39 0001:0000402B
    40 0001:0000403A    41 0001:00004048    42 0001:00004053    44 0001:00004069
    45 0001:0000408C    46 0001:000040AF    47 0001:000040D2    48 0001:000040F5
    49 0001:00004118    50 0001:0000413B    53 0001:00004173    42 0001:00004174
    55 0001:00004188    58 0001:000041A5    60 0001:000041E4    66 0001:00004278
    67 0001:0000428F    68 0001:000042A8    69 0001:000042D9    67 0001:000042E2
    70 0001:0000430A    75 0001:00004320    76 0001:00004348    77 0001:00004378
    78 0001:00004386    80 0001:000043A6    81 0001:000043C4    82 0001:000043E2
    83 0001:00004400    84 0001:0000441E    85 0001:0000443C    89 0001:00004467
    91 0001:000044A1    96 0001:00004534    97 0001:0000455B    98 0001:0000458B
    99 0001:00004599   101 0001:000045BC   103 0001:000045F6   105 0001:00004648
   105 0001:0000464F

Line numbers for IDEToolsEdit(..\ui\IDEToolsEdit.pas) segment .text

    65 0001:00004960    66 0001:00004987    67 0001:000049A0    69 0001:000049E7
    66 0001:000049E8    70 0001:000049EB    71 0001:00004A1F    75 0001:00004A38
    76 0001:00004A66    77 0001:00004A71    78 0001:00004A7A    79 0001:00004A83
    80 0001:00004A91    82 0001:00004A9A    83 0001:00004AA7    84 0001:00004AB4
    85 0001:00004AC1    86 0001:00004ACE    87 0001:00004ADB    89 0001:00004B1C
   102 0001:00004B24   103 0001:00004B4D   104 0001:00004B4F   106 0001:00004B6C
   109 0001:00004BB5   112 0001:00004C0E   104 0001:00004C0F   113 0001:00004C16
   114 0001:00004C6F   116 0001:00004CA8   117 0001:00004CCB   118 0001:00004CD6
   120 0001:00004CED   121 0001:00004D02   123 0001:00004D07   125 0001:00004D30
   126 0001:00004D45   128 0001:00004D4A   130 0001:00004D65   131 0001:00004D74
   132 0001:00004D82   133 0001:00004D9E   134 0001:00004DAE   136 0001:00004DC4
   137 0001:00004DF3   139 0001:00004E2C   142 0001:00004EBB   143 0001:00004ED2
   145 0001:00004F05   147 0001:00004F51   150 0001:00004F5B   151 0001:00004F72
   153 0001:00004FA8   154 0001:00005001   134 0001:00005002   156 0001:00005016
   159 0001:00005026   160 0001:00005117   165 0001:00005148   166 0001:0000514E
   167 0001:00005155   168 0001:0000515C   169 0001:00005164   171 0001:00005177
   172 0001:00005180   173 0001:0000518B   168 0001:0000518E   174 0001:00005192
   179 0001:00005198   180 0001:000051B2   181 0001:000051BF   182 0001:000051C3
   183 0001:00005217   186 0001:0000522C   187 0001:0000522F   189 0001:00005238
   190 0001:0000524E   191 0001:0000525B   195 0001:0000526A   196 0001:0000527B
   197 0001:00005288   199 0001:00005295   200 0001:000052A3   204 0001:000052A8
   205 0001:000052AD   209 0001:000052B0   210 0001:000052C4   212 0001:000052F8
   212 0001:000052FF

Line numbers for IDEToolsBuildToolsDialog(..\ui\IDEToolsBuildToolsDialog.pas) segment .text

    55 0001:000055C4    56 0001:00005609    57 0001:00005618    58 0001:00005626
    59 0001:00005643    61 0001:0000565F    62 0001:0000568F    64 0001:0000569B
    66 0001:000056A5    67 0001:000056AD    68 0001:000056B5    69 0001:000056C4
    70 0001:000056D2    71 0001:000056ED    72 0001:00005715    73 0001:00005730
    74 0001:00005758    75 0001:00005760    76 0001:00005772    77 0001:0000579E
    78 0001:000057A4    80 0001:000057C3    75 0001:000057E9    81 0001:000057EC
    82 0001:000057F2    83 0001:000057FD    84 0001:00005803    86 0001:0000581B
    89 0001:0000582B    90 0001:0000585B    59 0001:0000585E    91 0001:00005867
    92 0001:00005876    93 0001:00005884    94 0001:000058A1    96 0001:000058BD
    97 0001:000058C1    98 0001:000058D3   100 0001:000058FD   102 0001:00005901
    97 0001:00005902   103 0001:00005905   104 0001:0000590B   105 0001:00005938
    94 0001:0000593B   107 0001:00005951   110 0001:0000596E   112 0001:000059D5
   118 0001:00005A6C   119 0001:00005A8D   120 0001:00005AAA   121 0001:00005AB8
   122 0001:00005AD3   124 0001:00005AE5   126 0001:00005B70   127 0001:00005B85
   128 0001:00005BAA   129 0001:00005BD9   132 0001:00005BF4   134 0001:00005C36
   142 0001:00005C4C   143 0001:00005C75   144 0001:00005C87   146 0001:00005CA6
   147 0001:00005CC5   148 0001:00005CD3   149 0001:00005CEE   150 0001:00005CFF
   151 0001:00005D1B   153 0001:00005D26   154 0001:00005D44   155 0001:00005D62
   156 0001:00005D80   158 0001:00005D8E   159 0001:00005DAA   160 0001:00005DC3
   163 0001:00005DD8   166 0001:00005E32   174 0001:00005E48   175 0001:00005E69
   176 0001:00005EA7   179 0001:00005ED2   181 0001:00005ED8   182 0001:00005F02
   184 0001:00005F07   185 0001:00005F24   186 0001:00005F32   187 0001:00005F4D
   188 0001:00005F75   190 0001:00005FA5   191 0001:00005FC6   192 0001:00005FE2
   193 0001:00005FFE   194 0001:00006009   195 0001:00006025   196 0001:00006041
   197 0001:0000605D   199 0001:0000606F   200 0001:0000608B   201 0001:000060A7
   202 0001:000060C3   203 0001:000060DF   204 0001:000060FB   205 0001:00006129
   206 0001:00006145   207 0001:00006178   208 0001:000061A3   211 0001:000061B8
   213 0001:00006241   220 0001:00006268   221 0001:00006288   222 0001:000062A5
   223 0001:000062D6   224 0001:000062FA   225 0001:0000632B   221 0001:0000635E
   226 0001:00006365   227 0001:00006375   228 0001:000063D2   236 0001:00006408
   237 0001:00006428   238 0001:00006466   241 0001:00006491   243 0001:0000649B
   244 0001:000064B8   245 0001:000064D5   246 0001:00006506   248 0001:0000652D
   249 0001:00006535   251 0001:00006566   252 0001:00006575   254 0001:00006577
   244 0001:00006578   255 0001:0000657F   256 0001:0000659A   257 0001:000065A7
   258 0001:00006609   262 0001:00006630   263 0001:00006644   268 0001:00006648
   269 0001:00006662   270 0001:00006664   272 0001:000066CF   273 0001:000066D1
   274 0001:000066EE   275 0001:00006739   277 0001:00006770   278 0001:00006779
   280 0001:0000677E

Line numbers for IDEToolsCmds(..\ui\IDEToolsCmds.pas) segment .text

    49 0001:00006994    50 0001:000069A6    51 0001:000069AF    52 0001:000069D8
    55 0001:000069DC    56 0001:000069E7    57 0001:000069F9    58 0001:00006A01
    59 0001:00006A18    62 0001:00006A1C    63 0001:00006A25    64 0001:00006A30
    65 0001:00006A3A    66 0001:00006A3F    79 0001:00006A78    80 0001:00006A83
    81 0001:00006A92    82 0001:00006AAF    83 0001:00006AB9    84 0001:00006AC3
    85 0001:00006AD4    84 0001:00006ADD    86 0001:00006AE0    92 0001:00006AE8
    93 0001:00006AF4    94 0001:00006B0F    95 0001:00006B20    96 0001:00006B34
    98 0001:00006B38    99 0001:00006B52   100 0001:00006B68   102 0001:00006B7D
   104 0001:00006B84   105 0001:00006BA3   106 0001:00006BBF   107 0001:00006BC2
   108 0001:00006BD0   109 0001:00006BDA   110 0001:00006BE8   111 0001:00006C00
   113 0001:00006C29   114 0001:00006C31   115 0001:00006C39   117 0001:00006C66
   121 0001:00006C8C   122 0001:00006C9F   128 0001:00006CA0   129 0001:00006CBC
   134 0001:00006CC0   135 0001:00006CF8   131 0001:00006CFC   133 0001:00006D03

Line numbers for IDETools(IDETools.dpk) segment .text

    39 0001:000076B4

Bound resource files

IDEToolsEdit.dfm
IDEToolsBuildToolsDialog.dfm
IDEToolsCmds.dfm
IDETools.res
C:\DOCUME~1\~storm\LOCALS~1\Temp\dtfE063.tmp


Program entry point at 0001:000076B4
